Archive member included to satisfy reference by file (symbol)

build/cooja/contiki-ng-cooja.a(simEnvChange.o)
                              build/cooja/mtype463315858.o (simDontFallAsleep)
build/cooja/contiki-ng-cooja.a(cooja_mt.o)
                              build/cooja/mtype463315858.o (cooja_mt_start)
build/cooja/contiki-ng-cooja.a(cooja_mtarch.o)
                              build/cooja/contiki-ng-cooja.a(cooja_mt.o) (cooja_mtarch_start)
build/cooja/contiki-ng-cooja.a(rtimer-arch.o)
                              build/cooja/mtype463315858.o (rtimer_arch_check)
build/cooja/contiki-ng-cooja.a(beep.o)
                              build/cooja/mtype463315858.o (beep_interface)
build/cooja/contiki-ng-cooja.a(leds-arch.o)
                              build/cooja/mtype463315858.o (leds_interface)
build/cooja/contiki-ng-cooja.a(moteid.o)
                              build/cooja/mtype463315858.o (moteid_interface)
build/cooja/contiki-ng-cooja.a(pir-sensor.o)
                              build/cooja/mtype463315858.o (pir_interface)
build/cooja/contiki-ng-cooja.a(rs232.o)
                              build/cooja/mtype463315858.o (rs232_interface)
build/cooja/contiki-ng-cooja.a(vib-sensor.o)
                              build/cooja/mtype463315858.o (vib_interface)
build/cooja/contiki-ng-cooja.a(clock.o)
                              build/cooja/mtype463315858.o (clock_interface)
build/cooja/contiki-ng-cooja.a(cooja-log.o)
                              build/cooja/mtype463315858.o (simlog_interface)
build/cooja/contiki-ng-cooja.a(cfs-cooja.o)
                              build/cooja/mtype463315858.o (cfs_interface)
build/cooja/contiki-ng-cooja.a(cooja-radio.o)
                              build/cooja/mtype463315858.o (radio_interface)
build/cooja/contiki-ng-cooja.a(eeprom.o)
                              build/cooja/mtype463315858.o (eeprom_interface)
build/cooja/contiki-ng-cooja.a(random.o)
                              build/cooja/contiki-ng-cooja.a(moteid.o) (random_init)
build/cooja/contiki-ng-cooja.a(sensors.o)
                              build/cooja/contiki-ng-cooja.a(pir-sensor.o) (sensors_changed)
build/cooja/contiki-ng-cooja.a(leds.o)
                              build/cooja/contiki-ng-cooja.a(leds-arch.o) (leds_get)
build/cooja/contiki-ng-cooja.a(gpio-hal-arch.o)
                              build/cooja/contiki-ng-cooja.a(leds-arch.o) (gpio_hal_arch_register_pin_callback)
build/cooja/contiki-ng-cooja.a(buttons.o)
                              build/cooja/mtype463315858.o (button_interface)
build/cooja/contiki-ng-cooja.a(mqtt.o)
                              sensor-humidity.o (mqtt_register)
build/cooja/contiki-ng-cooja.a(contiki-main.o)
                              build/cooja/mtype463315858.o (main)
build/cooja/contiki-ng-cooja.a(autostart.o)
                              build/cooja/contiki-ng-cooja.a(contiki-main.o) (autostart_start)
build/cooja/contiki-ng-cooja.a(ctimer.o)
                              build/cooja/contiki-ng-cooja.a(contiki-main.o) (ctimer_init)
build/cooja/contiki-ng-cooja.a(energest.o)
                              build/cooja/contiki-ng-cooja.a(contiki-main.o) (energest_init)
build/cooja/contiki-ng-cooja.a(etimer.o)
                              build/cooja/contiki-ng-cooja.a(contiki-main.o) (etimer_process)
build/cooja/contiki-ng-cooja.a(log.o)
                              build/cooja/contiki-ng-cooja.a(contiki-main.o) (curr_log_level_main)
build/cooja/contiki-ng-cooja.a(node-id.o)
                              build/cooja/contiki-ng-cooja.a(contiki-main.o) (node_id)
build/cooja/contiki-ng-cooja.a(process.o)
                              build/cooja/contiki-ng-cooja.a(mqtt.o) (process_current)
build/cooja/contiki-ng-cooja.a(rtimer.o)
                              build/cooja/contiki-ng-cooja.a(contiki-main.o) (rtimer_init)
build/cooja/contiki-ng-cooja.a(timer.o)
                              build/cooja/contiki-ng-cooja.a(mqtt.o) (timer_set)
build/cooja/contiki-ng-cooja.a(list.o)
                              build/cooja/contiki-ng-cooja.a(mqtt.o) (list_init)
build/cooja/contiki-ng-cooja.a(button-hal.o)
                              sensor-humidity.o (button_hal_press_event)
build/cooja/contiki-ng-cooja.a(gpio-hal.o)
                              build/cooja/contiki-ng-cooja.a(button-hal.o) (gpio_hal_register_handler)
build/cooja/contiki-ng-cooja.a(serial-line.o)
                              build/cooja/contiki-ng-cooja.a(rs232.o) (serial_line_input_byte)
build/cooja/contiki-ng-cooja.a(linkaddr.o)
                              sensor-humidity.o (linkaddr_node_addr)
build/cooja/contiki-ng-cooja.a(netstack.o)
                              build/cooja/contiki-ng-cooja.a(contiki-main.o) (netstack_init)
build/cooja/contiki-ng-cooja.a(packetbuf.o)
                              build/cooja/contiki-ng-cooja.a(cooja-radio.o) (packetbuf_clear)
build/cooja/contiki-ng-cooja.a(queuebuf.o)
[...]
Memory Configuration

Name             Origin             Length             Attributes
*default*        0x0000000000000000 0xffffffffffffffff

Linker script and memory map

LOAD /usr/lib/gcc/x86_64-linux-gnu/11/../../../x86_64-linux-gnu/crti.o
LOAD /usr/lib/gcc/x86_64-linux-gnu/11/crtbeginS.o
LOAD sensor-humidity.o
LOAD build/cooja/mtype463315858.o
LOAD build/cooja/contiki-ng-cooja.a
LOAD /usr/lib/gcc/x86_64-linux-gnu/11/libgcc.a
LOAD /usr/lib/gcc/x86_64-linux-gnu/11/libgcc_s.so
START GROUP
LOAD /usr/lib/gcc/x86_64-linux-gnu/11/../../../x86_64-linux-gnu/libgcc_s.so.1
LOAD /usr/lib/gcc/x86_64-linux-gnu/11/libgcc.a
END GROUP
LOAD /usr/lib/gcc/x86_64-linux-gnu/11/../../../x86_64-linux-gnu/libc.so
START GROUP
LOAD /lib/x86_64-linux-gnu/libc.so.6
LOAD /usr/lib/x86_64-linux-gnu/libc_nonshared.a
LOAD /lib64/ld-linux-x86-64.so.2
END GROUP
LOAD /usr/lib/gcc/x86_64-linux-gnu/11/libgcc.a
LOAD /usr/lib/gcc/x86_64-linux-gnu/11/libgcc_s.so
START GROUP
LOAD /usr/lib/gcc/x86_64-linux-gnu/11/../../../x86_64-linux-gnu/libgcc_s.so.1
LOAD /usr/lib/gcc/x86_64-linux-gnu/11/libgcc.a
END GROUP
LOAD /usr/lib/gcc/x86_64-linux-gnu/11/crtendS.o
LOAD /usr/lib/gcc/x86_64-linux-gnu/11/../../../x86_64-linux-gnu/crtn.o
                0x00000000000002a8                . = (SEGMENT_START ("text-segment", 0x0) + SIZEOF_HEADERS)

.note.gnu.property
                0x00000000000002a8       0x20
 .note.gnu.property
                0x00000000000002a8       0x20 /usr/lib/gcc/x86_64-linux-gnu/11/../../../x86_64-linux-gnu/crti.o

.note.gnu.build-id
                0x00000000000002c8       0x24
 *(.note.gnu.build-id)
 .note.gnu.build-id
                0x00000000000002c8       0x24 /usr/lib/gcc/x86_64-linux-gnu/11/../../../x86_64-linux-gnu/crti.o

.hash
 *(.hash)

.gnu.hash       0x00000000000002f0     0x14c8
 *(.gnu.hash)
 .gnu.hash      0x00000000000002f0     0x14c8 /usr/lib/gcc/x86_64-linux-gnu/11/../../../x86_64-linux-gnu/crti.o

.dynsym         0x00000000000017b8     0x4158
 *(.dynsym)
 .dynsym        0x00000000000017b8     0x4158 /usr/lib/gcc/x86_64-linux-gnu/11/../../../x86_64-linux-gnu/crti.o

.dynstr         0x0000000000005910     0x310f
 *(.dynstr)
 .dynstr        0x0000000000005910     0x310f /usr/lib/gcc/x86_64-linux-gnu/11/../../../x86_64-linux-gnu/crti.o

.gnu.version    0x0000000000008a20      0x572
 *(.gnu.version)
 .gnu.version   0x0000000000008a20      0x572 /usr/lib/gcc/x86_64-linux-gnu/11/../../../x86_64-linux-gnu/crti.o

.gnu.version_d  0x0000000000008f98        0x0
 *(.gnu.version_d)
 .gnu.version_d
                0x0000000000008f98        0x0 /usr/lib/gcc/x86_64-linux-gnu/11/../../../x86_64-linux-gnu/crti.o

.gnu.version_r  0x0000000000008f98       0x40
 *(.gnu.version_r)
 .gnu.version_r
                0x0000000000008f98       0x40 /usr/lib/gcc/x86_64-linux-gnu/11/../../../x86_64-linux-gnu/crti.o

.rela.dyn       0x0000000000008fd8     0x1f08
 *(.rela.init)
 *(.rela.text .rela.text.* .rela.gnu.linkonce.t.*)
 .rela.text     0x0000000000008fd8        0x0 /usr/lib/gcc/x86_64-linux-gnu/11/../../../x86_64-linux-gnu/crti.o
 *(.rela.fini)
 *(.rela.rodata .rela.rodata.* .rela.gnu.linkonce.r.*)
 *(.rela.data .rela.data.* .rela.gnu.linkonce.d.*)
 .rela.data.rel.local
                0x0000000000008fd8      0x720 /usr/lib/gcc/x86_64-linux-gnu/11/../../../x86_64-linux-gnu/crti.o
 .rela.data.rel.ro
                0x00000000000096f8      0x288 /usr/lib/gcc/x86_64-linux-gnu/11/../../../x86_64-linux-gnu/crti.o
 .rela.data.rel
                0x0000000000009980      0x3a8 /usr/lib/gcc/x86_64-linux-gnu/11/../../../x86_64-linux-gnu/crti.o
 .rela.data.rel.ro.local
                0x0000000000009d28      0x5a0 /usr/lib/gcc/x86_64-linux-gnu/11/../../../x86_64-linux-gnu/crti.o
 *(.rela.tdata .rela.tdata.* .rela.gnu.linkonce.td.*)
 *(.rela.tbss .rela.tbss.* .rela.gnu.linkonce.tb.*)
 *(.rela.ctors)
 *(.rela.dtors)
 *(.rela.got)
 .rela.got      0x000000000000a2c8      0xbe8 /usr/lib/gcc/x86_64-linux-gnu/11/../../../x86_64-linux-gnu/crti.o
 *(.rela.bss .rela.bss.* .rela.gnu.linkonce.b.*)
 *(.rela.ldata .rela.ldata.* .rela.gnu.linkonce.l.*)
 *(.rela.lbss .rela.lbss.* .rela.gnu.linkonce.lb.*)
 *(.rela.lrodata .rela.lrodata.* .rela.gnu.linkonce.lr.*)
 *(.rela.ifunc)
 .rela.ifunc    0x000000000000aeb0        0x0 /usr/lib/gcc/x86_64-linux-gnu/11/../../../x86_64-linux-gnu/crti.o
 .rela.fini_array
                0x000000000000aeb0       0x18 /usr/lib/gcc/x86_64-linux-gnu/11/../../../x86_64-linux-gnu/crti.o
 .rela.init_array
                0x000000000000aec8       0x18 /usr/lib/gcc/x86_64-linux-gnu/11/../../../x86_64-linux-gnu/crti.o

.rela.plt       0x000000000000aee0     0x2388
 *(.rela.plt)
 .rela.plt      0x000000000000aee0     0x2388 /usr/lib/gcc/x86_64-linux-gnu/11/../../../x86_64-linux-gnu/crti.o
 *(.rela.iplt)

.relr.dyn
 *(.relr.dyn)
                0x000000000000e000                . = ALIGN (CONSTANT (MAXPAGESIZE))

.init           0x000000000000e000       0x1b
 *(SORT_NONE(.init))
 .init          0x000000000000e000       0x16 /usr/lib/gcc/x86_64-linux-gnu/11/../../../x86_64-linux-gnu/crti.o
                0x000000000000e000                _init
 .init          0x000000000000e016        0x5 /usr/lib/gcc/x86_64-linux-gnu/11/../../../x86_64-linux-gnu/crtn.o

.plt            0x000000000000e020     0x17c0
 *(.plt)
 .plt           0x000000000000e020     0x17c0 /usr/lib/gcc/x86_64-linux-gnu/11/../../../x86_64-linux-gnu/crti.o
 *(.iplt)

.plt.got        0x000000000000f7e0       0x30
 *(.plt.got)
 .plt.got       0x000000000000f7e0       0x30 /usr/lib/gcc/x86_64-linux-gnu/11/../../../x86_64-linux-gnu/crti.o

.plt.sec        0x000000000000f810     0x17b0
 *(.plt.sec)
 .plt.sec       0x000000000000f810     0x17b0 /usr/lib/gcc/x86_64-linux-gnu/11/../../../x86_64-linux-gnu/crti.o

.text           0x0000000000010fc0    0x21c58
 *(.text.unlikely .text.*_unlikely .text.unlikely.*)
 *(.text.exit .text.exit.*)
 *(.text.startup .text.startup.*)
 *(.text.hot .text.hot.*)
 *(SORT_BY_NAME(.text.sorted.*))
 *(.text .stub .text.* .gnu.linkonce.t.*)
 .text          0x0000000000010fc0        0x0 /usr/lib/gcc/x86_64-linux-gnu/11/../../../x86_64-linux-gnu/crti.o
 .text          0x0000000000010fc0       0xb9 /usr/lib/gcc/x86_64-linux-gnu/11/crtbeginS.o
 .text          0x0000000000011079      0xaf5 sensor-humidity.o
 .text          0x0000000000011b6e      0x374 build/cooja/mtype463315858.o
                0x0000000000011c24                platform_init_stage_one
                0x0000000000011c39                platform_init_stage_two
                0x0000000000011c4e                platform_init_stage_three
                0x0000000000011c63                platform_main_loop
                0x0000000000011cfd                JNI_OnLoad
                0x0000000000011d14                Java_org_contikios_cooja_corecomm_Lib9_init
                0x0000000000011d67                Java_org_contikios_cooja_corecomm_Lib9_getMemory
                0x0000000000011dc6                Java_org_contikios_cooja_corecomm_Lib9_setMemory
                0x0000000000011e25                Java_org_contikios_cooja_corecomm_Lib9_tick
                0x0000000000011eb3                Java_org_contikios_cooja_corecomm_Lib9_setReferenceAddress
 .text          0x0000000000011ee2       0x93 build/cooja/contiki-ng-cooja.a(simEnvChange.o)
                0x0000000000011ee2                doActionsBeforeTick
                0x0000000000011f2b                doActionsAfterTick
 .text          0x0000000000011f75       0xab build/cooja/contiki-ng-cooja.a(cooja_mt.o)
                0x0000000000011f75                cooja_mt_start
                0x0000000000011fb5                cooja_mt_exec
                0x0000000000011ff8                cooja_mt_yield
 .text          0x0000000000012020      0x10e build/cooja/contiki-ng-cooja.a(cooja_mtarch.o)
                0x0000000000012020                cooja_mtarch_start
                0x00000000000120c3                cooja_sw
                0x00000000000120f0                cooja_mtarch_exec
                0x000000000001211e                cooja_mtarch_yield
 .text          0x000000000001212e       0xcc build/cooja/contiki-ng-cooja.a(rtimer-arch.o)
                0x000000000001212e                rtimer_arch_init
                0x0000000000012154                rtimer_arch_schedule
                0x000000000001217e                rtimer_arch_next
                0x0000000000012192                rtimer_arch_pending
                0x00000000000121a5                rtimer_arch_check
                0x00000000000121e6                rtimer_arch_now
 .text          0x00000000000121fa       0xe6 build/cooja/contiki-ng-cooja.a(beep.o)
                0x00000000000121fa                beep_alarm
                0x0000000000012215                beep_beep
                0x000000000001222d                beep
                0x0000000000012242                beep_down
                0x000000000001225a                beep_on
                0x000000000001226f                beep_off
                0x0000000000012284                beep_spinup
                0x0000000000012299                beep_quick
                0x00000000000122b1                beep_long
 .text          0x00000000000122e0       0x80 build/cooja/contiki-ng-cooja.a(leds-arch.o)
                0x00000000000122f9                leds_arch_init
 .text          0x0000000000012360       0x41 build/cooja/contiki-ng-cooja.a(moteid.o)
 .text          0x00000000000123a1       0xfa build/cooja/contiki-ng-cooja.a(pir-sensor.o)
 .text          0x000000000001249b      0x18b build/cooja/contiki-ng-cooja.a(rs232.o)
                0x000000000001249b                rs232_init
                0x00000000000124a6                rs232_set_speed
                0x00000000000124b6                rs232_set_input
                0x00000000000124d0                rs232_send
                0x00000000000124ef                rs232_print
                0x000000000001251d                slip_arch_writeb
 .text          0x0000000000012626       0xfa build/cooja/contiki-ng-cooja.a(vib-sensor.o)
 .text          0x0000000000012720       0x6f build/cooja/contiki-ng-cooja.a(clock.o)
                0x0000000000012720                clock_init
                0x000000000001272b                clock_time
                0x000000000001273f                clock_seconds
                0x000000000001276b                clock_delay
 .text          0x000000000001278f      0x214 build/cooja/contiki-ng-cooja.a(cooja-log.o)
                0x000000000001278f                simlog_char
                0x00000000000127e9                simlog
                0x000000000001286e                log_message
                0x00000000000128b3                log_set_putchar_with_slip
                0x00000000000128ca                dbg_putchar
                0x000000000001294b                dbg_send_bytes
 .text          0x00000000000129a3      0x39b build/cooja/contiki-ng-cooja.a(cfs-cooja.o)
                0x00000000000129a3                cfs_open
                0x0000000000012a20                cfs_close
                0x0000000000012a35                cfs_read
                0x0000000000012afc                cfs_write
                0x0000000000012c0c                cfs_seek
                0x0000000000012cbb                cfs_remove
                0x0000000000012ceb                cfs_opendir
                0x0000000000012d02                cfs_readdir
                0x0000000000012d19                cfs_closedir
 .text          0x0000000000012d3e      0x79f build/cooja/contiki-ng-cooja.a(cooja-radio.o)
                0x0000000000012d9d                radio_set_channel
                0x0000000000012db7                radio_set_txpower
                0x0000000000012dd4                radio_signal_strength_last
                0x0000000000012de7                radio_signal_strength_current
                0x0000000000012dfa                radio_LQI
 .text          0x00000000000134dd      0x163 build/cooja/contiki-ng-cooja.a(eeprom.o)
                0x00000000000134dd                eeprom_init
                0x00000000000134ec                eeprom_read
                0x000000000001358b                eeprom_write
 .text          0x0000000000013640       0x2f build/cooja/contiki-ng-cooja.a(random.o)
                0x0000000000013640                random_init
                0x0000000000013660                random_rand
 .text          0x000000000001366f      0x35f build/cooja/contiki-ng-cooja.a(sensors.o)
                0x00000000000136b8                sensors_first
                0x00000000000136cc                sensors_next
                0x00000000000136fb                sensors_changed
                0x0000000000013748                sensors_find
 .text          0x00000000000139ce      0x3ad build/cooja/contiki-ng-cooja.a(leds.o)
                0x00000000000139ce                leds_init
                0x0000000000013a19                leds_single_on
                0x0000000000013a86                leds_single_off
                0x0000000000013af3                leds_single_toggle
                0x0000000000013b2b                leds_on
                0x0000000000013bbc                leds_off
                0x0000000000013c4d                leds_toggle
                0x0000000000013ca9                leds_set
                0x0000000000013cd2                leds_get
 .text          0x0000000000013d7b      0x41b build/cooja/contiki-ng-cooja.a(gpio-hal-arch.o)
                0x0000000000013d7b                gpio_hal_arch_register_pin_callback
                0x0000000000013e22                gpio_hal_arch_init
                0x0000000000013e78                gpio_hal_arch_no_port_interrupt_enable
                0x0000000000013ec5                gpio_hal_arch_no_port_interrupt_disable
                0x0000000000013f12                gpio_hal_arch_no_port_pin_cfg_set
                0x0000000000013f48                gpio_hal_arch_no_port_pin_cfg_get
                0x0000000000013f7c                gpio_hal_arch_no_port_pin_set_input
                0x0000000000013f8f                gpio_hal_arch_no_port_pin_set_output
                0x0000000000013fa2                gpio_hal_arch_no_port_set_pin
                0x0000000000013fc6                gpio_hal_arch_no_port_clear_pin
                0x0000000000013fea                gpio_hal_arch_no_port_read_pin
                0x0000000000014017                gpio_hal_arch_no_port_write_pin
                0x0000000000014041                gpio_hal_arch_no_port_set_pins
                0x0000000000014090                gpio_hal_arch_no_port_clear_pins
                0x00000000000140df                gpio_hal_arch_no_port_read_pins
                0x000000000001412d                gpio_hal_arch_no_port_write_pins
 .text          0x0000000000014196       0xa8 build/cooja/contiki-ng-cooja.a(buttons.o)
 .text          0x000000000001423e     0x3e29 build/cooja/contiki-ng-cooja.a(mqtt.o)
                0x00000000000146df                mqtt_decode_var_byte_int
                0x00000000000147e4                mqtt_encode_var_byte_int
                0x00000000000178cf                mqtt_init
                0x00000000000179a9                mqtt_register
                0x0000000000017a71                mqtt_connect
                0x0000000000017bb1                mqtt_disconnect
                0x0000000000017c02                mqtt_subscribe
                0x0000000000017d0b                mqtt_unsubscribe
                0x0000000000017e04                mqtt_publish
                0x0000000000017f3f                mqtt_set_username_password
                0x0000000000017ff0                mqtt_set_last_will
 .text          0x0000000000018067      0x400 build/cooja/contiki-ng-cooja.a(contiki-main.o)
                0x0000000000018067                main
 .text          0x0000000000018467       0xbd build/cooja/contiki-ng-cooja.a(autostart.o)
                0x0000000000018467                autostart_start
                0x00000000000184c8                autostart_exit
 .text          0x0000000000018524      0x441 build/cooja/contiki-ng-cooja.a(ctimer.o)
                0x0000000000018686                ctimer_init
                0x00000000000186bb                ctimer_set
                0x00000000000186ff                ctimer_set_with_process
                0x00000000000187b9                ctimer_reset
                0x000000000001882a                ctimer_restart
                0x000000000001889b                ctimer_stop
                0x00000000000188f9                ctimer_expired
 .text          0x0000000000018965       0x25 build/cooja/contiki-ng-cooja.a(energest.o)
                0x0000000000018965                energest_init
                0x0000000000018970                energest_flush
                0x000000000001897b                energest_get_total_time
 .text          0x000000000001898a      0x57c build/cooja/contiki-ng-cooja.a(etimer.o)
                0x0000000000018c32                etimer_request_poll
                0x0000000000018ce4                etimer_set
                0x0000000000018d1a                etimer_reset_with_new_interval
                0x0000000000018d55                etimer_reset
                0x0000000000018d80                etimer_restart
                0x0000000000018dab                etimer_adjust
                0x0000000000018ddc                etimer_expired
                0x0000000000018dfb                etimer_expiration_time
                0x0000000000018e1b                etimer_start_time
                0x0000000000018e30                etimer_pending
                0x0000000000018e4a                etimer_next_expiration_time
                0x0000000000018e6b                etimer_stop
 .text          0x0000000000018f06      0x539 build/cooja/contiki-ng-cooja.a(log.o)
                0x0000000000018f06                log_6addr
                0x0000000000018f6c                log_6addr_compact_snprint
                0x0000000000019047                log_6addr_compact
                0x00000000000190ad                log_lladdr
                0x000000000001912d                log_lladdr_compact
                0x00000000000191af                log_bytes
                0x000000000001920f                log_set_level
                0x000000000001931d                log_get_level
                0x00000000000193d4                log_level_to_str
 .text          0x000000000001943f       0x36 build/cooja/contiki-ng-cooja.a(node-id.o)
                0x000000000001943f                node_id_init
 .text          0x0000000000019475      0x673 build/cooja/contiki-ng-cooja.a(process.o)
                0x0000000000019475                process_alloc_event
                0x000000000001948f                process_start
                0x00000000000196ff                process_exit
                0x000000000001972b                process_init
                0x0000000000019922                process_run
                0x0000000000019957                process_nevents
                0x0000000000019977                process_post
                0x0000000000019a3f                process_post_synch
                0x0000000000019a8d                process_poll
                0x0000000000019aca                process_is_running
 .text          0x0000000000019ae8      0x101 build/cooja/contiki-ng-cooja.a(rtimer.o)
                0x0000000000019ae8                rtimer_init
                0x0000000000019af8                rtimer_set
                0x0000000000019b79                rtimer_run_next
 .text          0x0000000000019be9       0xfd build/cooja/contiki-ng-cooja.a(timer.o)
                0x0000000000019be9                timer_set
                0x0000000000019c18                timer_reset
                0x0000000000019c54                timer_restart
                0x0000000000019c73                timer_expired
                0x0000000000019cae                timer_remaining
 .text          0x0000000000019ce6      0x39b build/cooja/contiki-ng-cooja.a(list.o)
                0x0000000000019ce6                list_init
                0x0000000000019d00                list_head
                0x0000000000019d15                list_copy
                0x0000000000019d36                list_tail
                0x0000000000019d7f                list_add
                0x0000000000019de3                list_push
                0x0000000000019e26                list_chop
                0x0000000000019eb3                list_pop
                0x0000000000019eed                list_remove
                0x0000000000019f79                list_length
                0x0000000000019fb4                list_insert
                0x000000000001a017                list_item_next
                0x000000000001a03a                list_contains
 .text          0x000000000001a081      0x574 build/cooja/contiki-ng-cooja.a(button-hal.o)
                0x000000000001a24c                button_hal_get_by_id
                0x000000000001a29a                button_hal_get_by_index
                0x000000000001a2d1                button_hal_get_state
                0x000000000001a334                button_hal_init
 .text          0x000000000001a5f5      0x181 build/cooja/contiki-ng-cooja.a(gpio-hal.o)
                0x000000000001a5f5                gpio_hal_register_handler
                0x000000000001a61e                gpio_hal_event_handler
                0x000000000001a689                gpio_hal_init
                0x000000000001a6a8                gpio_hal_arch_port_toggle_pin
                0x000000000001a6df                gpio_hal_arch_port_toggle_pins
                0x000000000001a710                gpio_hal_arch_no_port_toggle_pin
                0x000000000001a74a                gpio_hal_arch_no_port_toggle_pins
 .text          0x000000000001a776      0x238 build/cooja/contiki-ng-cooja.a(serial-line.o)
                0x000000000001a776                serial_line_input_byte
                0x000000000001a971                serial_line_init
 .text          0x000000000001a9ae       0x80 build/cooja/contiki-ng-cooja.a(linkaddr.o)
                0x000000000001a9ae                linkaddr_copy
                0x000000000001a9cf                linkaddr_cmp
                0x000000000001aa05                linkaddr_set_node_addr
 .text          0x000000000001aa2e      0x12b build/cooja/contiki-ng-cooja.a(netstack.o)
                0x000000000001aa2e                netstack_process_ip_callback
                0x000000000001aacf                netstack_ip_packet_processor_add
                0x000000000001aaff                uip_ds6_ip_packet_processor_rm
                0x000000000001ab28                netstack_init
 .text          0x000000000001ab59      0x4a8 build/cooja/contiki-ng-cooja.a(packetbuf.o)
                0x000000000001ab59                packetbuf_clear
                0x000000000001ab87                packetbuf_copyfrom
                0x000000000001abe0                packetbuf_copyto
                0x000000000001ac86                packetbuf_hdralloc
                0x000000000001ad15                packetbuf_hdrreduce
                0x000000000001ad65                packetbuf_set_datalen
                0x000000000001ad81                packetbuf_dataptr
                0x000000000001ada6                packetbuf_hdrptr
                0x000000000001adb7                packetbuf_datalen
                0x000000000001adc8                packetbuf_hdrlen
                0x000000000001ade4                packetbuf_totlen
                0x000000000001ae06                packetbuf_remaininglen
                0x000000000001ae1e                packetbuf_attr_clear
                0x000000000001ae83                packetbuf_attr_copyto
                0x000000000001aece                packetbuf_attr_copyfrom
                0x000000000001af19                packetbuf_set_attr
                0x000000000001af49                packetbuf_attr
                0x000000000001af6a                packetbuf_set_addr
                0x000000000001afb0                packetbuf_addr
                0x000000000001afda                packetbuf_holds_broadcast
 .text          0x000000000001b001      0x382 build/cooja/contiki-ng-cooja.a(queuebuf.o)
                0x000000000001b016                queuebuf_init
                0x000000000001b03f                queuebuf_numfree
                0x000000000001b058                queuebuf_new_from_packetbuf
                0x000000000001b10b                queuebuf_update_attr_from_packetbuf
                0x000000000001b14e                queuebuf_update_from_packetbuf
                0x000000000001b1aa                queuebuf_free
                0x000000000001b206                queuebuf_to_packetbuf
                0x000000000001b27f                queuebuf_dataptr
                0x000000000001b2c6                queuebuf_datalen
                0x000000000001b2f6                queuebuf_addr
                0x000000000001b33d                queuebuf_attr
                0x000000000001b378                queuebuf_debug_print
 .text          0x000000000001b383      0x116 build/cooja/contiki-ng-cooja.a(printf.o)
                0x000000000001b3b8                log_printf
 .text          0x000000000001b499       0x1e build/cooja/contiki-ng-cooja.a(putchar.o)
                0x000000000001b499                log_putchar
 .text          0x000000000001b4b7       0x3d build/cooja/contiki-ng-cooja.a(puts.o)
                0x000000000001b4b7                log_puts
 .text          0x000000000001b4f4      0x1f8 build/cooja/contiki-ng-cooja.a(snprintf.o)
                0x000000000001b57f                log_snprintf
                0x000000000001b664                log_vsnprintf
 .text          0x000000000001b6ec      0x152 build/cooja/contiki-ng-cooja.a(sprintf.o)
                0x000000000001b737                log_sprintf
 .text          0x000000000001b83e     0x170b build/cooja/contiki-ng-cooja.a(strformat.o)
                0x000000000001bbb1                format_str
                0x000000000001bc92                format_str_v
 .text          0x000000000001cf49      0x292 build/cooja/contiki-ng-cooja.a(csma.o)
 .text          0x000000000001d1db     0x3747 build/cooja/contiki-ng-cooja.a(sicslowpan.o)
                0x000000000001d9b1                netstack_sniffer_add
                0x000000000001d9cb                netstack_sniffer_remove
                0x00000000000208eb                sicslowpan_init
                0x0000000000020912                sicslowpan_get_last_rssi
 .text          0x0000000000020922      0xbaa build/cooja/contiki-ng-cooja.a(tcp-socket.o)
                0x000000000002105b                tcp_socket_register
                0x0000000000021123                tcp_socket_connect
                0x00000000000211e0                tcp_socket_listen
                0x000000000002126d                tcp_socket_unlisten
                0x00000000000212f9                tcp_socket_send
                0x00000000000213b6                tcp_socket_send_str
                0x00000000000213ed                tcp_socket_close
                0x0000000000021422                tcp_socket_unregister
                0x000000000002148b                tcp_socket_max_sendlen
                0x00000000000214b3                tcp_socket_queuelen
 .text          0x00000000000214cc      0xc96 build/cooja/contiki-ng-cooja.a(tcpip.o)
                0x00000000000214fc                tcpip_output
                0x00000000000215fe                tcp_connect
                0x0000000000021665                tcp_unlisten
                0x00000000000216d5                tcp_listen
                0x0000000000021741                tcp_attach
                0x000000000002176f                udp_attach
                0x000000000002179d                udp_new
                0x00000000000217f8                udp_broadcast_new
                0x0000000000021b0b                tcpip_input
                0x0000000000021ce3                tcpip_ipv6_output
                0x0000000000021f3c                tcpip_poll_udp
                0x0000000000021f6a                tcpip_poll_tcp
                0x0000000000021f98                tcpip_uipcall
 .text          0x0000000000022162      0x416 build/cooja/contiki-ng-cooja.a(uip-ds6-nbr.o)
                0x0000000000022162                uip_ds6_neighbors_init
                0x000000000002218b                uip_ds6_nbr_add
                0x0000000000022229                uip_ds6_nbr_rm
                0x0000000000022286                uip_ds6_nbr_update_ll
                0x000000000002238b                uip_ds6_nbr_get_ipaddr
                0x00000000000223ab                uip_ds6_nbr_get_ll
                0x00000000000223d3                uip_ds6_nbr_num
                0x0000000000022425                uip_ds6_nbr_head
                0x000000000002243e                uip_ds6_nbr_next
                0x0000000000022466                uip_ds6_nbr_lookup
                0x00000000000224cf                uip_ds6_nbr_ll_lookup
                0x00000000000224f7                uip_ds6_nbr_ipaddr_from_lladdr
                0x000000000002252b                uip_ds6_nbr_lladdr_from_ipaddr
                0x0000000000022567                uip_ds6_link_callback
 .text          0x0000000000022578      0x3f9 build/cooja/contiki-ng-cooja.a(uip-ds6-route.o)
                0x00000000000225cf                uip_ds6_route_init
                0x00000000000225f8                uip_ds6_route_count_nexthop_neighbors
                0x0000000000022607                uip_ds6_route_nexthop
                0x000000000002261a                uip_ds6_route_head
                0x0000000000022629                uip_ds6_route_next
                0x000000000002263c                uip_ds6_route_is_nexthop
                0x000000000002264f                uip_ds6_route_num_routes
                0x000000000002265e                uip_ds6_route_lookup
                0x0000000000022671                uip_ds6_route_add
                0x000000000002268d                uip_ds6_route_rm
                0x000000000002269c                uip_ds6_route_rm_by_nexthop
                0x00000000000226ab                uip_ds6_defrt_head
                0x00000000000226c4                uip_ds6_defrt_add
                0x0000000000022784                uip_ds6_defrt_rm
                0x00000000000227fa                uip_ds6_defrt_lookup
                0x0000000000022871                uip_ds6_defrt_choose
                0x00000000000228f4                uip_ds6_defrt_periodic
 .text          0x0000000000022971      0xebc build/cooja/contiki-ng-cooja.a(uip-ds6.o)
                0x0000000000022971                uip_ds6_default_prefix
                0x0000000000022982                uip_ds6_set_default_prefix
                0x00000000000229aa                uip_ds6_init
                0x0000000000022c49                uip_ds6_periodic
                0x0000000000022ceb                uip_ds6_list_loop
                0x0000000000022dd4                uip_ds6_prefix_add
                0x0000000000022ea5                uip_ds6_prefix_rm
                0x0000000000022ec3                uip_ds6_prefix_lookup
                0x0000000000022f1a                uip_ds6_is_addr_onlink
                0x0000000000022fae                uip_ds6_addr_add
                0x00000000000230f9                uip_ds6_addr_rm
                0x00000000000231b4                uip_ds6_addr_lookup
                0x0000000000023209                uip_ds6_get_link_local
                0x00000000000232ae                uip_ds6_get_global
                0x0000000000023353                uip_ds6_maddr_add
                0x00000000000233cf                uip_ds6_maddr_rm
                0x00000000000233ed                uip_ds6_maddr_lookup
                0x0000000000023445                uip_ds6_aaddr_add
                0x00000000000234c1                uip_ds6_aaddr_rm
                0x00000000000234df                uip_ds6_aaddr_lookup
                0x0000000000023537                uip_ds6_select_src
                0x00000000000236c1                uip_ds6_set_addr_iid
                0x00000000000236fa                uip_ds6_set_lladdr_from_iid
                0x0000000000023731                get_match_length
                0x00000000000237df                uip_ds6_compute_reachable_time
 .text          0x000000000002382d      0x1b9 build/cooja/contiki-ng-cooja.a(uip-packetqueue.o)
                0x000000000002386c                uip_packetqueue_new
                0x0000000000023886                uip_packetqueue_alloc
                0x0000000000023900                uip_packetqueue_free
                0x0000000000023958                uip_packetqueue_buf
                0x0000000000023984                uip_packetqueue_buflen
                0x00000000000239b3                uip_packetqueue_set_buflen
 .text          0x00000000000239e6     0x3915 build/cooja/contiki-ng-cooja.a(uip6.o)
                0x00000000000239e6                uip_add32
                0x0000000000023bf0                uip_chksum
                0x0000000000023cd6                uip_icmp6chksum
                0x0000000000023cea                uip_tcpchksum
                0x0000000000023cfe                uip_udpchksum
                0x0000000000023d12                uip_init
                0x0000000000023dd7                uip_connect
                0x0000000000023f81                uip_remove_ext_hdr
                0x0000000000024082                uip_udp_new
                0x00000000000241ee                uip_unlisten
                0x000000000002423d                uip_listen
                0x000000000002455f                uip_process
                0x0000000000027181                uip_htons
                0x00000000000271a4                uip_htonl
                0x00000000000271ec                uip_send
 .text          0x00000000000272fb      0x5b1 build/cooja/contiki-ng-cooja.a(uipbuf.o)
                0x00000000000272fb                uipbuf_clear
                0x000000000002732d                uipbuf_add_ext_hdr
                0x00000000000273c5                uipbuf_set_len
                0x00000000000273f7                uipbuf_set_len_field
                0x000000000002742a                uipbuf_get_len_field
                0x0000000000027455                uipbuf_get_next_header
                0x00000000000275c7                uipbuf_get_last_header
                0x000000000002765a                uipbuf_search_header
                0x0000000000027721                uipbuf_get_attr
                0x0000000000027752                uipbuf_set_attr
                0x0000000000027792                uipbuf_set_default_attr
                0x00000000000277d2                uipbuf_clear_attr
                0x00000000000277f9                uipbuf_set_attr_flag
                0x000000000002781c                uipbuf_clr_attr_flag
                0x0000000000027845                uipbuf_is_attr_flag
                0x000000000002786a                uipbuf_init
 .text          0x00000000000278ac      0x57d build/cooja/contiki-ng-cooja.a(uiplib.o)
                0x00000000000278ac                uiplib_ip6addrconv
                0x0000000000027a88                uiplib_ip4addrconv
                0x0000000000027b5a                uiplib_ipaddr_print
                0x0000000000027bc0                uiplib_ipaddr_snprint
 .text          0x0000000000027e29      0x66e build/cooja/contiki-ng-cooja.a(rpl.o)
                0x0000000000027e29                rpl_lollipop_greater_than
                0x0000000000027e8d                rpl_get_global_address
                0x000000000002802d                rpl_link_callback
                0x0000000000028097                rpl_has_joined
                0x00000000000280ca                rpl_is_reachable
                0x0000000000028170                rpl_reset_prefix
                0x00000000000281e7                rpl_set_prefix_from_addr
                0x0000000000028302                rpl_set_prefix
                0x000000000002846c                rpl_set_leaf_only
                0x0000000000028486                rpl_get_leaf_only
 .text          0x0000000000028497      0x2e0 build/cooja/contiki-ng-cooja.a(json_util.o)
                0x0000000000028497                findJsonField_String
                0x0000000000028609                findJsonField_Number
 .text          0x0000000000028777       0x49 build/cooja/contiki-ng-cooja.a(watchdog.o)
                0x0000000000028777                watchdog_init
                0x0000000000028782                watchdog_start
                0x000000000002878d                watchdog_periodic
                0x00000000000287aa                watchdog_stop
                0x00000000000287b5                watchdog_reboot
 .text          0x00000000000287c0       0x61 build/cooja/contiki-ng-cooja.a(int-master.o)
                0x00000000000287c0                int_master_enable
                0x00000000000287d5                int_master_read_and_disable
                0x00000000000287f5                int_master_status_set
                0x000000000002880c                int_master_is_enabled
 .text          0x0000000000028821      0x125 build/cooja/contiki-ng-cooja.a(stimer.o)
                0x0000000000028821                stimer_set
                0x0000000000028850                stimer_reset
                0x000000000002888c                stimer_restart
                0x00000000000288ab                stimer_expired
                0x00000000000288ed                stimer_remaining
                0x0000000000028925                stimer_elapsed
 .text          0x0000000000028946      0x21a build/cooja/contiki-ng-cooja.a(memb.o)
                0x0000000000028946                memb_init
                0x00000000000289a9                memb_alloc
                0x0000000000028a23                memb_free
                0x0000000000028ab6                memb_inmemb
                0x0000000000028b0d                memb_numfree
 .text          0x0000000000028b60      0x19d build/cooja/contiki-ng-cooja.a(ringbuf.o)
                0x0000000000028b60                ringbuf_init
                0x0000000000028ba1                ringbuf_put
                0x0000000000028c30                ringbuf_get
                0x0000000000028cae                ringbuf_size
                0x0000000000028cca                ringbuf_elements
 .text          0x0000000000028cfd      0x481 build/cooja/contiki-ng-cooja.a(link-stats.o)
                0x0000000000028cfd                link_stats_from_lladdr
                0x0000000000028d25                link_stats_get_lladdr
                0x0000000000028d4d                link_stats_is_fresh
                0x0000000000028d95                guess_etx_from_rssi
                0x0000000000028e1a                link_stats_packet_sent
                0x0000000000028f7e                link_stats_input_callback
                0x00000000000290e0                link_stats_reset
                0x000000000002913c                link_stats_init
 .text          0x000000000002917e      0xcb3 build/cooja/contiki-ng-cooja.a(nbr-table.o)
                0x00000000000295dc                nbr_table_count_entries
                0x000000000002967e                nbr_table_gc_get_worst
                0x00000000000296c1                nbr_table_can_accept_new
                0x0000000000029876                nbr_table_entry_is_allowed
                0x0000000000029923                nbr_table_register
                0x00000000000299b5                nbr_table_is_registered
                0x0000000000029a0c                nbr_table_head
                0x0000000000029a7a                nbr_table_next
                0x0000000000029af7                nbr_table_add_lladdr
                0x0000000000029c57                nbr_table_get_from_lladdr
                0x0000000000029cb6                nbr_table_remove
                0x0000000000029d10                nbr_table_lock
                0x0000000000029d45                nbr_table_unlock
                0x0000000000029d7a                nbr_table_get_lladdr
                0x0000000000029dbd                nbr_table_clear
                0x0000000000029dfa                nbr_table_key_head
                0x0000000000029e13                nbr_table_key_next
 .text          0x0000000000029e31      0x1e0 build/cooja/contiki-ng-cooja.a(mac-sequence.o)
                0x0000000000029e31                mac_sequence_is_duplicate
                0x0000000000029f12                mac_sequence_register_seqno
 .text          0x000000000002a011      0x451 build/cooja/contiki-ng-cooja.a(framer-802154.o)
                0x000000000002a1ac                framer_802154_setup_params
 .text          0x000000000002a462      0xae3 build/cooja/contiki-ng-cooja.a(csma-output.o)
                0x000000000002ac44                csma_output_packet
                0x000000000002af0d                csma_output_init
 .text          0x000000000002af45       0x3d build/cooja/contiki-ng-cooja.a(csma-security.o)
                0x000000000002af45                csma_security_create_frame
                0x000000000002af6b                csma_security_parse_frame
 .text          0x000000000002af82      0x8b7 build/cooja/contiki-ng-cooja.a(uip-icmp6.o)
                0x000000000002afff                uip_icmp6_input
                0x000000000002b05d                uip_icmp6_register_input_handler
                0x000000000002b1ef                uip_icmp6_error_output
                0x000000000002b554                uip_icmp6_send
                0x000000000002b7a0                uip_icmp6_echo_reply_callback_add
                0x000000000002b7e7                uip_icmp6_echo_reply_callback_rm
                0x000000000002b810                uip_icmp6_init
 .text          0x000000000002b839      0x87f build/cooja/contiki-ng-cooja.a(uip-nd6.o)
                0x000000000002c09e                uip_nd6_init
 .text          0x000000000002c0b8      0x7e7 build/cooja/contiki-ng-cooja.a(uip-sr.o)
                0x000000000002c0b8                uip_sr_num_nodes
                0x000000000002c163                uip_sr_get_node
                0x000000000002c1cb                uip_sr_is_addr_reachable
                0x000000000002c293                uip_sr_expire_parent
                0x000000000002c302                uip_sr_update_node
                0x000000000002c476                uip_sr_init
                0x000000000002c4a9                uip_sr_node_head
                0x000000000002c4c2                uip_sr_node_next
                0x000000000002c4e0                uip_sr_periodic
                0x000000000002c61c                uip_sr_free_all
                0x000000000002c69b                uip_sr_link_snprint
 .text          0x000000000002c89f      0x35a build/cooja/contiki-ng-cooja.a(rpl-dag-root.o)
                0x000000000002c89f                rpl_dag_root_print_links
                0x000000000002ca14                rpl_dag_root_set_prefix
                0x000000000002ca50                rpl_dag_root_start
                0x000000000002cbb9                rpl_dag_root_is_root
 .text          0x000000000002cbf9     0x1219 build/cooja/contiki-ng-cooja.a(rpl-dag.o)
                0x000000000002cbf9                rpl_dag_state_to_str
                0x000000000002cc57                rpl_dag_get_root_ipaddr
                0x000000000002cca1                rpl_dag_leave
                0x000000000002cd4c                rpl_dag_poison_and_leave
                0x000000000002cd6a                rpl_dag_periodic
                0x000000000002ce2e                rpl_is_addr_in_our_dag
                0x000000000002ce8a                rpl_get_default_instance
                0x000000000002ceb1                rpl_get_any_dag
                0x000000000002cf1e                rpl_refresh_routes
                0x000000000002cf80                rpl_global_repair
                0x000000000002d042                rpl_local_repair
                0x000000000002d0a4                rpl_dag_ready_to_advertise
                0x000000000002d0fc                rpl_dag_update_state
                0x000000000002d9bf                rpl_process_dio
                0x000000000002da61                rpl_process_dis
                0x000000000002dab5                rpl_process_dao
                0x000000000002db5e                rpl_process_dao_ack
                0x000000000002dc0e                rpl_process_hbh
                0x000000000002dc6d                rpl_dag_init_root
                0x000000000002ddee                rpl_dag_init
 .text          0x000000000002de12      0xdef build/cooja/contiki-ng-cooja.a(rpl-ext-header.o)
                0x000000000002de12                rpl_ext_header_srh_get_next_hop
                0x000000000002df23                rpl_ext_header_srh_update
                0x000000000002e5b2                rpl_ext_header_hbh_update
                0x000000000002e952                rpl_ext_header_update
                0x000000000002e9fc                rpl_ext_header_remove
 .text          0x000000000002ec01     0x16eb build/cooja/contiki-ng-cooja.a(rpl-icmp6.o)
                0x000000000002ed95                rpl_icmp6_update_nbr_table
                0x000000000002ee4a                rpl_icmp6_dis_output
                0x000000000002f56e                rpl_icmp6_dio_output
                0x000000000002fe9e                rpl_icmp6_dao_output
                0x000000000003020f                rpl_icmp6_dao_ack_output
                0x00000000000302a5                rpl_icmp6_init
 .text          0x00000000000302ec      0x36f build/cooja/contiki-ng-cooja.a(rpl-mrhof.o)
 .text          0x000000000003065b       0x8c build/cooja/contiki-ng-cooja.a(rpl-nbr-policy.o)
                0x00000000000306a3                rpl_nbr_gc_get_worst
 .text          0x00000000000306e7      0xadd build/cooja/contiki-ng-cooja.a(rpl-neighbor.o)
                0x000000000003077a                rpl_neighbor_snprint
                0x0000000000030aa8                rpl_neighbor_print_list
                0x0000000000030b7f                rpl_neighbor_count
                0x0000000000030c6a                rpl_neighbor_get_from_lladdr
                0x0000000000030c95                rpl_neighbor_is_acceptable_parent
                0x0000000000030ce1                rpl_neighbor_get_link_metric
                0x0000000000030d2d                rpl_neighbor_rank_via_nbr
                0x0000000000030d79                rpl_neighbor_get_lladdr
                0x0000000000030da4                rpl_neighbor_get_ipaddr
                0x0000000000030dd2                rpl_neighbor_get_link_stats
                0x0000000000030e00                rpl_neighbor_is_fresh
                0x0000000000030e2e                rpl_neighbor_is_parent
                0x0000000000030e67                rpl_neighbor_set_preferred_parent
                0x0000000000030f1e                rpl_neighbor_remove_all
                0x0000000000030f84                rpl_neighbor_get_from_ipaddr
                0x00000000000310bd                rpl_neighbor_select_best
                0x000000000003119d                rpl_neighbor_init
 .text          0x00000000000311c4      0xd3d build/cooja/contiki-ng-cooja.a(rpl-timers.o)
                0x00000000000311c4                rpl_timers_schedule_periodic_dis
                0x000000000003137a                rpl_timers_dio_reset
                0x00000000000314fe                rpl_timers_schedule_unicast_dio
                0x00000000000316e5                rpl_timers_schedule_dao
                0x00000000000317eb                rpl_timers_schedule_dao_ack
                0x00000000000318b0                rpl_timers_notify_dao_ack
                0x0000000000031925                get_probing_delay
                0x000000000003196c                get_probing_target
                0x0000000000031baa                rpl_schedule_probing
                0x0000000000031bf1                rpl_schedule_probing_now
                0x0000000000031c7f                rpl_timers_unschedule_leaving
                0x0000000000031cc9                rpl_timers_schedule_leaving
                0x0000000000031d27                rpl_timers_init
                0x0000000000031dd9                rpl_timers_stop_dag_timers
                0x0000000000031e7b                rpl_timers_unschedule_state_update
                0x0000000000031ea8                rpl_timers_schedule_state_update
 .text          0x0000000000031f01       0x34 build/cooja/contiki-ng-cooja.a(assert.o)
                0x0000000000031f01                _xassert
 .text          0x0000000000031f35       0x3a build/cooja/contiki-ng-cooja.a(mac.o)
                0x0000000000031f35                mac_call_sent_callback
 .text          0x0000000000031f6f      0xca9 build/cooja/contiki-ng-cooja.a(frame802154.o)
                0x0000000000031f9d                frame802154_get_pan_id
                0x0000000000031fae                frame802154_set_pan_id
                0x0000000000031fca                frame802154_has_panid
                0x00000000000321a9                frame802154_check_dest_panid
                0x0000000000032247                frame802154_is_broadcast_addr
                0x000000000003229e                frame802154_extract_linkaddr
                0x0000000000032538                frame802154_hdrlen
                0x00000000000325b7                frame802154_create_fcf
                0x0000000000032689                frame802154_create
                0x0000000000032833                frame802154_parse_fcf
                0x000000000003292a                frame802154_parse
 .text          0x0000000000032c18        0x0 /usr/lib/gcc/x86_64-linux-gnu/11/crtendS.o
 .text          0x0000000000032c18        0x0 /usr/lib/gcc/x86_64-linux-gnu/11/../../../x86_64-linux-gnu/crtn.o
 *(.gnu.warning)

.fini           0x0000000000032c18        0xd
 *(SORT_NONE(.fini))
 .fini          0x0000000000032c18        0x8 /usr/lib/gcc/x86_64-linux-gnu/11/../../../x86_64-linux-gnu/crti.o
                0x0000000000032c18                _fini
 .fini          0x0000000000032c20        0x5 /usr/lib/gcc/x86_64-linux-gnu/11/../../../x86_64-linux-gnu/crtn.o
                [!provide]                        PROVIDE (__etext = .)
                [!provide]                        PROVIDE (_etext = .)
                [!provide]                        PROVIDE (etext = .)
                0x0000000000033000                . = ALIGN (CONSTANT (MAXPAGESIZE))
                0x0000000000033000                . = SEGMENT_START ("rodata-segment", (ALIGN (CONSTANT (MAXPAGESIZE)) + (. & (CONSTANT (MAXPAGESIZE) - 0x1))))

.rodata         0x0000000000033000      0xdbd
 *(.rodata .rodata.* .gnu.linkonce.r.*)
 .rodata        0x0000000000033000      0x2e5 sensor-humidity.o
 .rodata        0x00000000000332e5        0x6 build/cooja/contiki-ng-cooja.a(leds-arch.o)
                0x00000000000332e5                leds_arch_leds
 .rodata        0x00000000000332eb        0x4 build/cooja/contiki-ng-cooja.a(pir-sensor.o)
 .rodata        0x00000000000332ef        0x3 build/cooja/contiki-ng-cooja.a(rs232.o)
 .rodata        0x00000000000332f2        0xa build/cooja/contiki-ng-cooja.a(vib-sensor.o)
 *fill*         0x00000000000332fc        0x4 
 .rodata        0x0000000000033300       0x26 build/cooja/contiki-ng-cooja.a(cfs-cooja.o)
 *fill*         0x0000000000033326        0x2 
 .rodata        0x0000000000033328       0x68 build/cooja/contiki-ng-cooja.a(cooja-radio.o)
 .rodata        0x0000000000033390        0x8 build/cooja/contiki-ng-cooja.a(sensors.o)
 .rodata        0x0000000000033398       0x14 build/cooja/contiki-ng-cooja.a(buttons.o)
                0x00000000000333a4                button_hal_button_count
 .rodata        0x00000000000333ac      0x29c build/cooja/contiki-ng-cooja.a(mqtt.o)
 .rodata        0x0000000000033648       0xf4 build/cooja/contiki-ng-cooja.a(contiki-main.o)
 .rodata        0x000000000003373c        0xf build/cooja/contiki-ng-cooja.a(ctimer.o)
 .rodata        0x000000000003374b        0xc build/cooja/contiki-ng-cooja.a(etimer.o)
 *fill*         0x0000000000033757        0x1 
 .rodata        0x0000000000033758       0xc0 build/cooja/contiki-ng-cooja.a(log.o)
 .rodata        0x0000000000033818       0x13 build/cooja/contiki-ng-cooja.a(button-hal.o)
 .rodata        0x000000000003382b        0xe build/cooja/contiki-ng-cooja.a(serial-line.o)
 *fill*         0x0000000000033839        0x7 
 .rodata        0x0000000000033840        0x8 build/cooja/contiki-ng-cooja.a(linkaddr.o)
                0x0000000000033840                linkaddr_null
 *fill*         0x0000000000033848        0x8 
 .rodata        0x0000000000033850      0x280 build/cooja/contiki-ng-cooja.a(strformat.o)
 .rodata        0x0000000000033ad0        0x5 build/cooja/contiki-ng-cooja.a(csma.o)
 .rodata        0x0000000000033ad5       0x1d build/cooja/contiki-ng-cooja.a(sicslowpan.o)
                0x0000000000033ad5                unc_llconf
                0x0000000000033ad9                unc_ctxconf
                0x0000000000033add                unc_mxconf
                0x0000000000033ae1                llprefix
 .rodata        0x0000000000033af2       0x13 build/cooja/contiki-ng-cooja.a(tcp-socket.o)
 .rodata        0x0000000000033b05        0xd build/cooja/contiki-ng-cooja.a(tcpip.o)
 *fill*         0x0000000000033b12        0x6 
 .rodata        0x0000000000033b18       0x4c build/cooja/contiki-ng-cooja.a(uip-ds6-route.o)
 .rodata        0x0000000000033b64       0x48 build/cooja/contiki-ng-cooja.a(uip6.o)
 .rodata        0x0000000000033bac       0x2d build/cooja/contiki-ng-cooja.a(uiplib.o)
 .rodata        0x0000000000033bd9        0x9 build/cooja/contiki-ng-cooja.a(rpl.o)
 *fill*         0x0000000000033be2        0x6 
 .rodata        0x0000000000033be8       0x27 build/cooja/contiki-ng-cooja.a(csma-output.o)
 .rodata        0x0000000000033c0f       0x44 build/cooja/contiki-ng-cooja.a(uip-sr.o)
 .rodata        0x0000000000033c53       0xd7 build/cooja/contiki-ng-cooja.a(rpl-dag.o)
 *fill*         0x0000000000033d2a        0x6 
 .rodata        0x0000000000033d30       0x58 build/cooja/contiki-ng-cooja.a(rpl-neighbor.o)
 .rodata        0x0000000000033d88        0xc build/cooja/contiki-ng-cooja.a(rpl-timers.o)
 *fill*         0x0000000000033d94        0x4 
 .rodata        0x0000000000033d98       0x25 build/cooja/contiki-ng-cooja.a(assert.o)

.rodata1
 *(.rodata1)

.eh_frame_hdr   0x0000000000033dc0     0x190c
 *(.eh_frame_hdr)
 .eh_frame_hdr  0x0000000000033dc0     0x190c sensor-humidity.o
                0x0000000000033dc0                __GNU_EH_FRAME_HDR
 *(.eh_frame_entry .eh_frame_entry.*)

.eh_frame       0x00000000000356d0     0x6498
 *(.eh_frame)
 .eh_frame      0x00000000000356d0       0x40 /usr/lib/gcc/x86_64-linux-gnu/11/../../../x86_64-linux-gnu/crti.o
 .eh_frame      0x0000000000035710       0x18 /usr/lib/gcc/x86_64-linux-gnu/11/../../../x86_64-linux-gnu/crti.o
                                         0x30 (size before relaxing)
 .eh_frame      0x0000000000035728       0x18 /usr/lib/gcc/x86_64-linux-gnu/11/../../../x86_64-linux-gnu/crti.o
                                         0x30 (size before relaxing)
 .eh_frame      0x0000000000035740       0xc8 sensor-humidity.o
                                         0xe0 (size before relaxing)
 .eh_frame      0x0000000000035808      0x198 build/cooja/mtype463315858.o
                                        0x1b0 (size before relaxing)
 .eh_frame      0x00000000000359a0       0x40 build/cooja/contiki-ng-cooja.a(simEnvChange.o)
                                         0x58 (size before relaxing)
 .eh_frame      0x00000000000359e0       0x60 build/cooja/contiki-ng-cooja.a(cooja_mt.o)
                                         0x78 (size before relaxing)
 .eh_frame      0x0000000000035a40       0x80 build/cooja/contiki-ng-cooja.a(cooja_mtarch.o)
                                         0x98 (size before relaxing)
 .eh_frame      0x0000000000035ac0       0xc0 build/cooja/contiki-ng-cooja.a(rtimer-arch.o)
                                         0xd8 (size before relaxing)
 .eh_frame      0x0000000000035b80      0x160 build/cooja/contiki-ng-cooja.a(beep.o)
                                        0x178 (size before relaxing)
 .eh_frame      0x0000000000035ce0       0x80 build/cooja/contiki-ng-cooja.a(leds-arch.o)
                                         0x98 (size before relaxing)
 .eh_frame      0x0000000000035d60       0x40 build/cooja/contiki-ng-cooja.a(moteid.o)
                                         0x58 (size before relaxing)
 .eh_frame      0x0000000000035da0       0xa0 build/cooja/contiki-ng-cooja.a(pir-sensor.o)
                                         0xb8 (size before relaxing)
 .eh_frame      0x0000000000035e40      0x100 build/cooja/contiki-ng-cooja.a(rs232.o)
                                        0x118 (size before relaxing)
 .eh_frame      0x0000000000035f40       0xa0 build/cooja/contiki-ng-cooja.a(vib-sensor.o)
                                         0xb8 (size before relaxing)
 .eh_frame      0x0000000000035fe0       0xc0 build/cooja/contiki-ng-cooja.a(clock.o)
                                         0xd8 (size before relaxing)
 .eh_frame      0x00000000000360a0      0x100 build/cooja/contiki-ng-cooja.a(cooja-log.o)
                                        0x118 (size before relaxing)
 .eh_frame      0x00000000000361a0      0x160 build/cooja/contiki-ng-cooja.a(cfs-cooja.o)
                                        0x178 (size before relaxing)
 .eh_frame      0x0000000000036300      0x360 build/cooja/contiki-ng-cooja.a(cooja-radio.o)
                                        0x378 (size before relaxing)
 .eh_frame      0x0000000000036660       0xa0 build/cooja/contiki-ng-cooja.a(eeprom.o)
                                         0xb8 (size before relaxing)
 .eh_frame      0x0000000000036700       0x40 build/cooja/contiki-ng-cooja.a(random.o)
                                         0x58 (size before relaxing)
 .eh_frame      0x0000000000036740       0xc0 build/cooja/contiki-ng-cooja.a(sensors.o)
                                         0xd8 (size before relaxing)
 .eh_frame      0x0000000000036800      0x120 build/cooja/contiki-ng-cooja.a(leds.o)
                                        0x138 (size before relaxing)
 .eh_frame      0x0000000000036920      0x220 build/cooja/contiki-ng-cooja.a(gpio-hal-arch.o)
                                        0x238 (size before relaxing)
 .eh_frame      0x0000000000036b40       0xa0 build/cooja/contiki-ng-cooja.a(buttons.o)
                                         0xb8 (size before relaxing)
 .eh_frame      0x0000000000036be0      0x4e0 build/cooja/contiki-ng-cooja.a(mqtt.o)
                                        0x4f8 (size before relaxing)
 .eh_frame      0x00000000000370c0       0x20 build/cooja/contiki-ng-cooja.a(contiki-main.o)
                                         0x38 (size before relaxing)
 .eh_frame      0x00000000000370e0       0x40 build/cooja/contiki-ng-cooja.a(autostart.o)
                                         0x58 (size before relaxing)
 .eh_frame      0x0000000000037120      0x100 build/cooja/contiki-ng-cooja.a(ctimer.o)
                                        0x118 (size before relaxing)
 .eh_frame      0x0000000000037220       0x60 build/cooja/contiki-ng-cooja.a(energest.o)
                                         0x78 (size before relaxing)
 .eh_frame      0x0000000000037280      0x1e0 build/cooja/contiki-ng-cooja.a(etimer.o)
                                        0x1f8 (size before relaxing)
 .eh_frame      0x0000000000037460      0x120 build/cooja/contiki-ng-cooja.a(log.o)
                                        0x138 (size before relaxing)
 .eh_frame      0x0000000000037580       0x20 build/cooja/contiki-ng-cooja.a(node-id.o)
                                         0x38 (size before relaxing)
 .eh_frame      0x00000000000375a0      0x1c8 build/cooja/contiki-ng-cooja.a(process.o)
                                        0x1e0 (size before relaxing)
 .eh_frame      0x0000000000037768       0x60 build/cooja/contiki-ng-cooja.a(rtimer.o)
                                         0x78 (size before relaxing)
 .eh_frame      0x00000000000377c8       0xa0 build/cooja/contiki-ng-cooja.a(timer.o)
                                         0xb8 (size before relaxing)
 .eh_frame      0x0000000000037868      0x1a0 build/cooja/contiki-ng-cooja.a(list.o)
                                        0x1b8 (size before relaxing)
 .eh_frame      0x0000000000037a08      0x160 build/cooja/contiki-ng-cooja.a(button-hal.o)
                                        0x178 (size before relaxing)
 .eh_frame      0x0000000000037b68       0xe0 build/cooja/contiki-ng-cooja.a(gpio-hal.o)
                                         0xf8 (size before relaxing)
 .eh_frame      0x0000000000037c48       0x60 build/cooja/contiki-ng-cooja.a(serial-line.o)
                                         0x78 (size before relaxing)
 .eh_frame      0x0000000000037ca8       0x60 build/cooja/contiki-ng-cooja.a(linkaddr.o)
                                         0x78 (size before relaxing)
 .eh_frame      0x0000000000037d08       0x80 build/cooja/contiki-ng-cooja.a(netstack.o)
                                         0x98 (size before relaxing)
 .eh_frame      0x0000000000037d88      0x288 build/cooja/contiki-ng-cooja.a(packetbuf.o)
                                        0x2a0 (size before relaxing)
 .eh_frame      0x0000000000038010      0x1a0 build/cooja/contiki-ng-cooja.a(queuebuf.o)
                                        0x1b8 (size before relaxing)
 .eh_frame      0x00000000000381b0       0x40 build/cooja/contiki-ng-cooja.a(printf.o)
                                         0x58 (size before relaxing)
 .eh_frame      0x00000000000381f0       0x20 build/cooja/contiki-ng-cooja.a(putchar.o)
                                         0x38 (size before relaxing)
 .eh_frame      0x0000000000038210       0x20 build/cooja/contiki-ng-cooja.a(puts.o)
                                         0x38 (size before relaxing)
 .eh_frame      0x0000000000038230       0x60 build/cooja/contiki-ng-cooja.a(snprintf.o)
                                         0x78 (size before relaxing)
 .eh_frame      0x0000000000038290       0x40 build/cooja/contiki-ng-cooja.a(sprintf.o)
                                         0x58 (size before relaxing)
 .eh_frame      0x00000000000382d0      0x120 build/cooja/contiki-ng-cooja.a(strformat.o)
                                        0x138 (size before relaxing)
 .eh_frame      0x00000000000383f0       0xe0 build/cooja/contiki-ng-cooja.a(csma.o)
                                         0xf8 (size before relaxing)
 .eh_frame      0x00000000000384d0      0x2e0 build/cooja/contiki-ng-cooja.a(sicslowpan.o)
                                        0x2f8 (size before relaxing)
 .eh_frame      0x00000000000387b0      0x248 build/cooja/contiki-ng-cooja.a(tcp-socket.o)
                                        0x260 (size before relaxing)
 .eh_frame      0x00000000000389f8      0x308 build/cooja/contiki-ng-cooja.a(tcpip.o)
                                        0x320 (size before relaxing)
 .eh_frame      0x0000000000038d00      0x1c0 build/cooja/contiki-ng-cooja.a(uip-ds6-nbr.o)
                                        0x1d8 (size before relaxing)
 .eh_frame      0x0000000000038ec0      0x240 build/cooja/contiki-ng-cooja.a(uip-ds6-route.o)
                                        0x258 (size before relaxing)
 .eh_frame      0x0000000000039100      0x328 build/cooja/contiki-ng-cooja.a(uip-ds6.o)
                                        0x340 (size before relaxing)
 .eh_frame      0x0000000000039428       0xe0 build/cooja/contiki-ng-cooja.a(uip-packetqueue.o)
                                         0xf8 (size before relaxing)
 .eh_frame      0x0000000000039508      0x2b0 build/cooja/contiki-ng-cooja.a(uip6.o)
                                        0x2c8 (size before relaxing)
 .eh_frame      0x00000000000397b8      0x200 build/cooja/contiki-ng-cooja.a(uipbuf.o)
                                        0x218 (size before relaxing)
 .eh_frame      0x00000000000399b8       0x80 build/cooja/contiki-ng-cooja.a(uiplib.o)
                                         0x98 (size before relaxing)
 .eh_frame      0x0000000000039a38      0x1e0 build/cooja/contiki-ng-cooja.a(rpl.o)
                                        0x1f8 (size before relaxing)
 .eh_frame      0x0000000000039c18       0x40 build/cooja/contiki-ng-cooja.a(json_util.o)
                                         0x58 (size before relaxing)
 .eh_frame      0x0000000000039c58       0xa0 build/cooja/contiki-ng-cooja.a(watchdog.o)
                                         0xb8 (size before relaxing)
 .eh_frame      0x0000000000039cf8       0x80 build/cooja/contiki-ng-cooja.a(int-master.o)
                                         0x98 (size before relaxing)
 .eh_frame      0x0000000000039d78       0xc0 build/cooja/contiki-ng-cooja.a(stimer.o)
                                         0xd8 (size before relaxing)
 .eh_frame      0x0000000000039e38       0xa0 build/cooja/contiki-ng-cooja.a(memb.o)
                                         0xb8 (size before relaxing)
 .eh_frame      0x0000000000039ed8       0xa0 build/cooja/contiki-ng-cooja.a(ringbuf.o)
                                         0xb8 (size before relaxing)
 .eh_frame      0x0000000000039f78      0x120 build/cooja/contiki-ng-cooja.a(link-stats.o)
                                        0x138 (size before relaxing)
 .eh_frame      0x000000000003a098      0x3e0 build/cooja/contiki-ng-cooja.a(nbr-table.o)
                                        0x3f8 (size before relaxing)
 .eh_frame      0x000000000003a478       0x48 build/cooja/contiki-ng-cooja.a(mac-sequence.o)
                                         0x60 (size before relaxing)
 .eh_frame      0x000000000003a4c0       0xa8 build/cooja/contiki-ng-cooja.a(framer-802154.o)
                                         0xc0 (size before relaxing)
 .eh_frame      0x000000000003a568      0x1c8 build/cooja/contiki-ng-cooja.a(csma-output.o)
                                        0x1e0 (size before relaxing)
 .eh_frame      0x000000000003a730       0x40 build/cooja/contiki-ng-cooja.a(csma-security.o)
                                         0x58 (size before relaxing)
 .eh_frame      0x000000000003a770      0x148 build/cooja/contiki-ng-cooja.a(uip-icmp6.o)
                                        0x160 (size before relaxing)
 .eh_frame      0x000000000003a8b8       0x80 build/cooja/contiki-ng-cooja.a(uip-nd6.o)
                                         0x98 (size before relaxing)
 .eh_frame      0x000000000003a938      0x180 build/cooja/contiki-ng-cooja.a(uip-sr.o)
                                        0x198 (size before relaxing)
 .eh_frame      0x000000000003aab8       0xa0 build/cooja/contiki-ng-cooja.a(rpl-dag-root.o)
                                         0xb8 (size before relaxing)
 .eh_frame      0x000000000003ab58      0x360 build/cooja/contiki-ng-cooja.a(rpl-dag.o)
                                        0x378 (size before relaxing)
 .eh_frame      0x000000000003aeb8      0x128 build/cooja/contiki-ng-cooja.a(rpl-ext-header.o)
                                        0x140 (size before relaxing)
 .eh_frame      0x000000000003afe0      0x1c0 build/cooja/contiki-ng-cooja.a(rpl-icmp6.o)
                                        0x1d8 (size before relaxing)
 .eh_frame      0x000000000003b1a0      0x148 build/cooja/contiki-ng-cooja.a(rpl-mrhof.o)
                                        0x160 (size before relaxing)
 .eh_frame      0x000000000003b2e8       0x40 build/cooja/contiki-ng-cooja.a(rpl-nbr-policy.o)
                                         0x58 (size before relaxing)
 .eh_frame      0x000000000003b328      0x2b0 build/cooja/contiki-ng-cooja.a(rpl-neighbor.o)
                                        0x2c8 (size before relaxing)
 .eh_frame      0x000000000003b5d8      0x3a8 build/cooja/contiki-ng-cooja.a(rpl-timers.o)
                                        0x3c0 (size before relaxing)
 .eh_frame      0x000000000003b980       0x20 build/cooja/contiki-ng-cooja.a(assert.o)
                                         0x38 (size before relaxing)
 .eh_frame      0x000000000003b9a0       0x20 build/cooja/contiki-ng-cooja.a(mac.o)
                                         0x38 (size before relaxing)
 .eh_frame      0x000000000003b9c0      0x1a4 build/cooja/contiki-ng-cooja.a(frame802154.o)
                                        0x1c0 (size before relaxing)
 .eh_frame      0x000000000003bb64        0x4 /usr/lib/gcc/x86_64-linux-gnu/11/crtendS.o
 *(.eh_frame.*)

.gcc_except_table
 *(.gcc_except_table .gcc_except_table.*)

.gnu_extab
 *(.gnu_extab*)

.exception_ranges
 *(.exception_ranges*)
                0x000000000003d6d0                . = DATA_SEGMENT_ALIGN (CONSTANT (MAXPAGESIZE), CONSTANT (COMMONPAGESIZE))

.eh_frame
 *(.eh_frame)
 *(.eh_frame.*)

.gnu_extab
 *(.gnu_extab)

.gcc_except_table
 *(.gcc_except_table .gcc_except_table.*)

.exception_ranges
 *(.exception_ranges*)

.tdata
 *(.tdata .tdata.* .gnu.linkonce.td.*)

.tbss
 *(.tbss .tbss.* .gnu.linkonce.tb.*)
 *(.tcommon)

.preinit_array
 *(.preinit_array)

.init_array     0x000000000003d6d0        0x8
 *(SORT_BY_INIT_PRIORITY(.init_array.*) SORT_BY_INIT_PRIORITY(.ctors.*))
 *(.init_array EXCLUDE_FILE(*crtend?.o *crtend.o *crtbegin?.o *crtbegin.o) .ctors)
 .init_array    0x000000000003d6d0        0x8 /usr/lib/gcc/x86_64-linux-gnu/11/crtbeginS.o

.fini_array     0x000000000003d6d8        0x8
 *(SORT_BY_INIT_PRIORITY(.fini_array.*) SORT_BY_INIT_PRIORITY(.dtors.*))
 *(.fini_array EXCLUDE_FILE(*crtend?.o *crtend.o *crtbegin?.o *crtbegin.o) .dtors)
 .fini_array    0x000000000003d6d8        0x8 /usr/lib/gcc/x86_64-linux-gnu/11/crtbeginS.o

.ctors
 *crtbegin.o(.ctors)
 *crtbegin?.o(.ctors)
 *(EXCLUDE_FILE(*crtend?.o *crtend.o) .ctors)
 *(SORT_BY_NAME(.ctors.*))
 *(.ctors)

.dtors
 *crtbegin.o(.dtors)
 *crtbegin?.o(.dtors)
 *(EXCLUDE_FILE(*crtend?.o *crtend.o) .dtors)
 *(SORT_BY_NAME(.dtors.*))
 *(.dtors)

.jcr
 *(.jcr)

.data.rel.ro    0x000000000003d6e0      0x350
 *(.data.rel.ro.local* .gnu.linkonce.d.rel.ro.local.*)
 .data.rel.ro.local
                0x000000000003d6e0       0x10 build/cooja/contiki-ng-cooja.a(beep.o)
                0x000000000003d6e0                beep_interface
 .data.rel.ro.local
                0x000000000003d6f0       0x10 build/cooja/contiki-ng-cooja.a(leds-arch.o)
                0x000000000003d6f0                leds_interface
 .data.rel.ro.local
                0x000000000003d700       0x10 build/cooja/contiki-ng-cooja.a(moteid.o)
                0x000000000003d700                moteid_interface
 *fill*         0x000000000003d710       0x10 
 .data.rel.ro.local
                0x000000000003d720       0x40 build/cooja/contiki-ng-cooja.a(pir-sensor.o)
                0x000000000003d720                pir_interface
                0x000000000003d740                pir_sensor
 .data.rel.ro.local
                0x000000000003d760       0x10 build/cooja/contiki-ng-cooja.a(rs232.o)
                0x000000000003d760                rs232_interface
 *fill*         0x000000000003d770       0x10 
 .data.rel.ro.local
                0x000000000003d780       0x40 build/cooja/contiki-ng-cooja.a(vib-sensor.o)
                0x000000000003d780                vib_interface
                0x000000000003d7a0                vib_sensor
 .data.rel.ro.local
                0x000000000003d7c0       0x10 build/cooja/contiki-ng-cooja.a(clock.o)
                0x000000000003d7c0                clock_interface
 .data.rel.ro.local
                0x000000000003d7d0       0x10 build/cooja/contiki-ng-cooja.a(cooja-log.o)
                0x000000000003d7d0                simlog_interface
 .data.rel.ro.local
                0x000000000003d7e0       0x10 build/cooja/contiki-ng-cooja.a(cfs-cooja.o)
                0x000000000003d7e0                cfs_interface
 *fill*         0x000000000003d7f0       0x10 
 .data.rel.ro.local
                0x000000000003d800       0x90 build/cooja/contiki-ng-cooja.a(cooja-radio.o)
                0x000000000003d800                radio_interface
                0x000000000003d820                cooja_radio_driver
 .data.rel.ro.local
                0x000000000003d890       0x10 build/cooja/contiki-ng-cooja.a(eeprom.o)
                0x000000000003d890                eeprom_interface
 .data.rel.ro.local
                0x000000000003d8a0       0x40 build/cooja/contiki-ng-cooja.a(buttons.o)
                0x000000000003d8a0                button_interface
                0x000000000003d8c0                button_sensor
 .data.rel.ro.local
                0x000000000003d8e0       0x38 build/cooja/contiki-ng-cooja.a(csma.o)
                0x000000000003d8e0                csma_driver
 *fill*         0x000000000003d918        0x8 
 .data.rel.ro.local
                0x000000000003d920       0x18 build/cooja/contiki-ng-cooja.a(framer-802154.o)
                0x000000000003d920                framer_802154
 *(.data.rel.ro .data.rel.ro.* .gnu.linkonce.d.rel.ro.*)
 .data.rel.ro   0x000000000003d938        0x0 /usr/lib/gcc/x86_64-linux-gnu/11/../../../x86_64-linux-gnu/crti.o
 *fill*         0x000000000003d938        0x8 
 .data.rel.ro   0x000000000003d940       0x10 sensor-humidity.o
                0x000000000003d940                autostart_processes
 *fill*         0x000000000003d950       0x10 
 .data.rel.ro   0x000000000003d960       0x20 build/cooja/contiki-ng-cooja.a(sicslowpan.o)
                0x000000000003d960                sicslowpan_driver
 .data.rel.ro   0x000000000003d980       0xa8 build/cooja/contiki-ng-cooja.a(rpl.o)
                0x000000000003d980                rpl_lite_driver
 .data.rel.ro   0x000000000003da28        0x8 build/cooja/contiki-ng-cooja.a(rpl-dag.o)

.dynamic        0x000000000003da30      0x1c0
 *(.dynamic)
 .dynamic       0x000000000003da30      0x1c0 /usr/lib/gcc/x86_64-linux-gnu/11/../../../x86_64-linux-gnu/crti.o
                0x000000000003da30                _DYNAMIC

.got            0x000000000003dbf0      0x3f8
 *(.got)
 .got           0x000000000003dbf0      0x3f8 /usr/lib/gcc/x86_64-linux-gnu/11/../../../x86_64-linux-gnu/crti.o
 *(.igot)
                0x000000000003dfe8                . = DATA_SEGMENT_RELRO_END (., (SIZEOF (.got.plt) >= 0x18)?0x18:0x0)

.got.plt        0x000000000003e000      0xbf0
 *(.got.plt)
 .got.plt       0x000000000003e000      0xbf0 /usr/lib/gcc/x86_64-linux-gnu/11/../../../x86_64-linux-gnu/crti.o
                0x000000000003e000                _GLOBAL_OFFSET_TABLE_
 *(.igot.plt)

.data           0x000000000003ec00      0x812
 *(.data .data.* .gnu.linkonce.d.*)
 .data          0x000000000003ec00        0x0 /usr/lib/gcc/x86_64-linux-gnu/11/../../../x86_64-linux-gnu/crti.o
 .data          0x000000000003ec00        0x0 /usr/lib/gcc/x86_64-linux-gnu/11/crtbeginS.o
 .data.rel.local
                0x000000000003ec00        0x8 /usr/lib/gcc/x86_64-linux-gnu/11/crtbeginS.o
                0x000000000003ec00                __dso_handle
 .data          0x000000000003ec08        0xc sensor-humidity.o
 *fill*         0x000000000003ec14        0xc 
 .data.rel.local
                0x000000000003ec20       0x40 sensor-humidity.o
                0x000000000003ec40                sensor_humidity
 .data          0x000000000003ec60        0x0 build/cooja/mtype463315858.o
 .data.rel      0x000000000003ec60       0xa0 build/cooja/mtype463315858.o
                0x000000000003ec60                simInterfaces
                0x000000000003ece0                sensors
 .data          0x000000000003ed00        0x0 build/cooja/contiki-ng-cooja.a(simEnvChange.o)
 .data          0x000000000003ed00        0x0 build/cooja/contiki-ng-cooja.a(cooja_mt.o)
 .data          0x000000000003ed00        0x0 build/cooja/contiki-ng-cooja.a(cooja_mtarch.o)
 .data          0x000000000003ed00        0x0 build/cooja/contiki-ng-cooja.a(rtimer-arch.o)
 .data          0x000000000003ed00        0x0 build/cooja/contiki-ng-cooja.a(beep.o)
 .data          0x000000000003ed00        0x0 build/cooja/contiki-ng-cooja.a(leds-arch.o)
 .data          0x000000000003ed00        0x0 build/cooja/contiki-ng-cooja.a(moteid.o)
 .data          0x000000000003ed00        0x0 build/cooja/contiki-ng-cooja.a(pir-sensor.o)
 .data          0x000000000003ed00        0x0 build/cooja/contiki-ng-cooja.a(rs232.o)
 .data          0x000000000003ed00        0x0 build/cooja/contiki-ng-cooja.a(vib-sensor.o)
 .data          0x000000000003ed00        0x0 build/cooja/contiki-ng-cooja.a(clock.o)
 .data          0x000000000003ed00        0x0 build/cooja/contiki-ng-cooja.a(cooja-log.o)
 .data          0x000000000003ed00        0x0 build/cooja/contiki-ng-cooja.a(cfs-cooja.o)
 .data          0x000000000003ed00       0x20 build/cooja/contiki-ng-cooja.a(cooja-radio.o)
                0x000000000003ed00                simRadioHWOn
                0x000000000003ed04                simSignalStrength
                0x000000000003ed08                simLastSignalStrength
                0x000000000003ed0c                simPower
                0x000000000003ed10                simRadioChannel
                0x000000000003ed14                simLQI
                0x000000000003ed18                simLastLQI
 .data.rel.local
                0x000000000003ed20       0x20 build/cooja/contiki-ng-cooja.a(cooja-radio.o)
                0x000000000003ed20                cooja_radio_process
 .data          0x000000000003ed40        0x0 build/cooja/contiki-ng-cooja.a(eeprom.o)
 .data          0x000000000003ed40        0x0 build/cooja/contiki-ng-cooja.a(random.o)
 .data          0x000000000003ed40        0x0 build/cooja/contiki-ng-cooja.a(sensors.o)
 .data.rel.local
                0x000000000003ed40       0x20 build/cooja/contiki-ng-cooja.a(sensors.o)
                0x000000000003ed40                sensors_process
 .data          0x000000000003ed60        0x0 build/cooja/contiki-ng-cooja.a(leds.o)
 .data          0x000000000003ed60        0x0 build/cooja/contiki-ng-cooja.a(gpio-hal-arch.o)
 .data          0x000000000003ed60        0x1 build/cooja/contiki-ng-cooja.a(buttons.o)
                0x000000000003ed60                simButtonIsActive
 *fill*         0x000000000003ed61       0x1f 
 .data.rel.local
                0x000000000003ed80       0xb0 build/cooja/contiki-ng-cooja.a(buttons.o)
                0x000000000003ee20                button_hal_buttons
 .data          0x000000000003ee30        0x0 build/cooja/contiki-ng-cooja.a(mqtt.o)
 *fill*         0x000000000003ee30       0x10 
 .data.rel.local
                0x000000000003ee40       0x40 build/cooja/contiki-ng-cooja.a(mqtt.o)
                0x000000000003ee60                mqtt_process
 .data          0x000000000003ee80        0x0 build/cooja/contiki-ng-cooja.a(contiki-main.o)
 .data          0x000000000003ee80        0x0 build/cooja/contiki-ng-cooja.a(autostart.o)
 .data          0x000000000003ee80        0x0 build/cooja/contiki-ng-cooja.a(ctimer.o)
 .data.rel.local
                0x000000000003ee80       0x40 build/cooja/contiki-ng-cooja.a(ctimer.o)
                0x000000000003eea0                ctimer_process
 .data          0x000000000003eec0        0x0 build/cooja/contiki-ng-cooja.a(energest.o)
 .data          0x000000000003eec0        0x0 build/cooja/contiki-ng-cooja.a(etimer.o)
 .data.rel.local
                0x000000000003eec0       0x20 build/cooja/contiki-ng-cooja.a(etimer.o)
                0x000000000003eec0                etimer_process
 .data          0x000000000003eee0        0x4 build/cooja/contiki-ng-cooja.a(log.o)
                0x000000000003eee0                curr_log_level_main
 *fill*         0x000000000003eee4       0x1c 
 .data.rel      0x000000000003ef00      0x138 build/cooja/contiki-ng-cooja.a(log.o)
                0x000000000003ef00                all_modules
 .data          0x000000000003f038        0x0 build/cooja/contiki-ng-cooja.a(node-id.o)
 .data          0x000000000003f038        0x0 build/cooja/contiki-ng-cooja.a(process.o)
 .data          0x000000000003f038        0x0 build/cooja/contiki-ng-cooja.a(rtimer.o)
 .data          0x000000000003f038        0x0 build/cooja/contiki-ng-cooja.a(timer.o)
 .data          0x000000000003f038        0x0 build/cooja/contiki-ng-cooja.a(list.o)
 .data          0x000000000003f038        0x0 build/cooja/contiki-ng-cooja.a(button-hal.o)
 *fill*         0x000000000003f038        0x8 
 .data.rel.local
                0x000000000003f040       0x20 build/cooja/contiki-ng-cooja.a(button-hal.o)
                0x000000000003f040                button_hal_process
 .data          0x000000000003f060        0x0 build/cooja/contiki-ng-cooja.a(gpio-hal.o)
 .data.rel.local
                0x000000000003f060        0x8 build/cooja/contiki-ng-cooja.a(gpio-hal.o)
 .data          0x000000000003f068        0x0 build/cooja/contiki-ng-cooja.a(serial-line.o)
 *fill*         0x000000000003f068       0x18 
 .data.rel.local
                0x000000000003f080       0x20 build/cooja/contiki-ng-cooja.a(serial-line.o)
                0x000000000003f080                serial_line_process
 .data          0x000000000003f0a0        0x0 build/cooja/contiki-ng-cooja.a(linkaddr.o)
 .data          0x000000000003f0a0        0x0 build/cooja/contiki-ng-cooja.a(netstack.o)
 .data.rel.local
                0x000000000003f0a0        0x8 build/cooja/contiki-ng-cooja.a(netstack.o)
 .data          0x000000000003f0a8        0x0 build/cooja/contiki-ng-cooja.a(packetbuf.o)
 .data.rel.local
                0x000000000003f0a8        0x8 build/cooja/contiki-ng-cooja.a(packetbuf.o)
 .data          0x000000000003f0b0        0x0 build/cooja/contiki-ng-cooja.a(queuebuf.o)
 .data.rel.local
                0x000000000003f0b0       0x38 build/cooja/contiki-ng-cooja.a(queuebuf.o)
 .data          0x000000000003f0e8        0x0 build/cooja/contiki-ng-cooja.a(printf.o)
 *fill*         0x000000000003f0e8        0x8 
 .data.rel.local
                0x000000000003f0f0       0x10 build/cooja/contiki-ng-cooja.a(printf.o)
 .data          0x000000000003f100        0x0 build/cooja/contiki-ng-cooja.a(putchar.o)
 .data          0x000000000003f100        0x0 build/cooja/contiki-ng-cooja.a(puts.o)
 .data          0x000000000003f100        0x0 build/cooja/contiki-ng-cooja.a(snprintf.o)
 .data          0x000000000003f100        0x0 build/cooja/contiki-ng-cooja.a(sprintf.o)
 .data          0x000000000003f100        0x0 build/cooja/contiki-ng-cooja.a(strformat.o)
 .data          0x000000000003f100        0x0 build/cooja/contiki-ng-cooja.a(csma.o)
 .data          0x000000000003f100        0x0 build/cooja/contiki-ng-cooja.a(sicslowpan.o)
 .data          0x000000000003f100        0x0 build/cooja/contiki-ng-cooja.a(tcp-socket.o)
 .data.rel.local
                0x000000000003f100       0x40 build/cooja/contiki-ng-cooja.a(tcp-socket.o)
                0x000000000003f120                tcp_socket_process
 .data          0x000000000003f140        0x0 build/cooja/contiki-ng-cooja.a(tcpip.o)
 .data.rel.local
                0x000000000003f140       0x20 build/cooja/contiki-ng-cooja.a(tcpip.o)
                0x000000000003f140                tcpip_process
 .data          0x000000000003f160        0x0 build/cooja/contiki-ng-cooja.a(uip-ds6-nbr.o)
 .data.rel.local
                0x000000000003f160       0x20 build/cooja/contiki-ng-cooja.a(uip-ds6-nbr.o)
 .data          0x000000000003f180        0x0 build/cooja/contiki-ng-cooja.a(uip-ds6-route.o)
 .data.rel.local
                0x000000000003f180       0x28 build/cooja/contiki-ng-cooja.a(uip-ds6-route.o)
 .data          0x000000000003f1a8        0x0 build/cooja/contiki-ng-cooja.a(uip-ds6.o)
 .data          0x000000000003f1a8        0x0 build/cooja/contiki-ng-cooja.a(uip-packetqueue.o)
 *fill*         0x000000000003f1a8        0x8 
 .data.rel.local
                0x000000000003f1b0       0x18 build/cooja/contiki-ng-cooja.a(uip-packetqueue.o)
 .data          0x000000000003f1c8        0x0 build/cooja/contiki-ng-cooja.a(uip6.o)
 .data          0x000000000003f1c8        0x0 build/cooja/contiki-ng-cooja.a(uipbuf.o)
 .data          0x000000000003f1c8        0x0 build/cooja/contiki-ng-cooja.a(uiplib.o)
 .data          0x000000000003f1c8        0x0 build/cooja/contiki-ng-cooja.a(rpl.o)
 .data          0x000000000003f1c8        0x0 build/cooja/contiki-ng-cooja.a(json_util.o)
 .data          0x000000000003f1c8        0x0 build/cooja/contiki-ng-cooja.a(watchdog.o)
 .data          0x000000000003f1c8        0x0 build/cooja/contiki-ng-cooja.a(int-master.o)
 .data          0x000000000003f1c8        0x0 build/cooja/contiki-ng-cooja.a(stimer.o)
 .data          0x000000000003f1c8        0x0 build/cooja/contiki-ng-cooja.a(memb.o)
 .data          0x000000000003f1c8        0x0 build/cooja/contiki-ng-cooja.a(ringbuf.o)
 .data          0x000000000003f1c8        0x0 build/cooja/contiki-ng-cooja.a(link-stats.o)
 *fill*         0x000000000003f1c8        0x8 
 .data.rel.local
                0x000000000003f1d0       0x20 build/cooja/contiki-ng-cooja.a(link-stats.o)
 .data          0x000000000003f1f0        0x0 build/cooja/contiki-ng-cooja.a(nbr-table.o)
 .data.rel.local
                0x000000000003f1f0       0x20 build/cooja/contiki-ng-cooja.a(nbr-table.o)
 .data          0x000000000003f210        0x0 build/cooja/contiki-ng-cooja.a(mac-sequence.o)
 .data          0x000000000003f210        0x0 build/cooja/contiki-ng-cooja.a(framer-802154.o)
 .data          0x000000000003f210        0x0 build/cooja/contiki-ng-cooja.a(csma-output.o)
 .data.rel.local
                0x000000000003f210       0x60 build/cooja/contiki-ng-cooja.a(csma-output.o)
 .data          0x000000000003f270        0x0 build/cooja/contiki-ng-cooja.a(csma-security.o)
 .data          0x000000000003f270        0x0 build/cooja/contiki-ng-cooja.a(uip-icmp6.o)
 .data.rel.local
                0x000000000003f270       0x48 build/cooja/contiki-ng-cooja.a(uip-icmp6.o)
 .data          0x000000000003f2b8        0x0 build/cooja/contiki-ng-cooja.a(uip-nd6.o)
 *fill*         0x000000000003f2b8        0x8 
 .data.rel.local
                0x000000000003f2c0       0x18 build/cooja/contiki-ng-cooja.a(uip-nd6.o)
 .data          0x000000000003f2d8        0x0 build/cooja/contiki-ng-cooja.a(uip-sr.o)
 *fill*         0x000000000003f2d8        0x8 
 .data.rel.local
                0x000000000003f2e0       0x28 build/cooja/contiki-ng-cooja.a(uip-sr.o)
 .data          0x000000000003f308        0x0 build/cooja/contiki-ng-cooja.a(rpl-dag-root.o)
 .data          0x000000000003f308        0x0 build/cooja/contiki-ng-cooja.a(rpl-dag.o)
 .data          0x000000000003f308        0x0 build/cooja/contiki-ng-cooja.a(rpl-ext-header.o)
 .data          0x000000000003f308        0x0 build/cooja/contiki-ng-cooja.a(rpl-icmp6.o)
 *fill*         0x000000000003f308        0x8 
 .data.rel.local
                0x000000000003f310       0x78 build/cooja/contiki-ng-cooja.a(rpl-icmp6.o)
 .data          0x000000000003f388        0x0 build/cooja/contiki-ng-cooja.a(rpl-mrhof.o)
 *fill*         0x000000000003f388       0x18 
 .data.rel.local
                0x000000000003f3a0       0x48 build/cooja/contiki-ng-cooja.a(rpl-mrhof.o)
                0x000000000003f3a0                rpl_mrhof
 .data          0x000000000003f3e8        0x0 build/cooja/contiki-ng-cooja.a(rpl-nbr-policy.o)
 .data          0x000000000003f3e8        0x0 build/cooja/contiki-ng-cooja.a(rpl-neighbor.o)
 *fill*         0x000000000003f3e8        0x8 
 .data.rel.local
                0x000000000003f3f0       0x20 build/cooja/contiki-ng-cooja.a(rpl-neighbor.o)
                0x000000000003f408                rpl_neighbors
 .data          0x000000000003f410        0x0 build/cooja/contiki-ng-cooja.a(rpl-timers.o)
 .data          0x000000000003f410        0x0 build/cooja/contiki-ng-cooja.a(assert.o)
 .data          0x000000000003f410        0x0 build/cooja/contiki-ng-cooja.a(mac.o)
 .data          0x000000000003f410        0x2 build/cooja/contiki-ng-cooja.a(frame802154.o)
 .data          0x000000000003f412        0x0 /usr/lib/gcc/x86_64-linux-gnu/11/crtendS.o
 .data          0x000000000003f412        0x0 /usr/lib/gcc/x86_64-linux-gnu/11/../../../x86_64-linux-gnu/crtn.o

.tm_clone_table
                0x000000000003f418        0x0
 .tm_clone_table
                0x000000000003f418        0x0 /usr/lib/gcc/x86_64-linux-gnu/11/crtbeginS.o
 .tm_clone_table
                0x000000000003f418        0x0 /usr/lib/gcc/x86_64-linux-gnu/11/crtendS.o

.data1
 *(.data1)
                [!provide]                        PROVIDE (_edata = .)
                [!provide]                        PROVIDE (edata = .)
                0x000000000003f418                . = .
                [!provide]                        PROVIDE (__bss_start = .)

.bss            0x000000000003f420    0x182e0
 *(.dynbss)
 .dynbss        0x000000000003f420        0x0 /usr/lib/gcc/x86_64-linux-gnu/11/../../../x86_64-linux-gnu/crti.o
 *(.bss .bss.* .gnu.linkonce.b.*)
 .bss           0x000000000003f420        0x0 /usr/lib/gcc/x86_64-linux-gnu/11/../../../x86_64-linux-gnu/crti.o
 .bss           0x000000000003f420        0x1 /usr/lib/gcc/x86_64-linux-gnu/11/crtbeginS.o
 *fill*         0x000000000003f421       0x1f 
 .bss           0x000000000003f440      0xc28 sensor-humidity.o
                0x000000000003f440                btn
 *fill*         0x0000000000040068       0x18 
 .bss           0x0000000000040080     0x4060 build/cooja/mtype463315858.o
                0x0000000000040080                sensors_flags
                0x0000000000040088                referenceVar
 .bss           0x00000000000440e0       0x18 build/cooja/contiki-ng-cooja.a(simEnvChange.o)
                0x00000000000440e0                simDontFallAsleep
                0x00000000000440e4                simProcessRunValue
                0x00000000000440e8                simEtimerPending
                0x00000000000440f0                simEtimerNextExpirationTime
 .bss           0x00000000000440f8        0x8 build/cooja/contiki-ng-cooja.a(cooja_mt.o)
 .bss           0x0000000000044100        0x8 build/cooja/contiki-ng-cooja.a(cooja_mtarch.o)
 .bss           0x0000000000044108       0x18 build/cooja/contiki-ng-cooja.a(rtimer-arch.o)
                0x0000000000044108                simRtimerPending
                0x0000000000044110                simRtimerNextExpirationTime
                0x0000000000044118                simRtimerCurrentTicks
 .bss           0x0000000000044120        0x1 build/cooja/contiki-ng-cooja.a(beep.o)
                0x0000000000044120                simBeeped
 .bss           0x0000000000044121        0x1 build/cooja/contiki-ng-cooja.a(leds-arch.o)
                0x0000000000044121                simLedsValue
 *fill*         0x0000000000044122        0x2 
 .bss           0x0000000000044124        0xc build/cooja/contiki-ng-cooja.a(moteid.o)
                0x0000000000044124                simMoteID
                0x0000000000044128                simMoteIDChanged
                0x000000000004412c                simRandomSeed
 .bss           0x0000000000044130        0x3 build/cooja/contiki-ng-cooja.a(pir-sensor.o)
                0x0000000000044130                simPirChanged
                0x0000000000044131                simPirIsActive
                0x0000000000044132                simPirValue
 *fill*         0x0000000000044133        0xd 
 .bss           0x0000000000044140      0x810 build/cooja/contiki-ng-cooja.a(rs232.o)
                0x0000000000044140                simSerialReceivingData
                0x0000000000044940                simSerialReceivingLength
                0x0000000000044944                simSerialReceivingFlag
 .bss           0x0000000000044950        0x3 build/cooja/contiki-ng-cooja.a(vib-sensor.o)
                0x0000000000044950                simVibChanged
                0x0000000000044951                simVibIsActive
                0x0000000000044952                simVibValue
 *fill*         0x0000000000044953        0x5 
 .bss           0x0000000000044958        0x8 build/cooja/contiki-ng-cooja.a(clock.o)
                0x0000000000044958                simCurrentTime
 .bss           0x0000000000044960     0x200d build/cooja/contiki-ng-cooja.a(cooja-log.o)
                0x0000000000044960                simLoggedData
                0x0000000000046960                simLoggedLength
                0x0000000000046964                simLoggedFlag
 *fill*         0x000000000004696d       0x13 
 .bss           0x0000000000046980      0xfc0 build/cooja/contiki-ng-cooja.a(cfs-cooja.o)
                0x0000000000046980                simCFSData
                0x0000000000047920                simCFSSize
                0x0000000000047924                simCFSChanged
                0x0000000000047928                simCFSRead
                0x000000000004792c                simCFSWritten
 .bss           0x0000000000047940      0x15c build/cooja/contiki-ng-cooja.a(cooja-radio.o)
                0x0000000000047940                simReceiving
                0x0000000000047960                simInDataBuffer
                0x00000000000479e0                simInSize
                0x00000000000479e8                simLastPacketTimestamp
                0x0000000000047a00                simOutDataBuffer
                0x0000000000047a80                simOutSize
 *fill*         0x0000000000047a9c        0x4 
 .bss           0x0000000000047aa0      0x40c build/cooja/contiki-ng-cooja.a(eeprom.o)
                0x0000000000047aa0                simEEPROMData
                0x0000000000047ea0                simEEPROMChanged
                0x0000000000047ea4                simEEPROMRead
                0x0000000000047ea8                simEEPROMWritten
 .bss           0x0000000000047eac        0x0 build/cooja/contiki-ng-cooja.a(random.o)
 .bss           0x0000000000047eac        0xc build/cooja/contiki-ng-cooja.a(sensors.o)
                0x0000000000047eac                sensors_event
 .bss           0x0000000000047eb8        0x0 build/cooja/contiki-ng-cooja.a(leds.o)