Archive member included to satisfy reference by file (symbol)

build/cooja/contiki-ng-cooja.a(simEnvChange.o)
                              build/cooja/mtype633573958.o (simDontFallAsleep)
build/cooja/contiki-ng-cooja.a(cooja_mt.o)
                              build/cooja/mtype633573958.o (cooja_mt_start)
build/cooja/contiki-ng-cooja.a(cooja_mtarch.o)
                              build/cooja/contiki-ng-cooja.a(cooja_mt.o) (cooja_mtarch_start)
build/cooja/contiki-ng-cooja.a(rtimer-arch.o)
                              build/cooja/mtype633573958.o (rtimer_arch_check)
build/cooja/contiki-ng-cooja.a(beep.o)
                              build/cooja/mtype633573958.o (beep_interface)
build/cooja/contiki-ng-cooja.a(leds-arch.o)
                              build/cooja/mtype633573958.o (leds_interface)
build/cooja/contiki-ng-cooja.a(moteid.o)
                              build/cooja/mtype633573958.o (moteid_interface)
build/cooja/contiki-ng-cooja.a(pir-sensor.o)
                              build/cooja/mtype633573958.o (pir_interface)
build/cooja/contiki-ng-cooja.a(rs232.o)
                              build/cooja/mtype633573958.o (rs232_interface)
build/cooja/contiki-ng-cooja.a(vib-sensor.o)
                              build/cooja/mtype633573958.o (vib_interface)
build/cooja/contiki-ng-cooja.a(clock.o)
                              build/cooja/mtype633573958.o (clock_interface)
build/cooja/contiki-ng-cooja.a(cooja-log.o)
                              build/cooja/mtype633573958.o (simlog_interface)
build/cooja/contiki-ng-cooja.a(cfs-cooja.o)
                              build/cooja/mtype633573958.o (cfs_interface)
build/cooja/contiki-ng-cooja.a(cooja-radio.o)
                              build/cooja/mtype633573958.o (radio_interface)
build/cooja/contiki-ng-cooja.a(eeprom.o)
                              build/cooja/mtype633573958.o (eeprom_interface)
build/cooja/contiki-ng-cooja.a(random.o)
                              build/cooja/contiki-ng-cooja.a(moteid.o) (random_init)
build/cooja/contiki-ng-cooja.a(sensors.o)
                              build/cooja/contiki-ng-cooja.a(pir-sensor.o) (sensors_changed)
build/cooja/contiki-ng-cooja.a(leds.o)
                              build/cooja/contiki-ng-cooja.a(leds-arch.o) (leds_get)
build/cooja/contiki-ng-cooja.a(gpio-hal-arch.o)
                              build/cooja/contiki-ng-cooja.a(leds-arch.o) (gpio_hal_arch_register_pin_callback)
build/cooja/contiki-ng-cooja.a(buttons.o)
                              build/cooja/mtype633573958.o (button_interface)
build/cooja/contiki-ng-cooja.a(mqtt.o)
                              sensor-light_co2_temp.o (mqtt_register)
build/cooja/contiki-ng-cooja.a(contiki-main.o)
                              build/cooja/mtype633573958.o (main)
build/cooja/contiki-ng-cooja.a(autostart.o)
                              build/cooja/contiki-ng-cooja.a(contiki-main.o) (autostart_start)
build/cooja/contiki-ng-cooja.a(ctimer.o)
                              build/cooja/contiki-ng-cooja.a(contiki-main.o) (ctimer_init)
build/cooja/contiki-ng-cooja.a(energest.o)
                              build/cooja/contiki-ng-cooja.a(contiki-main.o) (energest_init)
build/cooja/contiki-ng-cooja.a(etimer.o)
                              build/cooja/contiki-ng-cooja.a(contiki-main.o) (etimer_process)
build/cooja/contiki-ng-cooja.a(log.o)
                              build/cooja/contiki-ng-cooja.a(contiki-main.o) (curr_log_level_main)
build/cooja/contiki-ng-cooja.a(node-id.o)
                              build/cooja/contiki-ng-cooja.a(contiki-main.o) (node_id)
build/cooja/contiki-ng-cooja.a(process.o)
                              build/cooja/contiki-ng-cooja.a(mqtt.o) (process_current)
build/cooja/contiki-ng-cooja.a(rtimer.o)
                              build/cooja/contiki-ng-cooja.a(contiki-main.o) (rtimer_init)
build/cooja/contiki-ng-cooja.a(timer.o)
                              build/cooja/contiki-ng-cooja.a(mqtt.o) (timer_set)
build/cooja/contiki-ng-cooja.a(list.o)
                              build/cooja/contiki-ng-cooja.a(mqtt.o) (list_init)
build/cooja/contiki-ng-cooja.a(button-hal.o)
                              sensor-light_co2_temp.o (button_hal_press_event)
build/cooja/contiki-ng-cooja.a(gpio-hal.o)
                              build/cooja/contiki-ng-cooja.a(button-hal.o) (gpio_hal_register_handler)
build/cooja/contiki-ng-cooja.a(serial-line.o)
                              build/cooja/contiki-ng-cooja.a(rs232.o) (serial_line_input_byte)
build/cooja/contiki-ng-cooja.a(linkaddr.o)
                              sensor-light_co2_temp.o (linkaddr_node_addr)
build/cooja/contiki-ng-cooja.a(netstack.o)
                              build/cooja/contiki-ng-cooja.a(contiki-main.o) (netstack_init)
build/cooja/contiki-ng-cooja.a(packetbuf.o)
                              build/cooja/contiki-ng-cooja.a(cooja-radio.o) (packetbuf_clear)
build/cooja/contiki-ng-cooja.a(queuebuf.o)
[...]
Memory Configuration

Name             Origin             Length             Attributes
*default*        0x0000000000000000 0xffffffffffffffff

Linker script and memory map

LOAD /usr/lib/gcc/x86_64-linux-gnu/11/../../../x86_64-linux-gnu/crti.o
LOAD /usr/lib/gcc/x86_64-linux-gnu/11/crtbeginS.o
LOAD sensor-light_co2_temp.o
LOAD build/cooja/mtype633573958.o
LOAD build/cooja/contiki-ng-cooja.a
LOAD /usr/lib/gcc/x86_64-linux-gnu/11/libgcc.a
LOAD /usr/lib/gcc/x86_64-linux-gnu/11/libgcc_s.so
START GROUP
LOAD /usr/lib/gcc/x86_64-linux-gnu/11/../../../x86_64-linux-gnu/libgcc_s.so.1
LOAD /usr/lib/gcc/x86_64-linux-gnu/11/libgcc.a
END GROUP
LOAD /usr/lib/gcc/x86_64-linux-gnu/11/../../../x86_64-linux-gnu/libc.so
START GROUP
LOAD /lib/x86_64-linux-gnu/libc.so.6
LOAD /usr/lib/x86_64-linux-gnu/libc_nonshared.a
LOAD /lib64/ld-linux-x86-64.so.2
END GROUP
LOAD /usr/lib/gcc/x86_64-linux-gnu/11/libgcc.a
LOAD /usr/lib/gcc/x86_64-linux-gnu/11/libgcc_s.so
START GROUP
LOAD /usr/lib/gcc/x86_64-linux-gnu/11/../../../x86_64-linux-gnu/libgcc_s.so.1
LOAD /usr/lib/gcc/x86_64-linux-gnu/11/libgcc.a
END GROUP
LOAD /usr/lib/gcc/x86_64-linux-gnu/11/crtendS.o
LOAD /usr/lib/gcc/x86_64-linux-gnu/11/../../../x86_64-linux-gnu/crtn.o
                0x00000000000002a8                . = (SEGMENT_START ("text-segment", 0x0) + SIZEOF_HEADERS)

.note.gnu.property
                0x00000000000002a8       0x20
 .note.gnu.property
                0x00000000000002a8       0x20 /usr/lib/gcc/x86_64-linux-gnu/11/../../../x86_64-linux-gnu/crti.o

.note.gnu.build-id
                0x00000000000002c8       0x24
 *(.note.gnu.build-id)
 .note.gnu.build-id
                0x00000000000002c8       0x24 /usr/lib/gcc/x86_64-linux-gnu/11/../../../x86_64-linux-gnu/crti.o

.hash
 *(.hash)

.gnu.hash       0x00000000000002f0     0x14bc
 *(.gnu.hash)
 .gnu.hash      0x00000000000002f0     0x14bc /usr/lib/gcc/x86_64-linux-gnu/11/../../../x86_64-linux-gnu/crti.o

.dynsym         0x00000000000017b0     0x40b0
 *(.dynsym)
 .dynsym        0x00000000000017b0     0x40b0 /usr/lib/gcc/x86_64-linux-gnu/11/../../../x86_64-linux-gnu/crti.o

.dynstr         0x0000000000005860     0x30e4
 *(.dynstr)
 .dynstr        0x0000000000005860     0x30e4 /usr/lib/gcc/x86_64-linux-gnu/11/../../../x86_64-linux-gnu/crti.o

.gnu.version    0x0000000000008944      0x564
 *(.gnu.version)
 .gnu.version   0x0000000000008944      0x564 /usr/lib/gcc/x86_64-linux-gnu/11/../../../x86_64-linux-gnu/crti.o

.gnu.version_d  0x0000000000008ea8        0x0
 *(.gnu.version_d)
 .gnu.version_d
                0x0000000000008ea8        0x0 /usr/lib/gcc/x86_64-linux-gnu/11/../../../x86_64-linux-gnu/crti.o

.gnu.version_r  0x0000000000008ea8       0x50
 *(.gnu.version_r)
 .gnu.version_r
                0x0000000000008ea8       0x50 /usr/lib/gcc/x86_64-linux-gnu/11/../../../x86_64-linux-gnu/crti.o

.rela.dyn       0x0000000000008ef8     0x1ef0
 *(.rela.init)
 *(.rela.text .rela.text.* .rela.gnu.linkonce.t.*)
 .rela.text     0x0000000000008ef8        0x0 /usr/lib/gcc/x86_64-linux-gnu/11/../../../x86_64-linux-gnu/crti.o
 *(.rela.fini)
 *(.rela.rodata .rela.rodata.* .rela.gnu.linkonce.r.*)
 *(.rela.data .rela.data.* .rela.gnu.linkonce.d.*)
 .rela.data.rel.local
                0x0000000000008ef8      0x720 /usr/lib/gcc/x86_64-linux-gnu/11/../../../x86_64-linux-gnu/crti.o
 .rela.data.rel.ro
                0x0000000000009618      0x288 /usr/lib/gcc/x86_64-linux-gnu/11/../../../x86_64-linux-gnu/crti.o
 .rela.data.rel
                0x00000000000098a0      0x3a8 /usr/lib/gcc/x86_64-linux-gnu/11/../../../x86_64-linux-gnu/crti.o
 .rela.data.rel.ro.local
                0x0000000000009c48      0x5a0 /usr/lib/gcc/x86_64-linux-gnu/11/../../../x86_64-linux-gnu/crti.o
 *(.rela.tdata .rela.tdata.* .rela.gnu.linkonce.td.*)
 *(.rela.tbss .rela.tbss.* .rela.gnu.linkonce.tb.*)
 *(.rela.ctors)
 *(.rela.dtors)
 *(.rela.got)
 .rela.got      0x000000000000a1e8      0xbd0 /usr/lib/gcc/x86_64-linux-gnu/11/../../../x86_64-linux-gnu/crti.o
 *(.rela.bss .rela.bss.* .rela.gnu.linkonce.b.*)
 *(.rela.ldata .rela.ldata.* .rela.gnu.linkonce.l.*)
 *(.rela.lbss .rela.lbss.* .rela.gnu.linkonce.lb.*)
 *(.rela.lrodata .rela.lrodata.* .rela.gnu.linkonce.lr.*)
 *(.rela.ifunc)
 .rela.ifunc    0x000000000000adb8        0x0 /usr/lib/gcc/x86_64-linux-gnu/11/../../../x86_64-linux-gnu/crti.o
 .rela.fini_array
                0x000000000000adb8       0x18 /usr/lib/gcc/x86_64-linux-gnu/11/../../../x86_64-linux-gnu/crti.o
 .rela.init_array
                0x000000000000add0       0x18 /usr/lib/gcc/x86_64-linux-gnu/11/../../../x86_64-linux-gnu/crti.o

.rela.plt       0x000000000000ade8     0x22f8
 *(.rela.plt)
 .rela.plt      0x000000000000ade8     0x22f8 /usr/lib/gcc/x86_64-linux-gnu/11/../../../x86_64-linux-gnu/crti.o
 *(.rela.iplt)

.relr.dyn
 *(.relr.dyn)
                0x000000000000e000                . = ALIGN (CONSTANT (MAXPAGESIZE))

.init           0x000000000000e000       0x1b
 *(SORT_NONE(.init))
 .init          0x000000000000e000       0x16 /usr/lib/gcc/x86_64-linux-gnu/11/../../../x86_64-linux-gnu/crti.o
                0x000000000000e000                _init
 .init          0x000000000000e016        0x5 /usr/lib/gcc/x86_64-linux-gnu/11/../../../x86_64-linux-gnu/crtn.o

.plt            0x000000000000e020     0x1760
 *(.plt)
 .plt           0x000000000000e020     0x1760 /usr/lib/gcc/x86_64-linux-gnu/11/../../../x86_64-linux-gnu/crti.o
 *(.iplt)

.plt.got        0x000000000000f780       0x30
 *(.plt.got)
 .plt.got       0x000000000000f780       0x30 /usr/lib/gcc/x86_64-linux-gnu/11/../../../x86_64-linux-gnu/crti.o

.plt.sec        0x000000000000f7b0     0x1750
 *(.plt.sec)
 .plt.sec       0x000000000000f7b0     0x1750 /usr/lib/gcc/x86_64-linux-gnu/11/../../../x86_64-linux-gnu/crti.o

.text           0x0000000000010f00    0x21f3c
 *(.text.unlikely .text.*_unlikely .text.unlikely.*)
 *(.text.exit .text.exit.*)
 *(.text.startup .text.startup.*)
 *(.text.hot .text.hot.*)
 *(SORT_BY_NAME(.text.sorted.*))
 *(.text .stub .text.* .gnu.linkonce.t.*)
 .text          0x0000000000010f00        0x0 /usr/lib/gcc/x86_64-linux-gnu/11/../../../x86_64-linux-gnu/crti.o
 .text          0x0000000000010f00       0xb9 /usr/lib/gcc/x86_64-linux-gnu/11/crtbeginS.o
 .text          0x0000000000010fb9     0x10b9 sensor-light_co2_temp.o
 .text          0x0000000000012072      0x374 build/cooja/mtype633573958.o
                0x0000000000012128                platform_init_stage_one
                0x000000000001213d                platform_init_stage_two
                0x0000000000012152                platform_init_stage_three
                0x0000000000012167                platform_main_loop
                0x0000000000012201                JNI_OnLoad
                0x0000000000012218                Java_org_contikios_cooja_corecomm_Lib4_init
                0x000000000001226b                Java_org_contikios_cooja_corecomm_Lib4_getMemory
                0x00000000000122ca                Java_org_contikios_cooja_corecomm_Lib4_setMemory
                0x0000000000012329                Java_org_contikios_cooja_corecomm_Lib4_tick
                0x00000000000123b7                Java_org_contikios_cooja_corecomm_Lib4_setReferenceAddress
 .text          0x00000000000123e6       0x93 build/cooja/contiki-ng-cooja.a(simEnvChange.o)
                0x00000000000123e6                doActionsBeforeTick
                0x000000000001242f                doActionsAfterTick
 .text          0x0000000000012479       0xab build/cooja/contiki-ng-cooja.a(cooja_mt.o)
                0x0000000000012479                cooja_mt_start
                0x00000000000124b9                cooja_mt_exec
                0x00000000000124fc                cooja_mt_yield
 .text          0x0000000000012524      0x10e build/cooja/contiki-ng-cooja.a(cooja_mtarch.o)
                0x0000000000012524                cooja_mtarch_start
                0x00000000000125c7                cooja_sw
                0x00000000000125f4                cooja_mtarch_exec
                0x0000000000012622                cooja_mtarch_yield
 .text          0x0000000000012632       0xcc build/cooja/contiki-ng-cooja.a(rtimer-arch.o)
                0x0000000000012632                rtimer_arch_init
                0x0000000000012658                rtimer_arch_schedule
                0x0000000000012682                rtimer_arch_next
                0x0000000000012696                rtimer_arch_pending
                0x00000000000126a9                rtimer_arch_check
                0x00000000000126ea                rtimer_arch_now
 .text          0x00000000000126fe       0xe6 build/cooja/contiki-ng-cooja.a(beep.o)
                0x00000000000126fe                beep_alarm
                0x0000000000012719                beep_beep
                0x0000000000012731                beep
                0x0000000000012746                beep_down
                0x000000000001275e                beep_on
                0x0000000000012773                beep_off
                0x0000000000012788                beep_spinup
                0x000000000001279d                beep_quick
                0x00000000000127b5                beep_long
 .text          0x00000000000127e4       0x80 build/cooja/contiki-ng-cooja.a(leds-arch.o)
                0x00000000000127fd                leds_arch_init
 .text          0x0000000000012864       0x41 build/cooja/contiki-ng-cooja.a(moteid.o)
 .text          0x00000000000128a5       0xfa build/cooja/contiki-ng-cooja.a(pir-sensor.o)
 .text          0x000000000001299f      0x18b build/cooja/contiki-ng-cooja.a(rs232.o)
                0x000000000001299f                rs232_init
                0x00000000000129aa                rs232_set_speed
                0x00000000000129ba                rs232_set_input
                0x00000000000129d4                rs232_send
                0x00000000000129f3                rs232_print
                0x0000000000012a21                slip_arch_writeb
 .text          0x0000000000012b2a       0xfa build/cooja/contiki-ng-cooja.a(vib-sensor.o)
 .text          0x0000000000012c24       0x6f build/cooja/contiki-ng-cooja.a(clock.o)
                0x0000000000012c24                clock_init
                0x0000000000012c2f                clock_time
                0x0000000000012c43                clock_seconds
                0x0000000000012c6f                clock_delay
 .text          0x0000000000012c93      0x214 build/cooja/contiki-ng-cooja.a(cooja-log.o)
                0x0000000000012c93                simlog_char
                0x0000000000012ced                simlog
                0x0000000000012d72                log_message
                0x0000000000012db7                log_set_putchar_with_slip
                0x0000000000012dce                dbg_putchar
                0x0000000000012e4f                dbg_send_bytes
 .text          0x0000000000012ea7      0x39b build/cooja/contiki-ng-cooja.a(cfs-cooja.o)
                0x0000000000012ea7                cfs_open
                0x0000000000012f24                cfs_close
                0x0000000000012f39                cfs_read
                0x0000000000013000                cfs_write
                0x0000000000013110                cfs_seek
                0x00000000000131bf                cfs_remove
                0x00000000000131ef                cfs_opendir
                0x0000000000013206                cfs_readdir
                0x000000000001321d                cfs_closedir
 .text          0x0000000000013242      0x79f build/cooja/contiki-ng-cooja.a(cooja-radio.o)
                0x00000000000132a1                radio_set_channel
                0x00000000000132bb                radio_set_txpower
                0x00000000000132d8                radio_signal_strength_last
                0x00000000000132eb                radio_signal_strength_current
                0x00000000000132fe                radio_LQI
 .text          0x00000000000139e1      0x163 build/cooja/contiki-ng-cooja.a(eeprom.o)
                0x00000000000139e1                eeprom_init
                0x00000000000139f0                eeprom_read
                0x0000000000013a8f                eeprom_write
 .text          0x0000000000013b44       0x2f build/cooja/contiki-ng-cooja.a(random.o)
                0x0000000000013b44                random_init
                0x0000000000013b64                random_rand
 .text          0x0000000000013b73      0x35f build/cooja/contiki-ng-cooja.a(sensors.o)
                0x0000000000013bbc                sensors_first
                0x0000000000013bd0                sensors_next
                0x0000000000013bff                sensors_changed
                0x0000000000013c4c                sensors_find
 .text          0x0000000000013ed2      0x3ad build/cooja/contiki-ng-cooja.a(leds.o)
                0x0000000000013ed2                leds_init
                0x0000000000013f1d                leds_single_on
                0x0000000000013f8a                leds_single_off
                0x0000000000013ff7                leds_single_toggle
                0x000000000001402f                leds_on
                0x00000000000140c0                leds_off
                0x0000000000014151                leds_toggle
                0x00000000000141ad                leds_set
                0x00000000000141d6                leds_get
 .text          0x000000000001427f      0x41b build/cooja/contiki-ng-cooja.a(gpio-hal-arch.o)
                0x000000000001427f                gpio_hal_arch_register_pin_callback
                0x0000000000014326                gpio_hal_arch_init
                0x000000000001437c                gpio_hal_arch_no_port_interrupt_enable
                0x00000000000143c9                gpio_hal_arch_no_port_interrupt_disable
                0x0000000000014416                gpio_hal_arch_no_port_pin_cfg_set
                0x000000000001444c                gpio_hal_arch_no_port_pin_cfg_get
                0x0000000000014480                gpio_hal_arch_no_port_pin_set_input
                0x0000000000014493                gpio_hal_arch_no_port_pin_set_output
                0x00000000000144a6                gpio_hal_arch_no_port_set_pin
                0x00000000000144ca                gpio_hal_arch_no_port_clear_pin
                0x00000000000144ee                gpio_hal_arch_no_port_read_pin
                0x000000000001451b                gpio_hal_arch_no_port_write_pin
                0x0000000000014545                gpio_hal_arch_no_port_set_pins
                0x0000000000014594                gpio_hal_arch_no_port_clear_pins
                0x00000000000145e3                gpio_hal_arch_no_port_read_pins
                0x0000000000014631                gpio_hal_arch_no_port_write_pins
 .text          0x000000000001469a       0xa8 build/cooja/contiki-ng-cooja.a(buttons.o)
 .text          0x0000000000014742     0x3e29 build/cooja/contiki-ng-cooja.a(mqtt.o)
                0x0000000000014be3                mqtt_decode_var_byte_int
                0x0000000000014ce8                mqtt_encode_var_byte_int
                0x0000000000017dd3                mqtt_init
                0x0000000000017ead                mqtt_register
                0x0000000000017f75                mqtt_connect
                0x00000000000180b5                mqtt_disconnect
                0x0000000000018106                mqtt_subscribe
                0x000000000001820f                mqtt_unsubscribe
                0x0000000000018308                mqtt_publish
                0x0000000000018443                mqtt_set_username_password
                0x00000000000184f4                mqtt_set_last_will
 .text          0x000000000001856b      0x400 build/cooja/contiki-ng-cooja.a(contiki-main.o)
                0x000000000001856b                main
 .text          0x000000000001896b       0xbd build/cooja/contiki-ng-cooja.a(autostart.o)
                0x000000000001896b                autostart_start
                0x00000000000189cc                autostart_exit
 .text          0x0000000000018a28      0x441 build/cooja/contiki-ng-cooja.a(ctimer.o)
                0x0000000000018b8a                ctimer_init
                0x0000000000018bbf                ctimer_set
                0x0000000000018c03                ctimer_set_with_process
                0x0000000000018cbd                ctimer_reset
                0x0000000000018d2e                ctimer_restart
                0x0000000000018d9f                ctimer_stop
                0x0000000000018dfd                ctimer_expired
 .text          0x0000000000018e69       0x25 build/cooja/contiki-ng-cooja.a(energest.o)
                0x0000000000018e69                energest_init
                0x0000000000018e74                energest_flush
                0x0000000000018e7f                energest_get_total_time
 .text          0x0000000000018e8e      0x57c build/cooja/contiki-ng-cooja.a(etimer.o)
                0x0000000000019136                etimer_request_poll
                0x00000000000191e8                etimer_set
                0x000000000001921e                etimer_reset_with_new_interval
                0x0000000000019259                etimer_reset
                0x0000000000019284                etimer_restart
                0x00000000000192af                etimer_adjust
                0x00000000000192e0                etimer_expired
                0x00000000000192ff                etimer_expiration_time
                0x000000000001931f                etimer_start_time
                0x0000000000019334                etimer_pending
                0x000000000001934e                etimer_next_expiration_time
                0x000000000001936f                etimer_stop
 .text          0x000000000001940a      0x539 build/cooja/contiki-ng-cooja.a(log.o)
                0x000000000001940a                log_6addr
                0x0000000000019470                log_6addr_compact_snprint
                0x000000000001954b                log_6addr_compact
                0x00000000000195b1                log_lladdr
                0x0000000000019631                log_lladdr_compact
                0x00000000000196b3                log_bytes
                0x0000000000019713                log_set_level
                0x0000000000019821                log_get_level
                0x00000000000198d8                log_level_to_str
 .text          0x0000000000019943       0x36 build/cooja/contiki-ng-cooja.a(node-id.o)
                0x0000000000019943                node_id_init
 .text          0x0000000000019979      0x673 build/cooja/contiki-ng-cooja.a(process.o)
                0x0000000000019979                process_alloc_event
                0x0000000000019993                process_start
                0x0000000000019c03                process_exit
                0x0000000000019c2f                process_init
                0x0000000000019e26                process_run
                0x0000000000019e5b                process_nevents
                0x0000000000019e7b                process_post
                0x0000000000019f43                process_post_synch
                0x0000000000019f91                process_poll
                0x0000000000019fce                process_is_running
 .text          0x0000000000019fec      0x101 build/cooja/contiki-ng-cooja.a(rtimer.o)
                0x0000000000019fec                rtimer_init
                0x0000000000019ffc                rtimer_set
                0x000000000001a07d                rtimer_run_next
 .text          0x000000000001a0ed       0xfd build/cooja/contiki-ng-cooja.a(timer.o)
                0x000000000001a0ed                timer_set
                0x000000000001a11c                timer_reset
                0x000000000001a158                timer_restart
                0x000000000001a177                timer_expired
                0x000000000001a1b2                timer_remaining
 .text          0x000000000001a1ea      0x39b build/cooja/contiki-ng-cooja.a(list.o)
                0x000000000001a1ea                list_init
                0x000000000001a204                list_head
                0x000000000001a219                list_copy
                0x000000000001a23a                list_tail
                0x000000000001a283                list_add
                0x000000000001a2e7                list_push
                0x000000000001a32a                list_chop
                0x000000000001a3b7                list_pop
                0x000000000001a3f1                list_remove
                0x000000000001a47d                list_length
                0x000000000001a4b8                list_insert
                0x000000000001a51b                list_item_next
                0x000000000001a53e                list_contains
 .text          0x000000000001a585      0x574 build/cooja/contiki-ng-cooja.a(button-hal.o)
                0x000000000001a750                button_hal_get_by_id
                0x000000000001a79e                button_hal_get_by_index
                0x000000000001a7d5                button_hal_get_state
                0x000000000001a838                button_hal_init
 .text          0x000000000001aaf9      0x181 build/cooja/contiki-ng-cooja.a(gpio-hal.o)
                0x000000000001aaf9                gpio_hal_register_handler
                0x000000000001ab22                gpio_hal_event_handler
                0x000000000001ab8d                gpio_hal_init
                0x000000000001abac                gpio_hal_arch_port_toggle_pin
                0x000000000001abe3                gpio_hal_arch_port_toggle_pins
                0x000000000001ac14                gpio_hal_arch_no_port_toggle_pin
                0x000000000001ac4e                gpio_hal_arch_no_port_toggle_pins
 .text          0x000000000001ac7a      0x238 build/cooja/contiki-ng-cooja.a(serial-line.o)
                0x000000000001ac7a                serial_line_input_byte
                0x000000000001ae75                serial_line_init
 .text          0x000000000001aeb2       0x80 build/cooja/contiki-ng-cooja.a(linkaddr.o)
                0x000000000001aeb2                linkaddr_copy
                0x000000000001aed3                linkaddr_cmp
                0x000000000001af09                linkaddr_set_node_addr
 .text          0x000000000001af32      0x12b build/cooja/contiki-ng-cooja.a(netstack.o)
                0x000000000001af32                netstack_process_ip_callback
                0x000000000001afd3                netstack_ip_packet_processor_add
                0x000000000001b003                uip_ds6_ip_packet_processor_rm
                0x000000000001b02c                netstack_init
 .text          0x000000000001b05d      0x4a8 build/cooja/contiki-ng-cooja.a(packetbuf.o)
                0x000000000001b05d                packetbuf_clear
                0x000000000001b08b                packetbuf_copyfrom
                0x000000000001b0e4                packetbuf_copyto
                0x000000000001b18a                packetbuf_hdralloc
                0x000000000001b219                packetbuf_hdrreduce
                0x000000000001b269                packetbuf_set_datalen
                0x000000000001b285                packetbuf_dataptr
                0x000000000001b2aa                packetbuf_hdrptr
                0x000000000001b2bb                packetbuf_datalen
                0x000000000001b2cc                packetbuf_hdrlen
                0x000000000001b2e8                packetbuf_totlen
                0x000000000001b30a                packetbuf_remaininglen
                0x000000000001b322                packetbuf_attr_clear
                0x000000000001b387                packetbuf_attr_copyto
                0x000000000001b3d2                packetbuf_attr_copyfrom
                0x000000000001b41d                packetbuf_set_attr
                0x000000000001b44d                packetbuf_attr
                0x000000000001b46e                packetbuf_set_addr
                0x000000000001b4b4                packetbuf_addr
                0x000000000001b4de                packetbuf_holds_broadcast
 .text          0x000000000001b505      0x382 build/cooja/contiki-ng-cooja.a(queuebuf.o)
                0x000000000001b51a                queuebuf_init
                0x000000000001b543                queuebuf_numfree
                0x000000000001b55c                queuebuf_new_from_packetbuf
                0x000000000001b60f                queuebuf_update_attr_from_packetbuf
                0x000000000001b652                queuebuf_update_from_packetbuf
                0x000000000001b6ae                queuebuf_free
                0x000000000001b70a                queuebuf_to_packetbuf
                0x000000000001b783                queuebuf_dataptr
                0x000000000001b7ca                queuebuf_datalen
                0x000000000001b7fa                queuebuf_addr
                0x000000000001b841                queuebuf_attr
                0x000000000001b87c                queuebuf_debug_print
 .text          0x000000000001b887      0x116 build/cooja/contiki-ng-cooja.a(printf.o)
                0x000000000001b8bc                log_printf
 .text          0x000000000001b99d       0x1e build/cooja/contiki-ng-cooja.a(putchar.o)
                0x000000000001b99d                log_putchar
 .text          0x000000000001b9bb       0x3d build/cooja/contiki-ng-cooja.a(puts.o)
                0x000000000001b9bb                log_puts
 .text          0x000000000001b9f8      0x1f8 build/cooja/contiki-ng-cooja.a(snprintf.o)
                0x000000000001ba83                log_snprintf
                0x000000000001bb68                log_vsnprintf
 .text          0x000000000001bbf0      0x152 build/cooja/contiki-ng-cooja.a(sprintf.o)
                0x000000000001bc3b                log_sprintf
 .text          0x000000000001bd42     0x170b build/cooja/contiki-ng-cooja.a(strformat.o)
                0x000000000001c0b5                format_str
                0x000000000001c196                format_str_v
 .text          0x000000000001d44d      0x292 build/cooja/contiki-ng-cooja.a(csma.o)
 .text          0x000000000001d6df     0x3747 build/cooja/contiki-ng-cooja.a(sicslowpan.o)
                0x000000000001deb5                netstack_sniffer_add
                0x000000000001decf                netstack_sniffer_remove
                0x0000000000020def                sicslowpan_init
                0x0000000000020e16                sicslowpan_get_last_rssi
 .text          0x0000000000020e26      0xbaa build/cooja/contiki-ng-cooja.a(tcp-socket.o)
                0x000000000002155f                tcp_socket_register
                0x0000000000021627                tcp_socket_connect
                0x00000000000216e4                tcp_socket_listen
                0x0000000000021771                tcp_socket_unlisten
                0x00000000000217fd                tcp_socket_send
                0x00000000000218ba                tcp_socket_send_str
                0x00000000000218f1                tcp_socket_close
                0x0000000000021926                tcp_socket_unregister
                0x000000000002198f                tcp_socket_max_sendlen
                0x00000000000219b7                tcp_socket_queuelen
 .text          0x00000000000219d0      0xc96 build/cooja/contiki-ng-cooja.a(tcpip.o)
                0x0000000000021a00                tcpip_output
                0x0000000000021b02                tcp_connect
                0x0000000000021b69                tcp_unlisten
                0x0000000000021bd9                tcp_listen
                0x0000000000021c45                tcp_attach
                0x0000000000021c73                udp_attach
                0x0000000000021ca1                udp_new
                0x0000000000021cfc                udp_broadcast_new
                0x000000000002200f                tcpip_input
                0x00000000000221e7                tcpip_ipv6_output
                0x0000000000022440                tcpip_poll_udp
                0x000000000002246e                tcpip_poll_tcp
                0x000000000002249c                tcpip_uipcall
 .text          0x0000000000022666      0x416 build/cooja/contiki-ng-cooja.a(uip-ds6-nbr.o)
                0x0000000000022666                uip_ds6_neighbors_init
                0x000000000002268f                uip_ds6_nbr_add
                0x000000000002272d                uip_ds6_nbr_rm
                0x000000000002278a                uip_ds6_nbr_update_ll
                0x000000000002288f                uip_ds6_nbr_get_ipaddr
                0x00000000000228af                uip_ds6_nbr_get_ll
                0x00000000000228d7                uip_ds6_nbr_num
                0x0000000000022929                uip_ds6_nbr_head
                0x0000000000022942                uip_ds6_nbr_next
                0x000000000002296a                uip_ds6_nbr_lookup
                0x00000000000229d3                uip_ds6_nbr_ll_lookup
                0x00000000000229fb                uip_ds6_nbr_ipaddr_from_lladdr
                0x0000000000022a2f                uip_ds6_nbr_lladdr_from_ipaddr
                0x0000000000022a6b                uip_ds6_link_callback
 .text          0x0000000000022a7c      0x3f9 build/cooja/contiki-ng-cooja.a(uip-ds6-route.o)
                0x0000000000022ad3                uip_ds6_route_init
                0x0000000000022afc                uip_ds6_route_count_nexthop_neighbors
                0x0000000000022b0b                uip_ds6_route_nexthop
                0x0000000000022b1e                uip_ds6_route_head
                0x0000000000022b2d                uip_ds6_route_next
                0x0000000000022b40                uip_ds6_route_is_nexthop
                0x0000000000022b53                uip_ds6_route_num_routes
                0x0000000000022b62                uip_ds6_route_lookup
                0x0000000000022b75                uip_ds6_route_add
                0x0000000000022b91                uip_ds6_route_rm
                0x0000000000022ba0                uip_ds6_route_rm_by_nexthop
                0x0000000000022baf                uip_ds6_defrt_head
                0x0000000000022bc8                uip_ds6_defrt_add
                0x0000000000022c88                uip_ds6_defrt_rm
                0x0000000000022cfe                uip_ds6_defrt_lookup
                0x0000000000022d75                uip_ds6_defrt_choose
                0x0000000000022df8                uip_ds6_defrt_periodic
 .text          0x0000000000022e75      0xebc build/cooja/contiki-ng-cooja.a(uip-ds6.o)
                0x0000000000022e75                uip_ds6_default_prefix
                0x0000000000022e86                uip_ds6_set_default_prefix
                0x0000000000022eae                uip_ds6_init
                0x000000000002314d                uip_ds6_periodic
                0x00000000000231ef                uip_ds6_list_loop
                0x00000000000232d8                uip_ds6_prefix_add
                0x00000000000233a9                uip_ds6_prefix_rm
                0x00000000000233c7                uip_ds6_prefix_lookup
                0x000000000002341e                uip_ds6_is_addr_onlink
                0x00000000000234b2                uip_ds6_addr_add
                0x00000000000235fd                uip_ds6_addr_rm
                0x00000000000236b8                uip_ds6_addr_lookup
                0x000000000002370d                uip_ds6_get_link_local
                0x00000000000237b2                uip_ds6_get_global
                0x0000000000023857                uip_ds6_maddr_add
                0x00000000000238d3                uip_ds6_maddr_rm
                0x00000000000238f1                uip_ds6_maddr_lookup
                0x0000000000023949                uip_ds6_aaddr_add
                0x00000000000239c5                uip_ds6_aaddr_rm
                0x00000000000239e3                uip_ds6_aaddr_lookup
                0x0000000000023a3b                uip_ds6_select_src
                0x0000000000023bc5                uip_ds6_set_addr_iid
                0x0000000000023bfe                uip_ds6_set_lladdr_from_iid
                0x0000000000023c35                get_match_length
                0x0000000000023ce3                uip_ds6_compute_reachable_time
 .text          0x0000000000023d31      0x1b9 build/cooja/contiki-ng-cooja.a(uip-packetqueue.o)
                0x0000000000023d70                uip_packetqueue_new
                0x0000000000023d8a                uip_packetqueue_alloc
                0x0000000000023e04                uip_packetqueue_free
                0x0000000000023e5c                uip_packetqueue_buf
                0x0000000000023e88                uip_packetqueue_buflen
                0x0000000000023eb7                uip_packetqueue_set_buflen
 .text          0x0000000000023eea     0x3915 build/cooja/contiki-ng-cooja.a(uip6.o)
                0x0000000000023eea                uip_add32
                0x00000000000240f4                uip_chksum
                0x00000000000241da                uip_icmp6chksum
                0x00000000000241ee                uip_tcpchksum
                0x0000000000024202                uip_udpchksum
                0x0000000000024216                uip_init
                0x00000000000242db                uip_connect
                0x0000000000024485                uip_remove_ext_hdr
                0x0000000000024586                uip_udp_new
                0x00000000000246f2                uip_unlisten
                0x0000000000024741                uip_listen
                0x0000000000024a63                uip_process
                0x0000000000027685                uip_htons
                0x00000000000276a8                uip_htonl
                0x00000000000276f0                uip_send
 .text          0x00000000000277ff      0x5b1 build/cooja/contiki-ng-cooja.a(uipbuf.o)
                0x00000000000277ff                uipbuf_clear
                0x0000000000027831                uipbuf_add_ext_hdr
                0x00000000000278c9                uipbuf_set_len
                0x00000000000278fb                uipbuf_set_len_field
                0x000000000002792e                uipbuf_get_len_field
                0x0000000000027959                uipbuf_get_next_header
                0x0000000000027acb                uipbuf_get_last_header
                0x0000000000027b5e                uipbuf_search_header
                0x0000000000027c25                uipbuf_get_attr
                0x0000000000027c56                uipbuf_set_attr
                0x0000000000027c96                uipbuf_set_default_attr
                0x0000000000027cd6                uipbuf_clear_attr
                0x0000000000027cfd                uipbuf_set_attr_flag
                0x0000000000027d20                uipbuf_clr_attr_flag
                0x0000000000027d49                uipbuf_is_attr_flag
                0x0000000000027d6e                uipbuf_init
 .text          0x0000000000027db0      0x57d build/cooja/contiki-ng-cooja.a(uiplib.o)
                0x0000000000027db0                uiplib_ip6addrconv
                0x0000000000027f8c                uiplib_ip4addrconv
                0x000000000002805e                uiplib_ipaddr_print
                0x00000000000280c4                uiplib_ipaddr_snprint
 .text          0x000000000002832d      0x66e build/cooja/contiki-ng-cooja.a(rpl.o)
                0x000000000002832d                rpl_lollipop_greater_than
                0x0000000000028391                rpl_get_global_address
                0x0000000000028531                rpl_link_callback
                0x000000000002859b                rpl_has_joined
                0x00000000000285ce                rpl_is_reachable
                0x0000000000028674                rpl_reset_prefix
                0x00000000000286eb                rpl_set_prefix_from_addr
                0x0000000000028806                rpl_set_prefix
                0x0000000000028970                rpl_set_leaf_only
                0x000000000002898a                rpl_get_leaf_only
 .text          0x000000000002899b       0x49 build/cooja/contiki-ng-cooja.a(watchdog.o)
                0x000000000002899b                watchdog_init
                0x00000000000289a6                watchdog_start
                0x00000000000289b1                watchdog_periodic
                0x00000000000289ce                watchdog_stop
                0x00000000000289d9                watchdog_reboot
 .text          0x00000000000289e4       0x61 build/cooja/contiki-ng-cooja.a(int-master.o)
                0x00000000000289e4                int_master_enable
                0x00000000000289f9                int_master_read_and_disable
                0x0000000000028a19                int_master_status_set
                0x0000000000028a30                int_master_is_enabled
 .text          0x0000000000028a45      0x125 build/cooja/contiki-ng-cooja.a(stimer.o)
                0x0000000000028a45                stimer_set
                0x0000000000028a74                stimer_reset
                0x0000000000028ab0                stimer_restart
                0x0000000000028acf                stimer_expired
                0x0000000000028b11                stimer_remaining
                0x0000000000028b49                stimer_elapsed
 .text          0x0000000000028b6a      0x21a build/cooja/contiki-ng-cooja.a(memb.o)
                0x0000000000028b6a                memb_init
                0x0000000000028bcd                memb_alloc
                0x0000000000028c47                memb_free
                0x0000000000028cda                memb_inmemb
                0x0000000000028d31                memb_numfree
 .text          0x0000000000028d84      0x19d build/cooja/contiki-ng-cooja.a(ringbuf.o)
                0x0000000000028d84                ringbuf_init
                0x0000000000028dc5                ringbuf_put
                0x0000000000028e54                ringbuf_get
                0x0000000000028ed2                ringbuf_size
                0x0000000000028eee                ringbuf_elements
 .text          0x0000000000028f21      0x481 build/cooja/contiki-ng-cooja.a(link-stats.o)
                0x0000000000028f21                link_stats_from_lladdr
                0x0000000000028f49                link_stats_get_lladdr
                0x0000000000028f71                link_stats_is_fresh
                0x0000000000028fb9                guess_etx_from_rssi
                0x000000000002903e                link_stats_packet_sent
                0x00000000000291a2                link_stats_input_callback
                0x0000000000029304                link_stats_reset
                0x0000000000029360                link_stats_init
 .text          0x00000000000293a2      0xcb3 build/cooja/contiki-ng-cooja.a(nbr-table.o)
                0x0000000000029800                nbr_table_count_entries
                0x00000000000298a2                nbr_table_gc_get_worst
                0x00000000000298e5                nbr_table_can_accept_new
                0x0000000000029a9a                nbr_table_entry_is_allowed
                0x0000000000029b47                nbr_table_register
                0x0000000000029bd9                nbr_table_is_registered
                0x0000000000029c30                nbr_table_head
                0x0000000000029c9e                nbr_table_next
                0x0000000000029d1b                nbr_table_add_lladdr
                0x0000000000029e7b                nbr_table_get_from_lladdr
                0x0000000000029eda                nbr_table_remove
                0x0000000000029f34                nbr_table_lock
                0x0000000000029f69                nbr_table_unlock
                0x0000000000029f9e                nbr_table_get_lladdr
                0x0000000000029fe1                nbr_table_clear
                0x000000000002a01e                nbr_table_key_head
                0x000000000002a037                nbr_table_key_next
 .text          0x000000000002a055      0x1e0 build/cooja/contiki-ng-cooja.a(mac-sequence.o)
                0x000000000002a055                mac_sequence_is_duplicate
                0x000000000002a136                mac_sequence_register_seqno
 .text          0x000000000002a235      0x451 build/cooja/contiki-ng-cooja.a(framer-802154.o)
                0x000000000002a3d0                framer_802154_setup_params
 .text          0x000000000002a686      0xae3 build/cooja/contiki-ng-cooja.a(csma-output.o)
                0x000000000002ae68                csma_output_packet
                0x000000000002b131                csma_output_init
 .text          0x000000000002b169       0x3d build/cooja/contiki-ng-cooja.a(csma-security.o)
                0x000000000002b169                csma_security_create_frame
                0x000000000002b18f                csma_security_parse_frame
 .text          0x000000000002b1a6      0x8b7 build/cooja/contiki-ng-cooja.a(uip-icmp6.o)
                0x000000000002b223                uip_icmp6_input
                0x000000000002b281                uip_icmp6_register_input_handler
                0x000000000002b413                uip_icmp6_error_output
                0x000000000002b778                uip_icmp6_send
                0x000000000002b9c4                uip_icmp6_echo_reply_callback_add
                0x000000000002ba0b                uip_icmp6_echo_reply_callback_rm
                0x000000000002ba34                uip_icmp6_init
 .text          0x000000000002ba5d      0x87f build/cooja/contiki-ng-cooja.a(uip-nd6.o)
                0x000000000002c2c2                uip_nd6_init
 .text          0x000000000002c2dc      0x7e7 build/cooja/contiki-ng-cooja.a(uip-sr.o)
                0x000000000002c2dc                uip_sr_num_nodes
                0x000000000002c387                uip_sr_get_node
                0x000000000002c3ef                uip_sr_is_addr_reachable
                0x000000000002c4b7                uip_sr_expire_parent
                0x000000000002c526                uip_sr_update_node
                0x000000000002c69a                uip_sr_init
                0x000000000002c6cd                uip_sr_node_head
                0x000000000002c6e6                uip_sr_node_next
                0x000000000002c704                uip_sr_periodic
                0x000000000002c840                uip_sr_free_all
                0x000000000002c8bf                uip_sr_link_snprint
 .text          0x000000000002cac3      0x35a build/cooja/contiki-ng-cooja.a(rpl-dag-root.o)
                0x000000000002cac3                rpl_dag_root_print_links
                0x000000000002cc38                rpl_dag_root_set_prefix
                0x000000000002cc74                rpl_dag_root_start
                0x000000000002cddd                rpl_dag_root_is_root
 .text          0x000000000002ce1d     0x1219 build/cooja/contiki-ng-cooja.a(rpl-dag.o)
                0x000000000002ce1d                rpl_dag_state_to_str
                0x000000000002ce7b                rpl_dag_get_root_ipaddr
                0x000000000002cec5                rpl_dag_leave
                0x000000000002cf70                rpl_dag_poison_and_leave
                0x000000000002cf8e                rpl_dag_periodic
                0x000000000002d052                rpl_is_addr_in_our_dag
                0x000000000002d0ae                rpl_get_default_instance
                0x000000000002d0d5                rpl_get_any_dag
                0x000000000002d142                rpl_refresh_routes
                0x000000000002d1a4                rpl_global_repair
                0x000000000002d266                rpl_local_repair
                0x000000000002d2c8                rpl_dag_ready_to_advertise
                0x000000000002d320                rpl_dag_update_state
                0x000000000002dbe3                rpl_process_dio
                0x000000000002dc85                rpl_process_dis
                0x000000000002dcd9                rpl_process_dao
                0x000000000002dd82                rpl_process_dao_ack
                0x000000000002de32                rpl_process_hbh
                0x000000000002de91                rpl_dag_init_root
                0x000000000002e012                rpl_dag_init
 .text          0x000000000002e036      0xdef build/cooja/contiki-ng-cooja.a(rpl-ext-header.o)
                0x000000000002e036                rpl_ext_header_srh_get_next_hop
                0x000000000002e147                rpl_ext_header_srh_update
                0x000000000002e7d6                rpl_ext_header_hbh_update
                0x000000000002eb76                rpl_ext_header_update
                0x000000000002ec20                rpl_ext_header_remove
 .text          0x000000000002ee25     0x16eb build/cooja/contiki-ng-cooja.a(rpl-icmp6.o)
                0x000000000002efb9                rpl_icmp6_update_nbr_table
                0x000000000002f06e                rpl_icmp6_dis_output
                0x000000000002f792                rpl_icmp6_dio_output
                0x00000000000300c2                rpl_icmp6_dao_output
                0x0000000000030433                rpl_icmp6_dao_ack_output
                0x00000000000304c9                rpl_icmp6_init
 .text          0x0000000000030510      0x36f build/cooja/contiki-ng-cooja.a(rpl-mrhof.o)
 .text          0x000000000003087f       0x8c build/cooja/contiki-ng-cooja.a(rpl-nbr-policy.o)
                0x00000000000308c7                rpl_nbr_gc_get_worst
 .text          0x000000000003090b      0xadd build/cooja/contiki-ng-cooja.a(rpl-neighbor.o)
                0x000000000003099e                rpl_neighbor_snprint
                0x0000000000030ccc                rpl_neighbor_print_list
                0x0000000000030da3                rpl_neighbor_count
                0x0000000000030e8e                rpl_neighbor_get_from_lladdr
                0x0000000000030eb9                rpl_neighbor_is_acceptable_parent
                0x0000000000030f05                rpl_neighbor_get_link_metric
                0x0000000000030f51                rpl_neighbor_rank_via_nbr
                0x0000000000030f9d                rpl_neighbor_get_lladdr
                0x0000000000030fc8                rpl_neighbor_get_ipaddr
                0x0000000000030ff6                rpl_neighbor_get_link_stats
                0x0000000000031024                rpl_neighbor_is_fresh
                0x0000000000031052                rpl_neighbor_is_parent
                0x000000000003108b                rpl_neighbor_set_preferred_parent
                0x0000000000031142                rpl_neighbor_remove_all
                0x00000000000311a8                rpl_neighbor_get_from_ipaddr
                0x00000000000312e1                rpl_neighbor_select_best
                0x00000000000313c1                rpl_neighbor_init
 .text          0x00000000000313e8      0xd3d build/cooja/contiki-ng-cooja.a(rpl-timers.o)
                0x00000000000313e8                rpl_timers_schedule_periodic_dis
                0x000000000003159e                rpl_timers_dio_reset
                0x0000000000031722                rpl_timers_schedule_unicast_dio
                0x0000000000031909                rpl_timers_schedule_dao
                0x0000000000031a0f                rpl_timers_schedule_dao_ack
                0x0000000000031ad4                rpl_timers_notify_dao_ack
                0x0000000000031b49                get_probing_delay
                0x0000000000031b90                get_probing_target
                0x0000000000031dce                rpl_schedule_probing
                0x0000000000031e15                rpl_schedule_probing_now
                0x0000000000031ea3                rpl_timers_unschedule_leaving
                0x0000000000031eed                rpl_timers_schedule_leaving
                0x0000000000031f4b                rpl_timers_init
                0x0000000000031ffd                rpl_timers_stop_dag_timers
                0x000000000003209f                rpl_timers_unschedule_state_update
                0x00000000000320cc                rpl_timers_schedule_state_update
 .text          0x0000000000032125       0x34 build/cooja/contiki-ng-cooja.a(assert.o)
                0x0000000000032125                _xassert
 .text          0x0000000000032159       0x3a build/cooja/contiki-ng-cooja.a(mac.o)
                0x0000000000032159                mac_call_sent_callback
 .text          0x0000000000032193      0xca9 build/cooja/contiki-ng-cooja.a(frame802154.o)
                0x00000000000321c1                frame802154_get_pan_id
                0x00000000000321d2                frame802154_set_pan_id
                0x00000000000321ee                frame802154_has_panid
                0x00000000000323cd                frame802154_check_dest_panid
                0x000000000003246b                frame802154_is_broadcast_addr
                0x00000000000324c2                frame802154_extract_linkaddr
                0x000000000003275c                frame802154_hdrlen
                0x00000000000327db                frame802154_create_fcf
                0x00000000000328ad                frame802154_create
                0x0000000000032a57                frame802154_parse_fcf
                0x0000000000032b4e                frame802154_parse
 .text          0x0000000000032e3c        0x0 /usr/lib/gcc/x86_64-linux-gnu/11/crtendS.o
 .text          0x0000000000032e3c        0x0 /usr/lib/gcc/x86_64-linux-gnu/11/../../../x86_64-linux-gnu/crtn.o
 *(.gnu.warning)

.fini           0x0000000000032e3c        0xd
 *(SORT_NONE(.fini))
 .fini          0x0000000000032e3c        0x8 /usr/lib/gcc/x86_64-linux-gnu/11/../../../x86_64-linux-gnu/crti.o
                0x0000000000032e3c                _fini
 .fini          0x0000000000032e44        0x5 /usr/lib/gcc/x86_64-linux-gnu/11/../../../x86_64-linux-gnu/crtn.o
                [!provide]                        PROVIDE (__etext = .)
                [!provide]                        PROVIDE (_etext = .)
                [!provide]                        PROVIDE (etext = .)
                0x0000000000033000                . = ALIGN (CONSTANT (MAXPAGESIZE))
                0x0000000000033000                . = SEGMENT_START ("rodata-segment", (ALIGN (CONSTANT (MAXPAGESIZE)) + (. & (CONSTANT (MAXPAGESIZE) - 0x1))))

.rodata         0x0000000000033000      0xfad
 *(.rodata .rodata.* .gnu.linkonce.r.*)
 .rodata        0x0000000000033000      0x4d9 sensor-light_co2_temp.o
 .rodata        0x00000000000334d9        0x6 build/cooja/contiki-ng-cooja.a(leds-arch.o)
                0x00000000000334d9                leds_arch_leds
 .rodata        0x00000000000334df        0x4 build/cooja/contiki-ng-cooja.a(pir-sensor.o)
 .rodata        0x00000000000334e3        0x3 build/cooja/contiki-ng-cooja.a(rs232.o)
 .rodata        0x00000000000334e6        0xa build/cooja/contiki-ng-cooja.a(vib-sensor.o)
 .rodata        0x00000000000334f0       0x26 build/cooja/contiki-ng-cooja.a(cfs-cooja.o)
 *fill*         0x0000000000033516        0x2 
 .rodata        0x0000000000033518       0x68 build/cooja/contiki-ng-cooja.a(cooja-radio.o)
 .rodata        0x0000000000033580        0x8 build/cooja/contiki-ng-cooja.a(sensors.o)
 .rodata        0x0000000000033588       0x14 build/cooja/contiki-ng-cooja.a(buttons.o)
                0x0000000000033594                button_hal_button_count
 .rodata        0x000000000003359c      0x29c build/cooja/contiki-ng-cooja.a(mqtt.o)
 .rodata        0x0000000000033838       0xf4 build/cooja/contiki-ng-cooja.a(contiki-main.o)
 .rodata        0x000000000003392c        0xf build/cooja/contiki-ng-cooja.a(ctimer.o)
 .rodata        0x000000000003393b        0xc build/cooja/contiki-ng-cooja.a(etimer.o)
 *fill*         0x0000000000033947        0x1 
 .rodata        0x0000000000033948       0xc0 build/cooja/contiki-ng-cooja.a(log.o)
 .rodata        0x0000000000033a08       0x13 build/cooja/contiki-ng-cooja.a(button-hal.o)
 .rodata        0x0000000000033a1b        0xe build/cooja/contiki-ng-cooja.a(serial-line.o)
 *fill*         0x0000000000033a29        0x7 
 .rodata        0x0000000000033a30        0x8 build/cooja/contiki-ng-cooja.a(linkaddr.o)
                0x0000000000033a30                linkaddr_null
 *fill*         0x0000000000033a38        0x8 
 .rodata        0x0000000000033a40      0x280 build/cooja/contiki-ng-cooja.a(strformat.o)
 .rodata        0x0000000000033cc0        0x5 build/cooja/contiki-ng-cooja.a(csma.o)
 .rodata        0x0000000000033cc5       0x1d build/cooja/contiki-ng-cooja.a(sicslowpan.o)
                0x0000000000033cc5                unc_llconf
                0x0000000000033cc9                unc_ctxconf
                0x0000000000033ccd                unc_mxconf
                0x0000000000033cd1                llprefix
 .rodata        0x0000000000033ce2       0x13 build/cooja/contiki-ng-cooja.a(tcp-socket.o)
 .rodata        0x0000000000033cf5        0xd build/cooja/contiki-ng-cooja.a(tcpip.o)
 *fill*         0x0000000000033d02        0x6 
 .rodata        0x0000000000033d08       0x4c build/cooja/contiki-ng-cooja.a(uip-ds6-route.o)
 .rodata        0x0000000000033d54       0x48 build/cooja/contiki-ng-cooja.a(uip6.o)
 .rodata        0x0000000000033d9c       0x2d build/cooja/contiki-ng-cooja.a(uiplib.o)
 .rodata        0x0000000000033dc9        0x9 build/cooja/contiki-ng-cooja.a(rpl.o)
 *fill*         0x0000000000033dd2        0x6 
 .rodata        0x0000000000033dd8       0x27 build/cooja/contiki-ng-cooja.a(csma-output.o)
 .rodata        0x0000000000033dff       0x44 build/cooja/contiki-ng-cooja.a(uip-sr.o)
 .rodata        0x0000000000033e43       0xd7 build/cooja/contiki-ng-cooja.a(rpl-dag.o)
 *fill*         0x0000000000033f1a        0x6 
 .rodata        0x0000000000033f20       0x58 build/cooja/contiki-ng-cooja.a(rpl-neighbor.o)
 .rodata        0x0000000000033f78        0xc build/cooja/contiki-ng-cooja.a(rpl-timers.o)
 *fill*         0x0000000000033f84        0x4 
 .rodata        0x0000000000033f88       0x25 build/cooja/contiki-ng-cooja.a(assert.o)

.rodata1
 *(.rodata1)

.eh_frame_hdr   0x0000000000033fb0     0x191c
 *(.eh_frame_hdr)
 .eh_frame_hdr  0x0000000000033fb0     0x191c sensor-light_co2_temp.o
                0x0000000000033fb0                __GNU_EH_FRAME_HDR
 *(.eh_frame_entry .eh_frame_entry.*)

.eh_frame       0x00000000000358d0     0x64d8
 *(.eh_frame)
 .eh_frame      0x00000000000358d0       0x40 /usr/lib/gcc/x86_64-linux-gnu/11/../../../x86_64-linux-gnu/crti.o
 .eh_frame      0x0000000000035910       0x18 /usr/lib/gcc/x86_64-linux-gnu/11/../../../x86_64-linux-gnu/crti.o
                                         0x30 (size before relaxing)
 .eh_frame      0x0000000000035928       0x18 /usr/lib/gcc/x86_64-linux-gnu/11/../../../x86_64-linux-gnu/crti.o
                                         0x30 (size before relaxing)
 .eh_frame      0x0000000000035940      0x148 sensor-light_co2_temp.o
                                        0x160 (size before relaxing)
 .eh_frame      0x0000000000035a88      0x198 build/cooja/mtype633573958.o
                                        0x1b0 (size before relaxing)
 .eh_frame      0x0000000000035c20       0x40 build/cooja/contiki-ng-cooja.a(simEnvChange.o)
                                         0x58 (size before relaxing)
 .eh_frame      0x0000000000035c60       0x60 build/cooja/contiki-ng-cooja.a(cooja_mt.o)
                                         0x78 (size before relaxing)
 .eh_frame      0x0000000000035cc0       0x80 build/cooja/contiki-ng-cooja.a(cooja_mtarch.o)
                                         0x98 (size before relaxing)
 .eh_frame      0x0000000000035d40       0xc0 build/cooja/contiki-ng-cooja.a(rtimer-arch.o)
                                         0xd8 (size before relaxing)
 .eh_frame      0x0000000000035e00      0x160 build/cooja/contiki-ng-cooja.a(beep.o)
                                        0x178 (size before relaxing)
 .eh_frame      0x0000000000035f60       0x80 build/cooja/contiki-ng-cooja.a(leds-arch.o)
                                         0x98 (size before relaxing)
 .eh_frame      0x0000000000035fe0       0x40 build/cooja/contiki-ng-cooja.a(moteid.o)
                                         0x58 (size before relaxing)
 .eh_frame      0x0000000000036020       0xa0 build/cooja/contiki-ng-cooja.a(pir-sensor.o)
                                         0xb8 (size before relaxing)
 .eh_frame      0x00000000000360c0      0x100 build/cooja/contiki-ng-cooja.a(rs232.o)
                                        0x118 (size before relaxing)
 .eh_frame      0x00000000000361c0       0xa0 build/cooja/contiki-ng-cooja.a(vib-sensor.o)
                                         0xb8 (size before relaxing)
 .eh_frame      0x0000000000036260       0xc0 build/cooja/contiki-ng-cooja.a(clock.o)
                                         0xd8 (size before relaxing)
 .eh_frame      0x0000000000036320      0x100 build/cooja/contiki-ng-cooja.a(cooja-log.o)
                                        0x118 (size before relaxing)
 .eh_frame      0x0000000000036420      0x160 build/cooja/contiki-ng-cooja.a(cfs-cooja.o)
                                        0x178 (size before relaxing)
 .eh_frame      0x0000000000036580      0x360 build/cooja/contiki-ng-cooja.a(cooja-radio.o)
                                        0x378 (size before relaxing)
 .eh_frame      0x00000000000368e0       0xa0 build/cooja/contiki-ng-cooja.a(eeprom.o)
                                         0xb8 (size before relaxing)
 .eh_frame      0x0000000000036980       0x40 build/cooja/contiki-ng-cooja.a(random.o)
                                         0x58 (size before relaxing)
 .eh_frame      0x00000000000369c0       0xc0 build/cooja/contiki-ng-cooja.a(sensors.o)
                                         0xd8 (size before relaxing)
 .eh_frame      0x0000000000036a80      0x120 build/cooja/contiki-ng-cooja.a(leds.o)
                                        0x138 (size before relaxing)
 .eh_frame      0x0000000000036ba0      0x220 build/cooja/contiki-ng-cooja.a(gpio-hal-arch.o)
                                        0x238 (size before relaxing)
 .eh_frame      0x0000000000036dc0       0xa0 build/cooja/contiki-ng-cooja.a(buttons.o)
                                         0xb8 (size before relaxing)
 .eh_frame      0x0000000000036e60      0x4e0 build/cooja/contiki-ng-cooja.a(mqtt.o)
                                        0x4f8 (size before relaxing)
 .eh_frame      0x0000000000037340       0x20 build/cooja/contiki-ng-cooja.a(contiki-main.o)
                                         0x38 (size before relaxing)
 .eh_frame      0x0000000000037360       0x40 build/cooja/contiki-ng-cooja.a(autostart.o)
                                         0x58 (size before relaxing)
 .eh_frame      0x00000000000373a0      0x100 build/cooja/contiki-ng-cooja.a(ctimer.o)
                                        0x118 (size before relaxing)
 .eh_frame      0x00000000000374a0       0x60 build/cooja/contiki-ng-cooja.a(energest.o)
                                         0x78 (size before relaxing)
 .eh_frame      0x0000000000037500      0x1e0 build/cooja/contiki-ng-cooja.a(etimer.o)
                                        0x1f8 (size before relaxing)
 .eh_frame      0x00000000000376e0      0x120 build/cooja/contiki-ng-cooja.a(log.o)
                                        0x138 (size before relaxing)
 .eh_frame      0x0000000000037800       0x20 build/cooja/contiki-ng-cooja.a(node-id.o)
                                         0x38 (size before relaxing)
 .eh_frame      0x0000000000037820      0x1c8 build/cooja/contiki-ng-cooja.a(process.o)
                                        0x1e0 (size before relaxing)
 .eh_frame      0x00000000000379e8       0x60 build/cooja/contiki-ng-cooja.a(rtimer.o)
                                         0x78 (size before relaxing)
 .eh_frame      0x0000000000037a48       0xa0 build/cooja/contiki-ng-cooja.a(timer.o)
                                         0xb8 (size before relaxing)
 .eh_frame      0x0000000000037ae8      0x1a0 build/cooja/contiki-ng-cooja.a(list.o)
                                        0x1b8 (size before relaxing)
 .eh_frame      0x0000000000037c88      0x160 build/cooja/contiki-ng-cooja.a(button-hal.o)
                                        0x178 (size before relaxing)
 .eh_frame      0x0000000000037de8       0xe0 build/cooja/contiki-ng-cooja.a(gpio-hal.o)
                                         0xf8 (size before relaxing)
 .eh_frame      0x0000000000037ec8       0x60 build/cooja/contiki-ng-cooja.a(serial-line.o)
                                         0x78 (size before relaxing)
 .eh_frame      0x0000000000037f28       0x60 build/cooja/contiki-ng-cooja.a(linkaddr.o)
                                         0x78 (size before relaxing)
 .eh_frame      0x0000000000037f88       0x80 build/cooja/contiki-ng-cooja.a(netstack.o)
                                         0x98 (size before relaxing)
 .eh_frame      0x0000000000038008      0x288 build/cooja/contiki-ng-cooja.a(packetbuf.o)
                                        0x2a0 (size before relaxing)
 .eh_frame      0x0000000000038290      0x1a0 build/cooja/contiki-ng-cooja.a(queuebuf.o)
                                        0x1b8 (size before relaxing)
 .eh_frame      0x0000000000038430       0x40 build/cooja/contiki-ng-cooja.a(printf.o)
                                         0x58 (size before relaxing)
 .eh_frame      0x0000000000038470       0x20 build/cooja/contiki-ng-cooja.a(putchar.o)
                                         0x38 (size before relaxing)
 .eh_frame      0x0000000000038490       0x20 build/cooja/contiki-ng-cooja.a(puts.o)
                                         0x38 (size before relaxing)
 .eh_frame      0x00000000000384b0       0x60 build/cooja/contiki-ng-cooja.a(snprintf.o)
                                         0x78 (size before relaxing)
 .eh_frame      0x0000000000038510       0x40 build/cooja/contiki-ng-cooja.a(sprintf.o)
                                         0x58 (size before relaxing)
 .eh_frame      0x0000000000038550      0x120 build/cooja/contiki-ng-cooja.a(strformat.o)
                                        0x138 (size before relaxing)
 .eh_frame      0x0000000000038670       0xe0 build/cooja/contiki-ng-cooja.a(csma.o)
                                         0xf8 (size before relaxing)
 .eh_frame      0x0000000000038750      0x2e0 build/cooja/contiki-ng-cooja.a(sicslowpan.o)
                                        0x2f8 (size before relaxing)
 .eh_frame      0x0000000000038a30      0x248 build/cooja/contiki-ng-cooja.a(tcp-socket.o)
                                        0x260 (size before relaxing)
 .eh_frame      0x0000000000038c78      0x308 build/cooja/contiki-ng-cooja.a(tcpip.o)
                                        0x320 (size before relaxing)
 .eh_frame      0x0000000000038f80      0x1c0 build/cooja/contiki-ng-cooja.a(uip-ds6-nbr.o)
                                        0x1d8 (size before relaxing)
 .eh_frame      0x0000000000039140      0x240 build/cooja/contiki-ng-cooja.a(uip-ds6-route.o)
                                        0x258 (size before relaxing)
 .eh_frame      0x0000000000039380      0x328 build/cooja/contiki-ng-cooja.a(uip-ds6.o)
                                        0x340 (size before relaxing)
 .eh_frame      0x00000000000396a8       0xe0 build/cooja/contiki-ng-cooja.a(uip-packetqueue.o)
                                         0xf8 (size before relaxing)
 .eh_frame      0x0000000000039788      0x2b0 build/cooja/contiki-ng-cooja.a(uip6.o)
                                        0x2c8 (size before relaxing)
 .eh_frame      0x0000000000039a38      0x200 build/cooja/contiki-ng-cooja.a(uipbuf.o)
                                        0x218 (size before relaxing)
 .eh_frame      0x0000000000039c38       0x80 build/cooja/contiki-ng-cooja.a(uiplib.o)
                                         0x98 (size before relaxing)
 .eh_frame      0x0000000000039cb8      0x1e0 build/cooja/contiki-ng-cooja.a(rpl.o)
                                        0x1f8 (size before relaxing)
 .eh_frame      0x0000000000039e98       0xa0 build/cooja/contiki-ng-cooja.a(watchdog.o)
                                         0xb8 (size before relaxing)
 .eh_frame      0x0000000000039f38       0x80 build/cooja/contiki-ng-cooja.a(int-master.o)
                                         0x98 (size before relaxing)
 .eh_frame      0x0000000000039fb8       0xc0 build/cooja/contiki-ng-cooja.a(stimer.o)
                                         0xd8 (size before relaxing)
 .eh_frame      0x000000000003a078       0xa0 build/cooja/contiki-ng-cooja.a(memb.o)
                                         0xb8 (size before relaxing)
 .eh_frame      0x000000000003a118       0xa0 build/cooja/contiki-ng-cooja.a(ringbuf.o)
                                         0xb8 (size before relaxing)
 .eh_frame      0x000000000003a1b8      0x120 build/cooja/contiki-ng-cooja.a(link-stats.o)
                                        0x138 (size before relaxing)
 .eh_frame      0x000000000003a2d8      0x3e0 build/cooja/contiki-ng-cooja.a(nbr-table.o)
                                        0x3f8 (size before relaxing)
 .eh_frame      0x000000000003a6b8       0x48 build/cooja/contiki-ng-cooja.a(mac-sequence.o)
                                         0x60 (size before relaxing)
 .eh_frame      0x000000000003a700       0xa8 build/cooja/contiki-ng-cooja.a(framer-802154.o)
                                         0xc0 (size before relaxing)
 .eh_frame      0x000000000003a7a8      0x1c8 build/cooja/contiki-ng-cooja.a(csma-output.o)
                                        0x1e0 (size before relaxing)
 .eh_frame      0x000000000003a970       0x40 build/cooja/contiki-ng-cooja.a(csma-security.o)
                                         0x58 (size before relaxing)
 .eh_frame      0x000000000003a9b0      0x148 build/cooja/contiki-ng-cooja.a(uip-icmp6.o)
                                        0x160 (size before relaxing)
 .eh_frame      0x000000000003aaf8       0x80 build/cooja/contiki-ng-cooja.a(uip-nd6.o)
                                         0x98 (size before relaxing)
 .eh_frame      0x000000000003ab78      0x180 build/cooja/contiki-ng-cooja.a(uip-sr.o)
                                        0x198 (size before relaxing)
 .eh_frame      0x000000000003acf8       0xa0 build/cooja/contiki-ng-cooja.a(rpl-dag-root.o)
                                         0xb8 (size before relaxing)
 .eh_frame      0x000000000003ad98      0x360 build/cooja/contiki-ng-cooja.a(rpl-dag.o)
                                        0x378 (size before relaxing)
 .eh_frame      0x000000000003b0f8      0x128 build/cooja/contiki-ng-cooja.a(rpl-ext-header.o)
                                        0x140 (size before relaxing)
 .eh_frame      0x000000000003b220      0x1c0 build/cooja/contiki-ng-cooja.a(rpl-icmp6.o)
                                        0x1d8 (size before relaxing)
 .eh_frame      0x000000000003b3e0      0x148 build/cooja/contiki-ng-cooja.a(rpl-mrhof.o)
                                        0x160 (size before relaxing)
 .eh_frame      0x000000000003b528       0x40 build/cooja/contiki-ng-cooja.a(rpl-nbr-policy.o)
                                         0x58 (size before relaxing)
 .eh_frame      0x000000000003b568      0x2b0 build/cooja/contiki-ng-cooja.a(rpl-neighbor.o)
                                        0x2c8 (size before relaxing)
 .eh_frame      0x000000000003b818      0x3a8 build/cooja/contiki-ng-cooja.a(rpl-timers.o)
                                        0x3c0 (size before relaxing)
 .eh_frame      0x000000000003bbc0       0x20 build/cooja/contiki-ng-cooja.a(assert.o)
                                         0x38 (size before relaxing)
 .eh_frame      0x000000000003bbe0       0x20 build/cooja/contiki-ng-cooja.a(mac.o)
                                         0x38 (size before relaxing)
 .eh_frame      0x000000000003bc00      0x1a4 build/cooja/contiki-ng-cooja.a(frame802154.o)
                                        0x1c0 (size before relaxing)
 .eh_frame      0x000000000003bda4        0x4 /usr/lib/gcc/x86_64-linux-gnu/11/crtendS.o
 *(.eh_frame.*)

.gcc_except_table
 *(.gcc_except_table .gcc_except_table.*)

.gnu_extab
 *(.gnu_extab*)

.exception_ranges
 *(.exception_ranges*)
                0x000000000003d6f0                . = DATA_SEGMENT_ALIGN (CONSTANT (MAXPAGESIZE), CONSTANT (COMMONPAGESIZE))

.eh_frame
 *(.eh_frame)
 *(.eh_frame.*)

.gnu_extab
 *(.gnu_extab)

.gcc_except_table
 *(.gcc_except_table .gcc_except_table.*)

.exception_ranges
 *(.exception_ranges*)

.tdata
 *(.tdata .tdata.* .gnu.linkonce.td.*)

.tbss
 *(.tbss .tbss.* .gnu.linkonce.tb.*)
 *(.tcommon)

.preinit_array
 *(.preinit_array)

.init_array     0x000000000003d6f0        0x8
 *(SORT_BY_INIT_PRIORITY(.init_array.*) SORT_BY_INIT_PRIORITY(.ctors.*))
 *(.init_array EXCLUDE_FILE(*crtend?.o *crtend.o *crtbegin?.o *crtbegin.o) .ctors)
 .init_array    0x000000000003d6f0        0x8 /usr/lib/gcc/x86_64-linux-gnu/11/crtbeginS.o

.fini_array     0x000000000003d6f8        0x8
 *(SORT_BY_INIT_PRIORITY(.fini_array.*) SORT_BY_INIT_PRIORITY(.dtors.*))
 *(.fini_array EXCLUDE_FILE(*crtend?.o *crtend.o *crtbegin?.o *crtbegin.o) .dtors)
 .fini_array    0x000000000003d6f8        0x8 /usr/lib/gcc/x86_64-linux-gnu/11/crtbeginS.o

.ctors
 *crtbegin.o(.ctors)
 *crtbegin?.o(.ctors)
 *(EXCLUDE_FILE(*crtend?.o *crtend.o) .ctors)
 *(SORT_BY_NAME(.ctors.*))
 *(.ctors)

.dtors
 *crtbegin.o(.dtors)
 *crtbegin?.o(.dtors)
 *(EXCLUDE_FILE(*crtend?.o *crtend.o) .dtors)
 *(SORT_BY_NAME(.dtors.*))
 *(.dtors)

.jcr
 *(.jcr)

.data.rel.ro    0x000000000003d700      0x350
 *(.data.rel.ro.local* .gnu.linkonce.d.rel.ro.local.*)
 .data.rel.ro.local
                0x000000000003d700       0x10 build/cooja/contiki-ng-cooja.a(beep.o)
                0x000000000003d700                beep_interface
 .data.rel.ro.local
                0x000000000003d710       0x10 build/cooja/contiki-ng-cooja.a(leds-arch.o)
                0x000000000003d710                leds_interface
 .data.rel.ro.local
                0x000000000003d720       0x10 build/cooja/contiki-ng-cooja.a(moteid.o)
                0x000000000003d720                moteid_interface
 *fill*         0x000000000003d730       0x10 
 .data.rel.ro.local
                0x000000000003d740       0x40 build/cooja/contiki-ng-cooja.a(pir-sensor.o)
                0x000000000003d740                pir_interface
                0x000000000003d760                pir_sensor
 .data.rel.ro.local
                0x000000000003d780       0x10 build/cooja/contiki-ng-cooja.a(rs232.o)
                0x000000000003d780                rs232_interface
 *fill*         0x000000000003d790       0x10 
 .data.rel.ro.local
                0x000000000003d7a0       0x40 build/cooja/contiki-ng-cooja.a(vib-sensor.o)
                0x000000000003d7a0                vib_interface
                0x000000000003d7c0                vib_sensor
 .data.rel.ro.local
                0x000000000003d7e0       0x10 build/cooja/contiki-ng-cooja.a(clock.o)
                0x000000000003d7e0                clock_interface
 .data.rel.ro.local
                0x000000000003d7f0       0x10 build/cooja/contiki-ng-cooja.a(cooja-log.o)
                0x000000000003d7f0                simlog_interface
 .data.rel.ro.local
                0x000000000003d800       0x10 build/cooja/contiki-ng-cooja.a(cfs-cooja.o)
                0x000000000003d800                cfs_interface
 *fill*         0x000000000003d810       0x10 
 .data.rel.ro.local
                0x000000000003d820       0x90 build/cooja/contiki-ng-cooja.a(cooja-radio.o)
                0x000000000003d820                radio_interface
                0x000000000003d840                cooja_radio_driver
 .data.rel.ro.local
                0x000000000003d8b0       0x10 build/cooja/contiki-ng-cooja.a(eeprom.o)
                0x000000000003d8b0                eeprom_interface
 .data.rel.ro.local
                0x000000000003d8c0       0x40 build/cooja/contiki-ng-cooja.a(buttons.o)
                0x000000000003d8c0                button_interface
                0x000000000003d8e0                button_sensor
 .data.rel.ro.local
                0x000000000003d900       0x38 build/cooja/contiki-ng-cooja.a(csma.o)
                0x000000000003d900                csma_driver
 *fill*         0x000000000003d938        0x8 
 .data.rel.ro.local
                0x000000000003d940       0x18 build/cooja/contiki-ng-cooja.a(framer-802154.o)
                0x000000000003d940                framer_802154
 *(.data.rel.ro .data.rel.ro.* .gnu.linkonce.d.rel.ro.*)
 .data.rel.ro   0x000000000003d958        0x0 /usr/lib/gcc/x86_64-linux-gnu/11/../../../x86_64-linux-gnu/crti.o
 *fill*         0x000000000003d958        0x8 
 .data.rel.ro   0x000000000003d960       0x10 sensor-light_co2_temp.o
                0x000000000003d960                autostart_processes
 *fill*         0x000000000003d970       0x10 
 .data.rel.ro   0x000000000003d980       0x20 build/cooja/contiki-ng-cooja.a(sicslowpan.o)
                0x000000000003d980                sicslowpan_driver
 .data.rel.ro   0x000000000003d9a0       0xa8 build/cooja/contiki-ng-cooja.a(rpl.o)
                0x000000000003d9a0                rpl_lite_driver
 .data.rel.ro   0x000000000003da48        0x8 build/cooja/contiki-ng-cooja.a(rpl-dag.o)

.dynamic        0x000000000003da50      0x1c0
 *(.dynamic)
 .dynamic       0x000000000003da50      0x1c0 /usr/lib/gcc/x86_64-linux-gnu/11/../../../x86_64-linux-gnu/crti.o
                0x000000000003da50                _DYNAMIC

.got            0x000000000003dc10      0x3f0
 *(.got)
 .got           0x000000000003dc10      0x3f0 /usr/lib/gcc/x86_64-linux-gnu/11/../../../x86_64-linux-gnu/crti.o
 *(.igot)
                0x000000000003efe8                . = DATA_SEGMENT_RELRO_END (., (SIZEOF (.got.plt) >= 0x18)?0x18:0x0)

.got.plt        0x000000000003e000      0xbc0
 *(.got.plt)
 .got.plt       0x000000000003e000      0xbc0 /usr/lib/gcc/x86_64-linux-gnu/11/../../../x86_64-linux-gnu/crti.o
                0x000000000003e000                _GLOBAL_OFFSET_TABLE_
 *(.igot.plt)

.data           0x000000000003ebc0      0x832
 *(.data .data.* .gnu.linkonce.d.*)
 .data          0x000000000003ebc0        0x0 /usr/lib/gcc/x86_64-linux-gnu/11/../../../x86_64-linux-gnu/crti.o
 .data          0x000000000003ebc0        0x0 /usr/lib/gcc/x86_64-linux-gnu/11/crtbeginS.o
 .data.rel.local
                0x000000000003ebc0        0x8 /usr/lib/gcc/x86_64-linux-gnu/11/crtbeginS.o
                0x000000000003ebc0                __dso_handle
 .data          0x000000000003ebc8       0x38 sensor-light_co2_temp.o
 .data.rel.local
                0x000000000003ec00       0x40 sensor-light_co2_temp.o
                0x000000000003ec20                sensor_co2_light_temp
 .data          0x000000000003ec40        0x0 build/cooja/mtype633573958.o
 .data.rel      0x000000000003ec40       0xa0 build/cooja/mtype633573958.o
                0x000000000003ec40                simInterfaces
                0x000000000003ecc0                sensors
 .data          0x000000000003ece0        0x0 build/cooja/contiki-ng-cooja.a(simEnvChange.o)
 .data          0x000000000003ece0        0x0 build/cooja/contiki-ng-cooja.a(cooja_mt.o)
 .data          0x000000000003ece0        0x0 build/cooja/contiki-ng-cooja.a(cooja_mtarch.o)
 .data          0x000000000003ece0        0x0 build/cooja/contiki-ng-cooja.a(rtimer-arch.o)
 .data          0x000000000003ece0        0x0 build/cooja/contiki-ng-cooja.a(beep.o)
 .data          0x000000000003ece0        0x0 build/cooja/contiki-ng-cooja.a(leds-arch.o)
 .data          0x000000000003ece0        0x0 build/cooja/contiki-ng-cooja.a(moteid.o)
 .data          0x000000000003ece0        0x0 build/cooja/contiki-ng-cooja.a(pir-sensor.o)
 .data          0x000000000003ece0        0x0 build/cooja/contiki-ng-cooja.a(rs232.o)
 .data          0x000000000003ece0        0x0 build/cooja/contiki-ng-cooja.a(vib-sensor.o)
 .data          0x000000000003ece0        0x0 build/cooja/contiki-ng-cooja.a(clock.o)
 .data          0x000000000003ece0        0x0 build/cooja/contiki-ng-cooja.a(cooja-log.o)
 .data          0x000000000003ece0        0x0 build/cooja/contiki-ng-cooja.a(cfs-cooja.o)
 .data          0x000000000003ece0       0x20 build/cooja/contiki-ng-cooja.a(cooja-radio.o)
                0x000000000003ece0                simRadioHWOn
                0x000000000003ece4                simSignalStrength
                0x000000000003ece8                simLastSignalStrength
                0x000000000003ecec                simPower
                0x000000000003ecf0                simRadioChannel
                0x000000000003ecf4                simLQI
                0x000000000003ecf8                simLastLQI
 .data.rel.local
                0x000000000003ed00       0x20 build/cooja/contiki-ng-cooja.a(cooja-radio.o)
                0x000000000003ed00                cooja_radio_process
 .data          0x000000000003ed20        0x0 build/cooja/contiki-ng-cooja.a(eeprom.o)
 .data          0x000000000003ed20        0x0 build/cooja/contiki-ng-cooja.a(random.o)
 .data          0x000000000003ed20        0x0 build/cooja/contiki-ng-cooja.a(sensors.o)
 .data.rel.local
                0x000000000003ed20       0x20 build/cooja/contiki-ng-cooja.a(sensors.o)
                0x000000000003ed20                sensors_process
 .data          0x000000000003ed40        0x0 build/cooja/contiki-ng-cooja.a(leds.o)
 .data          0x000000000003ed40        0x0 build/cooja/contiki-ng-cooja.a(gpio-hal-arch.o)
 .data          0x000000000003ed40        0x1 build/cooja/contiki-ng-cooja.a(buttons.o)
                0x000000000003ed40                simButtonIsActive
 *fill*         0x000000000003ed41       0x1f 
 .data.rel.local
                0x000000000003ed60       0xb0 build/cooja/contiki-ng-cooja.a(buttons.o)
                0x000000000003ee00                button_hal_buttons
 .data          0x000000000003ee10        0x0 build/cooja/contiki-ng-cooja.a(mqtt.o)
 *fill*         0x000000000003ee10       0x10 
 .data.rel.local
                0x000000000003ee20       0x40 build/cooja/contiki-ng-cooja.a(mqtt.o)
                0x000000000003ee40                mqtt_process
 .data          0x000000000003ee60        0x0 build/cooja/contiki-ng-cooja.a(contiki-main.o)
 .data          0x000000000003ee60        0x0 build/cooja/contiki-ng-cooja.a(autostart.o)
 .data          0x000000000003ee60        0x0 build/cooja/contiki-ng-cooja.a(ctimer.o)
 .data.rel.local
                0x000000000003ee60       0x40 build/cooja/contiki-ng-cooja.a(ctimer.o)
                0x000000000003ee80                ctimer_process
 .data          0x000000000003eea0        0x0 build/cooja/contiki-ng-cooja.a(energest.o)
 .data          0x000000000003eea0        0x0 build/cooja/contiki-ng-cooja.a(etimer.o)
 .data.rel.local
                0x000000000003eea0       0x20 build/cooja/contiki-ng-cooja.a(etimer.o)
                0x000000000003eea0                etimer_process
 .data          0x000000000003eec0        0x4 build/cooja/contiki-ng-cooja.a(log.o)
                0x000000000003eec0                curr_log_level_main
 *fill*         0x000000000003eec4       0x1c 
 .data.rel      0x000000000003eee0      0x138 build/cooja/contiki-ng-cooja.a(log.o)
                0x000000000003eee0                all_modules
 .data          0x000000000003f018        0x0 build/cooja/contiki-ng-cooja.a(node-id.o)
 .data          0x000000000003f018        0x0 build/cooja/contiki-ng-cooja.a(process.o)
 .data          0x000000000003f018        0x0 build/cooja/contiki-ng-cooja.a(rtimer.o)
 .data          0x000000000003f018        0x0 build/cooja/contiki-ng-cooja.a(timer.o)
 .data          0x000000000003f018        0x0 build/cooja/contiki-ng-cooja.a(list.o)
 .data          0x000000000003f018        0x0 build/cooja/contiki-ng-cooja.a(button-hal.o)
 *fill*         0x000000000003f018        0x8 
 .data.rel.local
                0x000000000003f020       0x20 build/cooja/contiki-ng-cooja.a(button-hal.o)
                0x000000000003f020                button_hal_process
 .data          0x000000000003f040        0x0 build/cooja/contiki-ng-cooja.a(gpio-hal.o)
 .data.rel.local
                0x000000000003f040        0x8 build/cooja/contiki-ng-cooja.a(gpio-hal.o)
 .data          0x000000000003f048        0x0 build/cooja/contiki-ng-cooja.a(serial-line.o)
 *fill*         0x000000000003f048       0x18 
 .data.rel.local
                0x000000000003f060       0x20 build/cooja/contiki-ng-cooja.a(serial-line.o)
                0x000000000003f060                serial_line_process
 .data          0x000000000003f080        0x0 build/cooja/contiki-ng-cooja.a(linkaddr.o)
 .data          0x000000000003f080        0x0 build/cooja/contiki-ng-cooja.a(netstack.o)
 .data.rel.local
                0x000000000003f080        0x8 build/cooja/contiki-ng-cooja.a(netstack.o)
 .data          0x000000000003f088        0x0 build/cooja/contiki-ng-cooja.a(packetbuf.o)
 .data.rel.local
                0x000000000003f088        0x8 build/cooja/contiki-ng-cooja.a(packetbuf.o)
 .data          0x000000000003f090        0x0 build/cooja/contiki-ng-cooja.a(queuebuf.o)
 .data.rel.local
                0x000000000003f090       0x38 build/cooja/contiki-ng-cooja.a(queuebuf.o)
 .data          0x000000000003f0c8        0x0 build/cooja/contiki-ng-cooja.a(printf.o)
 *fill*         0x000000000003f0c8        0x8 
 .data.rel.local
                0x000000000003f0d0       0x10 build/cooja/contiki-ng-cooja.a(printf.o)
 .data          0x000000000003f0e0        0x0 build/cooja/contiki-ng-cooja.a(putchar.o)
 .data          0x000000000003f0e0        0x0 build/cooja/contiki-ng-cooja.a(puts.o)
 .data          0x000000000003f0e0        0x0 build/cooja/contiki-ng-cooja.a(snprintf.o)
 .data          0x000000000003f0e0        0x0 build/cooja/contiki-ng-cooja.a(sprintf.o)
 .data          0x000000000003f0e0        0x0 build/cooja/contiki-ng-cooja.a(strformat.o)
 .data          0x000000000003f0e0        0x0 build/cooja/contiki-ng-cooja.a(csma.o)
 .data          0x000000000003f0e0        0x0 build/cooja/contiki-ng-cooja.a(sicslowpan.o)
 .data          0x000000000003f0e0        0x0 build/cooja/contiki-ng-cooja.a(tcp-socket.o)
 .data.rel.local
                0x000000000003f0e0       0x40 build/cooja/contiki-ng-cooja.a(tcp-socket.o)
                0x000000000003f100                tcp_socket_process
 .data          0x000000000003f120        0x0 build/cooja/contiki-ng-cooja.a(tcpip.o)
 .data.rel.local
                0x000000000003f120       0x20 build/cooja/contiki-ng-cooja.a(tcpip.o)
                0x000000000003f120                tcpip_process
 .data          0x000000000003f140        0x0 build/cooja/contiki-ng-cooja.a(uip-ds6-nbr.o)
 .data.rel.local
                0x000000000003f140       0x20 build/cooja/contiki-ng-cooja.a(uip-ds6-nbr.o)
 .data          0x000000000003f160        0x0 build/cooja/contiki-ng-cooja.a(uip-ds6-route.o)
 .data.rel.local
                0x000000000003f160       0x28 build/cooja/contiki-ng-cooja.a(uip-ds6-route.o)
 .data          0x000000000003f188        0x0 build/cooja/contiki-ng-cooja.a(uip-ds6.o)
 .data          0x000000000003f188        0x0 build/cooja/contiki-ng-cooja.a(uip-packetqueue.o)
 *fill*         0x000000000003f188        0x8 
 .data.rel.local
                0x000000000003f190       0x18 build/cooja/contiki-ng-cooja.a(uip-packetqueue.o)
 .data          0x000000000003f1a8        0x0 build/cooja/contiki-ng-cooja.a(uip6.o)
 .data          0x000000000003f1a8        0x0 build/cooja/contiki-ng-cooja.a(uipbuf.o)
 .data          0x000000000003f1a8        0x0 build/cooja/contiki-ng-cooja.a(uiplib.o)
 .data          0x000000000003f1a8        0x0 build/cooja/contiki-ng-cooja.a(rpl.o)
 .data          0x000000000003f1a8        0x0 build/cooja/contiki-ng-cooja.a(watchdog.o)
 .data          0x000000000003f1a8        0x0 build/cooja/contiki-ng-cooja.a(int-master.o)
 .data          0x000000000003f1a8        0x0 build/cooja/contiki-ng-cooja.a(stimer.o)
 .data          0x000000000003f1a8        0x0 build/cooja/contiki-ng-cooja.a(memb.o)
 .data          0x000000000003f1a8        0x0 build/cooja/contiki-ng-cooja.a(ringbuf.o)
 .data          0x000000000003f1a8        0x0 build/cooja/contiki-ng-cooja.a(link-stats.o)
 *fill*         0x000000000003f1a8        0x8 
 .data.rel.local
                0x000000000003f1b0       0x20 build/cooja/contiki-ng-cooja.a(link-stats.o)
 .data          0x000000000003f1d0        0x0 build/cooja/contiki-ng-cooja.a(nbr-table.o)
 .data.rel.local
                0x000000000003f1d0       0x20 build/cooja/contiki-ng-cooja.a(nbr-table.o)
 .data          0x000000000003f1f0        0x0 build/cooja/contiki-ng-cooja.a(mac-sequence.o)
 .data          0x000000000003f1f0        0x0 build/cooja/contiki-ng-cooja.a(framer-802154.o)
 .data          0x000000000003f1f0        0x0 build/cooja/contiki-ng-cooja.a(csma-output.o)
 .data.rel.local
                0x000000000003f1f0       0x60 build/cooja/contiki-ng-cooja.a(csma-output.o)
 .data          0x000000000003f250        0x0 build/cooja/contiki-ng-cooja.a(csma-security.o)
 .data          0x000000000003f250        0x0 build/cooja/contiki-ng-cooja.a(uip-icmp6.o)
 .data.rel.local
                0x000000000003f250       0x48 build/cooja/contiki-ng-cooja.a(uip-icmp6.o)
 .data          0x000000000003f298        0x0 build/cooja/contiki-ng-cooja.a(uip-nd6.o)
 *fill*         0x000000000003f298        0x8 
 .data.rel.local
                0x000000000003f2a0       0x18 build/cooja/contiki-ng-cooja.a(uip-nd6.o)
 .data          0x000000000003f2b8        0x0 build/cooja/contiki-ng-cooja.a(uip-sr.o)
 *fill*         0x000000000003f2b8        0x8 
 .data.rel.local
                0x000000000003f2c0       0x28 build/cooja/contiki-ng-cooja.a(uip-sr.o)
 .data          0x000000000003f2e8        0x0 build/cooja/contiki-ng-cooja.a(rpl-dag-root.o)
 .data          0x000000000003f2e8        0x0 build/cooja/contiki-ng-cooja.a(rpl-dag.o)
 .data          0x000000000003f2e8        0x0 build/cooja/contiki-ng-cooja.a(rpl-ext-header.o)
 .data          0x000000000003f2e8        0x0 build/cooja/contiki-ng-cooja.a(rpl-icmp6.o)
 *fill*         0x000000000003f2e8        0x8 
 .data.rel.local
                0x000000000003f2f0       0x78 build/cooja/contiki-ng-cooja.a(rpl-icmp6.o)
 .data          0x000000000003f368        0x0 build/cooja/contiki-ng-cooja.a(rpl-mrhof.o)
 *fill*         0x000000000003f368       0x18 
 .data.rel.local
                0x000000000003f380       0x48 build/cooja/contiki-ng-cooja.a(rpl-mrhof.o)
                0x000000000003f380                rpl_mrhof
 .data          0x000000000003f3c8        0x0 build/cooja/contiki-ng-cooja.a(rpl-nbr-policy.o)
 .data          0x000000000003f3c8        0x0 build/cooja/contiki-ng-cooja.a(rpl-neighbor.o)
 *fill*         0x000000000003f3c8        0x8 
 .data.rel.local
                0x000000000003f3d0       0x20 build/cooja/contiki-ng-cooja.a(rpl-neighbor.o)
                0x000000000003f3e8                rpl_neighbors
 .data          0x000000000003f3f0        0x0 build/cooja/contiki-ng-cooja.a(rpl-timers.o)
 .data          0x000000000003f3f0        0x0 build/cooja/contiki-ng-cooja.a(assert.o)
 .data          0x000000000003f3f0        0x0 build/cooja/contiki-ng-cooja.a(mac.o)
 .data          0x000000000003f3f0        0x2 build/cooja/contiki-ng-cooja.a(frame802154.o)
 .data          0x000000000003f3f2        0x0 /usr/lib/gcc/x86_64-linux-gnu/11/crtendS.o
 .data          0x000000000003f3f2        0x0 /usr/lib/gcc/x86_64-linux-gnu/11/../../../x86_64-linux-gnu/crtn.o

.tm_clone_table
                0x000000000003f3f8        0x0
 .tm_clone_table
                0x000000000003f3f8        0x0 /usr/lib/gcc/x86_64-linux-gnu/11/crtbeginS.o
 .tm_clone_table
                0x000000000003f3f8        0x0 /usr/lib/gcc/x86_64-linux-gnu/11/crtendS.o

.data1
 *(.data1)
                [!provide]                        PROVIDE (_edata = .)
                [!provide]                        PROVIDE (edata = .)
                0x000000000003f3f8                . = .
                [!provide]                        PROVIDE (__bss_start = .)

.bss            0x000000000003f400    0x182c0
 *(.dynbss)
 .dynbss        0x000000000003f400        0x0 /usr/lib/gcc/x86_64-linux-gnu/11/../../../x86_64-linux-gnu/crti.o
 *(.bss .bss.* .gnu.linkonce.b.*)
 .bss           0x000000000003f400        0x0 /usr/lib/gcc/x86_64-linux-gnu/11/../../../x86_64-linux-gnu/crti.o
 .bss           0x000000000003f400        0x1 /usr/lib/gcc/x86_64-linux-gnu/11/crtbeginS.o
 *fill*         0x000000000003f401       0x1f 
 .bss           0x000000000003f420      0xc0c sensor-light_co2_temp.o
 *fill*         0x000000000004002c       0x14 
 .bss           0x0000000000040040     0x4060 build/cooja/mtype633573958.o
                0x0000000000040040                sensors_flags
                0x0000000000040048                referenceVar
 .bss           0x00000000000440a0       0x18 build/cooja/contiki-ng-cooja.a(simEnvChange.o)
                0x00000000000440a0                simDontFallAsleep
                0x00000000000440a4                simProcessRunValue
                0x00000000000440a8                simEtimerPending
                0x00000000000440b0                simEtimerNextExpirationTime
 .bss           0x00000000000440b8        0x8 build/cooja/contiki-ng-cooja.a(cooja_mt.o)
 .bss           0x00000000000440c0        0x8 build/cooja/contiki-ng-cooja.a(cooja_mtarch.o)
 .bss           0x00000000000440c8       0x18 build/cooja/contiki-ng-cooja.a(rtimer-arch.o)
                0x00000000000440c8                simRtimerPending
                0x00000000000440d0                simRtimerNextExpirationTime
                0x00000000000440d8                simRtimerCurrentTicks
 .bss           0x00000000000440e0        0x1 build/cooja/contiki-ng-cooja.a(beep.o)
                0x00000000000440e0                simBeeped
 .bss           0x00000000000440e1        0x1 build/cooja/contiki-ng-cooja.a(leds-arch.o)
                0x00000000000440e1                simLedsValue
 *fill*         0x00000000000440e2        0x2 
 .bss           0x00000000000440e4        0xc build/cooja/contiki-ng-cooja.a(moteid.o)
                0x00000000000440e4                simMoteID
                0x00000000000440e8                simMoteIDChanged
                0x00000000000440ec                simRandomSeed
 .bss           0x00000000000440f0        0x3 build/cooja/contiki-ng-cooja.a(pir-sensor.o)
                0x00000000000440f0                simPirChanged
                0x00000000000440f1                simPirIsActive
                0x00000000000440f2                simPirValue
 *fill*         0x00000000000440f3        0xd 
 .bss           0x0000000000044100      0x810 build/cooja/contiki-ng-cooja.a(rs232.o)
                0x0000000000044100                simSerialReceivingData
                0x0000000000044900                simSerialReceivingLength
                0x0000000000044904                simSerialReceivingFlag
 .bss           0x0000000000044910        0x3 build/cooja/contiki-ng-cooja.a(vib-sensor.o)
                0x0000000000044910                simVibChanged
                0x0000000000044911                simVibIsActive
                0x0000000000044912                simVibValue
 *fill*         0x0000000000044913        0x5 
 .bss           0x0000000000044918        0x8 build/cooja/contiki-ng-cooja.a(clock.o)
                0x0000000000044918                simCurrentTime
 .bss           0x0000000000044920     0x200d build/cooja/contiki-ng-cooja.a(cooja-log.o)
                0x0000000000044920                simLoggedData
                0x0000000000046920                simLoggedLength
                0x0000000000046924                simLoggedFlag
 *fill*         0x000000000004692d       0x13 
 .bss           0x0000000000046940      0xfc0 build/cooja/contiki-ng-cooja.a(cfs-cooja.o)
                0x0000000000046940                simCFSData
                0x00000000000478e0                simCFSSize
                0x00000000000478e4                simCFSChanged
                0x00000000000478e8                simCFSRead
                0x00000000000478ec                simCFSWritten
 .bss           0x0000000000047900      0x15c build/cooja/contiki-ng-cooja.a(cooja-radio.o)
                0x0000000000047900                simReceiving
                0x0000000000047920                simInDataBuffer
                0x00000000000479a0                simInSize
                0x00000000000479a8                simLastPacketTimestamp
                0x00000000000479c0                simOutDataBuffer
                0x0000000000047a40                simOutSize
 *fill*         0x0000000000047a5c        0x4 
 .bss           0x0000000000047a60      0x40c build/cooja/contiki-ng-cooja.a(eeprom.o)
                0x0000000000047a60                simEEPROMData
                0x0000000000047e60                simEEPROMChanged
                0x0000000000047e64                simEEPROMRead
                0x0000000000047e68                simEEPROMWritten
 .bss           0x0000000000047e6c        0x0 build/cooja/contiki-ng-cooja.a(random.o)
 .bss           0x0000000000047e6c        0xc build/cooja/contiki-ng-cooja.a(sensors.o)
                0x0000000000047e6c                sensors_event
 .bss           0x0000000000047e78        0x0 build/cooja/contiki-ng-cooja.a(leds.o)
 *fill*         0x0000000000047e78        0x8 
 .bss           0x0000000000047e80       0x40 build/cooja/contiki-ng-cooja.a(gpio-hal-arch.o)
 .bss           0x0000000000047ec0        0x2 build/cooja/contiki-ng-cooja.a(buttons.o)
                0x0000000000047ec0                simButtonChanged
                0x0000000000047ec1                simButtonIsDown
 *fill*         0x0000000000047ec2        0x6 
 .bss           0x0000000000047ec8       0x21 build/cooja/contiki-ng-cooja.a(mqtt.o)
                0x0000000000047ec8                mqtt_update_event