Archive member included to satisfy reference by file (symbol)

build/cooja/contiki-ng-cooja.a(simEnvChange.o)
                              build/cooja/mtype929578053.o (simDontFallAsleep)
build/cooja/contiki-ng-cooja.a(cooja_mt.o)
                              build/cooja/mtype929578053.o (cooja_mt_start)
build/cooja/contiki-ng-cooja.a(cooja_mtarch.o)
                              build/cooja/contiki-ng-cooja.a(cooja_mt.o) (cooja_mtarch_start)
build/cooja/contiki-ng-cooja.a(rtimer-arch.o)
                              build/cooja/mtype929578053.o (rtimer_arch_check)
build/cooja/contiki-ng-cooja.a(beep.o)
                              build/cooja/mtype929578053.o (beep_interface)
build/cooja/contiki-ng-cooja.a(leds-arch.o)
                              build/cooja/mtype929578053.o (leds_interface)
build/cooja/contiki-ng-cooja.a(moteid.o)
                              build/cooja/mtype929578053.o (moteid_interface)
build/cooja/contiki-ng-cooja.a(pir-sensor.o)
                              build/cooja/mtype929578053.o (pir_interface)
build/cooja/contiki-ng-cooja.a(rs232.o)
                              build/cooja/mtype929578053.o (rs232_interface)
build/cooja/contiki-ng-cooja.a(vib-sensor.o)
                              build/cooja/mtype929578053.o (vib_interface)
build/cooja/contiki-ng-cooja.a(clock.o)
                              build/cooja/mtype929578053.o (clock_interface)
build/cooja/contiki-ng-cooja.a(cooja-log.o)
                              build/cooja/mtype929578053.o (simlog_interface)
build/cooja/contiki-ng-cooja.a(cfs-cooja.o)
                              build/cooja/mtype929578053.o (cfs_interface)
build/cooja/contiki-ng-cooja.a(cooja-radio.o)
                              build/cooja/mtype929578053.o (radio_interface)
build/cooja/contiki-ng-cooja.a(eeprom.o)
                              build/cooja/mtype929578053.o (eeprom_interface)
build/cooja/contiki-ng-cooja.a(random.o)
                              build/cooja/contiki-ng-cooja.a(moteid.o) (random_init)
build/cooja/contiki-ng-cooja.a(sensors.o)
                              build/cooja/contiki-ng-cooja.a(pir-sensor.o) (sensors_changed)
build/cooja/contiki-ng-cooja.a(leds.o)
                              build/cooja/contiki-ng-cooja.a(leds-arch.o) (leds_get)
build/cooja/contiki-ng-cooja.a(gpio-hal-arch.o)
                              build/cooja/contiki-ng-cooja.a(leds-arch.o) (gpio_hal_arch_register_pin_callback)
build/cooja/contiki-ng-cooja.a(buttons.o)
                              build/cooja/mtype929578053.o (button_interface)
build/cooja/contiki-ng-cooja.a(mqtt.o)
                              sensor-light_co2_temp.o (mqtt_register)
build/cooja/contiki-ng-cooja.a(contiki-main.o)
                              build/cooja/mtype929578053.o (main)
build/cooja/contiki-ng-cooja.a(autostart.o)
                              build/cooja/contiki-ng-cooja.a(contiki-main.o) (autostart_start)
build/cooja/contiki-ng-cooja.a(ctimer.o)
                              build/cooja/contiki-ng-cooja.a(contiki-main.o) (ctimer_init)
build/cooja/contiki-ng-cooja.a(energest.o)
                              build/cooja/contiki-ng-cooja.a(contiki-main.o) (energest_init)
build/cooja/contiki-ng-cooja.a(etimer.o)
                              build/cooja/contiki-ng-cooja.a(contiki-main.o) (etimer_process)
build/cooja/contiki-ng-cooja.a(log.o)
                              build/cooja/contiki-ng-cooja.a(contiki-main.o) (curr_log_level_main)
build/cooja/contiki-ng-cooja.a(node-id.o)
                              build/cooja/contiki-ng-cooja.a(contiki-main.o) (node_id)
build/cooja/contiki-ng-cooja.a(process.o)
                              build/cooja/contiki-ng-cooja.a(mqtt.o) (process_current)
build/cooja/contiki-ng-cooja.a(rtimer.o)
                              build/cooja/contiki-ng-cooja.a(contiki-main.o) (rtimer_init)
build/cooja/contiki-ng-cooja.a(timer.o)
                              build/cooja/contiki-ng-cooja.a(mqtt.o) (timer_set)
build/cooja/contiki-ng-cooja.a(list.o)
                              build/cooja/contiki-ng-cooja.a(mqtt.o) (list_init)
build/cooja/contiki-ng-cooja.a(button-hal.o)
                              sensor-light_co2_temp.o (button_hal_press_event)
build/cooja/contiki-ng-cooja.a(gpio-hal.o)
                              build/cooja/contiki-ng-cooja.a(button-hal.o) (gpio_hal_register_handler)
build/cooja/contiki-ng-cooja.a(serial-line.o)
                              build/cooja/contiki-ng-cooja.a(rs232.o) (serial_line_input_byte)
build/cooja/contiki-ng-cooja.a(linkaddr.o)
                              sensor-light_co2_temp.o (linkaddr_node_addr)
build/cooja/contiki-ng-cooja.a(netstack.o)
                              build/cooja/contiki-ng-cooja.a(contiki-main.o) (netstack_init)
build/cooja/contiki-ng-cooja.a(packetbuf.o)
                              build/cooja/contiki-ng-cooja.a(cooja-radio.o) (packetbuf_clear)
build/cooja/contiki-ng-cooja.a(queuebuf.o)
[...]
Memory Configuration

Name             Origin             Length             Attributes
*default*        0x0000000000000000 0xffffffffffffffff

Linker script and memory map

LOAD /usr/lib/gcc/x86_64-linux-gnu/11/../../../x86_64-linux-gnu/crti.o
LOAD /usr/lib/gcc/x86_64-linux-gnu/11/crtbeginS.o
LOAD sensor-light_co2_temp.o
LOAD build/cooja/mtype929578053.o
LOAD build/cooja/contiki-ng-cooja.a
LOAD /usr/lib/gcc/x86_64-linux-gnu/11/libgcc.a
LOAD /usr/lib/gcc/x86_64-linux-gnu/11/libgcc_s.so
START GROUP
LOAD /usr/lib/gcc/x86_64-linux-gnu/11/../../../x86_64-linux-gnu/libgcc_s.so.1
LOAD /usr/lib/gcc/x86_64-linux-gnu/11/libgcc.a
END GROUP
LOAD /usr/lib/gcc/x86_64-linux-gnu/11/../../../x86_64-linux-gnu/libc.so
START GROUP
LOAD /lib/x86_64-linux-gnu/libc.so.6
LOAD /usr/lib/x86_64-linux-gnu/libc_nonshared.a
LOAD /lib64/ld-linux-x86-64.so.2
END GROUP
LOAD /usr/lib/gcc/x86_64-linux-gnu/11/libgcc.a
LOAD /usr/lib/gcc/x86_64-linux-gnu/11/libgcc_s.so
START GROUP
LOAD /usr/lib/gcc/x86_64-linux-gnu/11/../../../x86_64-linux-gnu/libgcc_s.so.1
LOAD /usr/lib/gcc/x86_64-linux-gnu/11/libgcc.a
END GROUP
LOAD /usr/lib/gcc/x86_64-linux-gnu/11/crtendS.o
LOAD /usr/lib/gcc/x86_64-linux-gnu/11/../../../x86_64-linux-gnu/crtn.o
                0x00000000000002a8                . = (SEGMENT_START ("text-segment", 0x0) + SIZEOF_HEADERS)

.note.gnu.property
                0x00000000000002a8       0x20
 .note.gnu.property
                0x00000000000002a8       0x20 /usr/lib/gcc/x86_64-linux-gnu/11/../../../x86_64-linux-gnu/crti.o

.note.gnu.build-id
                0x00000000000002c8       0x24
 *(.note.gnu.build-id)
 .note.gnu.build-id
                0x00000000000002c8       0x24 /usr/lib/gcc/x86_64-linux-gnu/11/../../../x86_64-linux-gnu/crti.o

.hash
 *(.hash)

.gnu.hash       0x00000000000002f0     0x14c4
 *(.gnu.hash)
 .gnu.hash      0x00000000000002f0     0x14c4 /usr/lib/gcc/x86_64-linux-gnu/11/../../../x86_64-linux-gnu/crti.o

.dynsym         0x00000000000017b8     0x4140
 *(.dynsym)
 .dynsym        0x00000000000017b8     0x4140 /usr/lib/gcc/x86_64-linux-gnu/11/../../../x86_64-linux-gnu/crti.o

.dynstr         0x00000000000058f8     0x3111
 *(.dynstr)
 .dynstr        0x00000000000058f8     0x3111 /usr/lib/gcc/x86_64-linux-gnu/11/../../../x86_64-linux-gnu/crti.o

.gnu.version    0x0000000000008a0a      0x570
 *(.gnu.version)
 .gnu.version   0x0000000000008a0a      0x570 /usr/lib/gcc/x86_64-linux-gnu/11/../../../x86_64-linux-gnu/crti.o

.gnu.version_d  0x0000000000008f80        0x0
 *(.gnu.version_d)
 .gnu.version_d
                0x0000000000008f80        0x0 /usr/lib/gcc/x86_64-linux-gnu/11/../../../x86_64-linux-gnu/crti.o

.gnu.version_r  0x0000000000008f80       0x40
 *(.gnu.version_r)
 .gnu.version_r
                0x0000000000008f80       0x40 /usr/lib/gcc/x86_64-linux-gnu/11/../../../x86_64-linux-gnu/crti.o

.rela.dyn       0x0000000000008fc0     0x1ef0
 *(.rela.init)
 *(.rela.text .rela.text.* .rela.gnu.linkonce.t.*)
 .rela.text     0x0000000000008fc0        0x0 /usr/lib/gcc/x86_64-linux-gnu/11/../../../x86_64-linux-gnu/crti.o
 *(.rela.fini)
 *(.rela.rodata .rela.rodata.* .rela.gnu.linkonce.r.*)
 *(.rela.data .rela.data.* .rela.gnu.linkonce.d.*)
 .rela.data.rel.local
                0x0000000000008fc0      0x720 /usr/lib/gcc/x86_64-linux-gnu/11/../../../x86_64-linux-gnu/crti.o
 .rela.data.rel.ro
                0x00000000000096e0      0x288 /usr/lib/gcc/x86_64-linux-gnu/11/../../../x86_64-linux-gnu/crti.o
 .rela.data.rel
                0x0000000000009968      0x3a8 /usr/lib/gcc/x86_64-linux-gnu/11/../../../x86_64-linux-gnu/crti.o
 .rela.data.rel.ro.local
                0x0000000000009d10      0x5a0 /usr/lib/gcc/x86_64-linux-gnu/11/../../../x86_64-linux-gnu/crti.o
 *(.rela.tdata .rela.tdata.* .rela.gnu.linkonce.td.*)
 *(.rela.tbss .rela.tbss.* .rela.gnu.linkonce.tb.*)
 *(.rela.ctors)
 *(.rela.dtors)
 *(.rela.got)
 .rela.got      0x000000000000a2b0      0xbd0 /usr/lib/gcc/x86_64-linux-gnu/11/../../../x86_64-linux-gnu/crti.o
 *(.rela.bss .rela.bss.* .rela.gnu.linkonce.b.*)
 *(.rela.ldata .rela.ldata.* .rela.gnu.linkonce.l.*)
 *(.rela.lbss .rela.lbss.* .rela.gnu.linkonce.lb.*)
 *(.rela.lrodata .rela.lrodata.* .rela.gnu.linkonce.lr.*)
 *(.rela.ifunc)
 .rela.ifunc    0x000000000000ae80        0x0 /usr/lib/gcc/x86_64-linux-gnu/11/../../../x86_64-linux-gnu/crti.o
 .rela.fini_array
                0x000000000000ae80       0x18 /usr/lib/gcc/x86_64-linux-gnu/11/../../../x86_64-linux-gnu/crti.o
 .rela.init_array
                0x000000000000ae98       0x18 /usr/lib/gcc/x86_64-linux-gnu/11/../../../x86_64-linux-gnu/crti.o

.rela.plt       0x000000000000aeb0     0x2370
 *(.rela.plt)
 .rela.plt      0x000000000000aeb0     0x2370 /usr/lib/gcc/x86_64-linux-gnu/11/../../../x86_64-linux-gnu/crti.o
 *(.rela.iplt)

.relr.dyn
 *(.relr.dyn)
                0x000000000000e000                . = ALIGN (CONSTANT (MAXPAGESIZE))

.init           0x000000000000e000       0x1b
 *(SORT_NONE(.init))
 .init          0x000000000000e000       0x16 /usr/lib/gcc/x86_64-linux-gnu/11/../../../x86_64-linux-gnu/crti.o
                0x000000000000e000                _init
 .init          0x000000000000e016        0x5 /usr/lib/gcc/x86_64-linux-gnu/11/../../../x86_64-linux-gnu/crtn.o

.plt            0x000000000000e020     0x17b0
 *(.plt)
 .plt           0x000000000000e020     0x17b0 /usr/lib/gcc/x86_64-linux-gnu/11/../../../x86_64-linux-gnu/crti.o
 *(.iplt)

.plt.got        0x000000000000f7d0       0x30
 *(.plt.got)
 .plt.got       0x000000000000f7d0       0x30 /usr/lib/gcc/x86_64-linux-gnu/11/../../../x86_64-linux-gnu/crti.o

.plt.sec        0x000000000000f800     0x17a0
 *(.plt.sec)
 .plt.sec       0x000000000000f800     0x17a0 /usr/lib/gcc/x86_64-linux-gnu/11/../../../x86_64-linux-gnu/crti.o

.text           0x0000000000010fa0    0x222da
 *(.text.unlikely .text.*_unlikely .text.unlikely.*)
 *(.text.exit .text.exit.*)
 *(.text.startup .text.startup.*)
 *(.text.hot .text.hot.*)
 *(SORT_BY_NAME(.text.sorted.*))
 *(.text .stub .text.* .gnu.linkonce.t.*)
 .text          0x0000000000010fa0        0x0 /usr/lib/gcc/x86_64-linux-gnu/11/../../../x86_64-linux-gnu/crti.o
 .text          0x0000000000010fa0       0xb9 /usr/lib/gcc/x86_64-linux-gnu/11/crtbeginS.o
 .text          0x0000000000011059     0x1177 sensor-light_co2_temp.o
 .text          0x00000000000121d0      0x374 build/cooja/mtype929578053.o
                0x0000000000012286                platform_init_stage_one
                0x000000000001229b                platform_init_stage_two
                0x00000000000122b0                platform_init_stage_three
                0x00000000000122c5                platform_main_loop
                0x000000000001235f                JNI_OnLoad
                0x0000000000012376                Java_org_contikios_cooja_corecomm_Lib4_init
                0x00000000000123c9                Java_org_contikios_cooja_corecomm_Lib4_getMemory
                0x0000000000012428                Java_org_contikios_cooja_corecomm_Lib4_setMemory
                0x0000000000012487                Java_org_contikios_cooja_corecomm_Lib4_tick
                0x0000000000012515                Java_org_contikios_cooja_corecomm_Lib4_setReferenceAddress
 .text          0x0000000000012544       0x93 build/cooja/contiki-ng-cooja.a(simEnvChange.o)
                0x0000000000012544                doActionsBeforeTick
                0x000000000001258d                doActionsAfterTick
 .text          0x00000000000125d7       0xab build/cooja/contiki-ng-cooja.a(cooja_mt.o)
                0x00000000000125d7                cooja_mt_start
                0x0000000000012617                cooja_mt_exec
                0x000000000001265a                cooja_mt_yield
 .text          0x0000000000012682      0x10e build/cooja/contiki-ng-cooja.a(cooja_mtarch.o)
                0x0000000000012682                cooja_mtarch_start
                0x0000000000012725                cooja_sw
                0x0000000000012752                cooja_mtarch_exec
                0x0000000000012780                cooja_mtarch_yield
 .text          0x0000000000012790       0xcc build/cooja/contiki-ng-cooja.a(rtimer-arch.o)
                0x0000000000012790                rtimer_arch_init
                0x00000000000127b6                rtimer_arch_schedule
                0x00000000000127e0                rtimer_arch_next
                0x00000000000127f4                rtimer_arch_pending
                0x0000000000012807                rtimer_arch_check
                0x0000000000012848                rtimer_arch_now
 .text          0x000000000001285c       0xe6 build/cooja/contiki-ng-cooja.a(beep.o)
                0x000000000001285c                beep_alarm
                0x0000000000012877                beep_beep
                0x000000000001288f                beep
                0x00000000000128a4                beep_down
                0x00000000000128bc                beep_on
                0x00000000000128d1                beep_off
                0x00000000000128e6                beep_spinup
                0x00000000000128fb                beep_quick
                0x0000000000012913                beep_long
 .text          0x0000000000012942       0x80 build/cooja/contiki-ng-cooja.a(leds-arch.o)
                0x000000000001295b                leds_arch_init
 .text          0x00000000000129c2       0x41 build/cooja/contiki-ng-cooja.a(moteid.o)
 .text          0x0000000000012a03       0xfa build/cooja/contiki-ng-cooja.a(pir-sensor.o)
 .text          0x0000000000012afd      0x18b build/cooja/contiki-ng-cooja.a(rs232.o)
                0x0000000000012afd                rs232_init
                0x0000000000012b08                rs232_set_speed
                0x0000000000012b18                rs232_set_input
                0x0000000000012b32                rs232_send
                0x0000000000012b51                rs232_print
                0x0000000000012b7f                slip_arch_writeb
 .text          0x0000000000012c88       0xfa build/cooja/contiki-ng-cooja.a(vib-sensor.o)
 .text          0x0000000000012d82       0x6f build/cooja/contiki-ng-cooja.a(clock.o)
                0x0000000000012d82                clock_init
                0x0000000000012d8d                clock_time
                0x0000000000012da1                clock_seconds
                0x0000000000012dcd                clock_delay
 .text          0x0000000000012df1      0x214 build/cooja/contiki-ng-cooja.a(cooja-log.o)
                0x0000000000012df1                simlog_char
                0x0000000000012e4b                simlog
                0x0000000000012ed0                log_message
                0x0000000000012f15                log_set_putchar_with_slip
                0x0000000000012f2c                dbg_putchar
                0x0000000000012fad                dbg_send_bytes
 .text          0x0000000000013005      0x39b build/cooja/contiki-ng-cooja.a(cfs-cooja.o)
                0x0000000000013005                cfs_open
                0x0000000000013082                cfs_close
                0x0000000000013097                cfs_read
                0x000000000001315e                cfs_write
                0x000000000001326e                cfs_seek
                0x000000000001331d                cfs_remove
                0x000000000001334d                cfs_opendir
                0x0000000000013364                cfs_readdir
                0x000000000001337b                cfs_closedir
 .text          0x00000000000133a0      0x79f build/cooja/contiki-ng-cooja.a(cooja-radio.o)
                0x00000000000133ff                radio_set_channel
                0x0000000000013419                radio_set_txpower
                0x0000000000013436                radio_signal_strength_last
                0x0000000000013449                radio_signal_strength_current
                0x000000000001345c                radio_LQI
 .text          0x0000000000013b3f      0x163 build/cooja/contiki-ng-cooja.a(eeprom.o)
                0x0000000000013b3f                eeprom_init
                0x0000000000013b4e                eeprom_read
                0x0000000000013bed                eeprom_write
 .text          0x0000000000013ca2       0x2f build/cooja/contiki-ng-cooja.a(random.o)
                0x0000000000013ca2                random_init
                0x0000000000013cc2                random_rand
 .text          0x0000000000013cd1      0x35f build/cooja/contiki-ng-cooja.a(sensors.o)
                0x0000000000013d1a                sensors_first
                0x0000000000013d2e                sensors_next
                0x0000000000013d5d                sensors_changed
                0x0000000000013daa                sensors_find
 .text          0x0000000000014030      0x3ad build/cooja/contiki-ng-cooja.a(leds.o)
                0x0000000000014030                leds_init
                0x000000000001407b                leds_single_on
                0x00000000000140e8                leds_single_off
                0x0000000000014155                leds_single_toggle
                0x000000000001418d                leds_on
                0x000000000001421e                leds_off
                0x00000000000142af                leds_toggle
                0x000000000001430b                leds_set
                0x0000000000014334                leds_get
 .text          0x00000000000143dd      0x41b build/cooja/contiki-ng-cooja.a(gpio-hal-arch.o)
                0x00000000000143dd                gpio_hal_arch_register_pin_callback
                0x0000000000014484                gpio_hal_arch_init
                0x00000000000144da                gpio_hal_arch_no_port_interrupt_enable
                0x0000000000014527                gpio_hal_arch_no_port_interrupt_disable
                0x0000000000014574                gpio_hal_arch_no_port_pin_cfg_set
                0x00000000000145aa                gpio_hal_arch_no_port_pin_cfg_get
                0x00000000000145de                gpio_hal_arch_no_port_pin_set_input
                0x00000000000145f1                gpio_hal_arch_no_port_pin_set_output
                0x0000000000014604                gpio_hal_arch_no_port_set_pin
                0x0000000000014628                gpio_hal_arch_no_port_clear_pin
                0x000000000001464c                gpio_hal_arch_no_port_read_pin
                0x0000000000014679                gpio_hal_arch_no_port_write_pin
                0x00000000000146a3                gpio_hal_arch_no_port_set_pins
                0x00000000000146f2                gpio_hal_arch_no_port_clear_pins
                0x0000000000014741                gpio_hal_arch_no_port_read_pins
                0x000000000001478f                gpio_hal_arch_no_port_write_pins
 .text          0x00000000000147f8       0xa8 build/cooja/contiki-ng-cooja.a(buttons.o)
 .text          0x00000000000148a0     0x3e29 build/cooja/contiki-ng-cooja.a(mqtt.o)
                0x0000000000014d41                mqtt_decode_var_byte_int
                0x0000000000014e46                mqtt_encode_var_byte_int
                0x0000000000017f31                mqtt_init
                0x000000000001800b                mqtt_register
                0x00000000000180d3                mqtt_connect
                0x0000000000018213                mqtt_disconnect
                0x0000000000018264                mqtt_subscribe
                0x000000000001836d                mqtt_unsubscribe
                0x0000000000018466                mqtt_publish
                0x00000000000185a1                mqtt_set_username_password
                0x0000000000018652                mqtt_set_last_will
 .text          0x00000000000186c9      0x400 build/cooja/contiki-ng-cooja.a(contiki-main.o)
                0x00000000000186c9                main
 .text          0x0000000000018ac9       0xbd build/cooja/contiki-ng-cooja.a(autostart.o)
                0x0000000000018ac9                autostart_start
                0x0000000000018b2a                autostart_exit
 .text          0x0000000000018b86      0x441 build/cooja/contiki-ng-cooja.a(ctimer.o)
                0x0000000000018ce8                ctimer_init
                0x0000000000018d1d                ctimer_set
                0x0000000000018d61                ctimer_set_with_process
                0x0000000000018e1b                ctimer_reset
                0x0000000000018e8c                ctimer_restart
                0x0000000000018efd                ctimer_stop
                0x0000000000018f5b                ctimer_expired
 .text          0x0000000000018fc7       0x25 build/cooja/contiki-ng-cooja.a(energest.o)
                0x0000000000018fc7                energest_init
                0x0000000000018fd2                energest_flush
                0x0000000000018fdd                energest_get_total_time
 .text          0x0000000000018fec      0x57c build/cooja/contiki-ng-cooja.a(etimer.o)
                0x0000000000019294                etimer_request_poll
                0x0000000000019346                etimer_set
                0x000000000001937c                etimer_reset_with_new_interval
                0x00000000000193b7                etimer_reset
                0x00000000000193e2                etimer_restart
                0x000000000001940d                etimer_adjust
                0x000000000001943e                etimer_expired
                0x000000000001945d                etimer_expiration_time
                0x000000000001947d                etimer_start_time
                0x0000000000019492                etimer_pending
                0x00000000000194ac                etimer_next_expiration_time
                0x00000000000194cd                etimer_stop
 .text          0x0000000000019568      0x539 build/cooja/contiki-ng-cooja.a(log.o)
                0x0000000000019568                log_6addr
                0x00000000000195ce                log_6addr_compact_snprint
                0x00000000000196a9                log_6addr_compact
                0x000000000001970f                log_lladdr
                0x000000000001978f                log_lladdr_compact
                0x0000000000019811                log_bytes
                0x0000000000019871                log_set_level
                0x000000000001997f                log_get_level
                0x0000000000019a36                log_level_to_str
 .text          0x0000000000019aa1       0x36 build/cooja/contiki-ng-cooja.a(node-id.o)
                0x0000000000019aa1                node_id_init
 .text          0x0000000000019ad7      0x673 build/cooja/contiki-ng-cooja.a(process.o)
                0x0000000000019ad7                process_alloc_event
                0x0000000000019af1                process_start
                0x0000000000019d61                process_exit
                0x0000000000019d8d                process_init
                0x0000000000019f84                process_run
                0x0000000000019fb9                process_nevents
                0x0000000000019fd9                process_post
                0x000000000001a0a1                process_post_synch
                0x000000000001a0ef                process_poll
                0x000000000001a12c                process_is_running
 .text          0x000000000001a14a      0x101 build/cooja/contiki-ng-cooja.a(rtimer.o)
                0x000000000001a14a                rtimer_init
                0x000000000001a15a                rtimer_set
                0x000000000001a1db                rtimer_run_next
 .text          0x000000000001a24b       0xfd build/cooja/contiki-ng-cooja.a(timer.o)
                0x000000000001a24b                timer_set
                0x000000000001a27a                timer_reset
                0x000000000001a2b6                timer_restart
                0x000000000001a2d5                timer_expired
                0x000000000001a310                timer_remaining
 .text          0x000000000001a348      0x39b build/cooja/contiki-ng-cooja.a(list.o)
                0x000000000001a348                list_init
                0x000000000001a362                list_head
                0x000000000001a377                list_copy
                0x000000000001a398                list_tail
                0x000000000001a3e1                list_add
                0x000000000001a445                list_push
                0x000000000001a488                list_chop
                0x000000000001a515                list_pop
                0x000000000001a54f                list_remove
                0x000000000001a5db                list_length
                0x000000000001a616                list_insert
                0x000000000001a679                list_item_next
                0x000000000001a69c                list_contains
 .text          0x000000000001a6e3      0x574 build/cooja/contiki-ng-cooja.a(button-hal.o)
                0x000000000001a8ae                button_hal_get_by_id
                0x000000000001a8fc                button_hal_get_by_index
                0x000000000001a933                button_hal_get_state
                0x000000000001a996                button_hal_init
 .text          0x000000000001ac57      0x181 build/cooja/contiki-ng-cooja.a(gpio-hal.o)
                0x000000000001ac57                gpio_hal_register_handler
                0x000000000001ac80                gpio_hal_event_handler
                0x000000000001aceb                gpio_hal_init
                0x000000000001ad0a                gpio_hal_arch_port_toggle_pin
                0x000000000001ad41                gpio_hal_arch_port_toggle_pins
                0x000000000001ad72                gpio_hal_arch_no_port_toggle_pin
                0x000000000001adac                gpio_hal_arch_no_port_toggle_pins
 .text          0x000000000001add8      0x238 build/cooja/contiki-ng-cooja.a(serial-line.o)
                0x000000000001add8                serial_line_input_byte
                0x000000000001afd3                serial_line_init
 .text          0x000000000001b010       0x80 build/cooja/contiki-ng-cooja.a(linkaddr.o)
                0x000000000001b010                linkaddr_copy
                0x000000000001b031                linkaddr_cmp
                0x000000000001b067                linkaddr_set_node_addr
 .text          0x000000000001b090      0x12b build/cooja/contiki-ng-cooja.a(netstack.o)
                0x000000000001b090                netstack_process_ip_callback
                0x000000000001b131                netstack_ip_packet_processor_add
                0x000000000001b161                uip_ds6_ip_packet_processor_rm
                0x000000000001b18a                netstack_init
 .text          0x000000000001b1bb      0x4a8 build/cooja/contiki-ng-cooja.a(packetbuf.o)
                0x000000000001b1bb                packetbuf_clear
                0x000000000001b1e9                packetbuf_copyfrom
                0x000000000001b242                packetbuf_copyto
                0x000000000001b2e8                packetbuf_hdralloc
                0x000000000001b377                packetbuf_hdrreduce
                0x000000000001b3c7                packetbuf_set_datalen
                0x000000000001b3e3                packetbuf_dataptr
                0x000000000001b408                packetbuf_hdrptr
                0x000000000001b419                packetbuf_datalen
                0x000000000001b42a                packetbuf_hdrlen
                0x000000000001b446                packetbuf_totlen
                0x000000000001b468                packetbuf_remaininglen
                0x000000000001b480                packetbuf_attr_clear
                0x000000000001b4e5                packetbuf_attr_copyto
                0x000000000001b530                packetbuf_attr_copyfrom
                0x000000000001b57b                packetbuf_set_attr
                0x000000000001b5ab                packetbuf_attr
                0x000000000001b5cc                packetbuf_set_addr
                0x000000000001b612                packetbuf_addr
                0x000000000001b63c                packetbuf_holds_broadcast
 .text          0x000000000001b663      0x382 build/cooja/contiki-ng-cooja.a(queuebuf.o)
                0x000000000001b678                queuebuf_init
                0x000000000001b6a1                queuebuf_numfree
                0x000000000001b6ba                queuebuf_new_from_packetbuf
                0x000000000001b76d                queuebuf_update_attr_from_packetbuf
                0x000000000001b7b0                queuebuf_update_from_packetbuf
                0x000000000001b80c                queuebuf_free
                0x000000000001b868                queuebuf_to_packetbuf
                0x000000000001b8e1                queuebuf_dataptr
                0x000000000001b928                queuebuf_datalen
                0x000000000001b958                queuebuf_addr
                0x000000000001b99f                queuebuf_attr
                0x000000000001b9da                queuebuf_debug_print
 .text          0x000000000001b9e5      0x116 build/cooja/contiki-ng-cooja.a(printf.o)
                0x000000000001ba1a                log_printf
 .text          0x000000000001bafb       0x1e build/cooja/contiki-ng-cooja.a(putchar.o)
                0x000000000001bafb                log_putchar
 .text          0x000000000001bb19       0x3d build/cooja/contiki-ng-cooja.a(puts.o)
                0x000000000001bb19                log_puts
 .text          0x000000000001bb56      0x1f8 build/cooja/contiki-ng-cooja.a(snprintf.o)
                0x000000000001bbe1                log_snprintf
                0x000000000001bcc6                log_vsnprintf
 .text          0x000000000001bd4e      0x152 build/cooja/contiki-ng-cooja.a(sprintf.o)
                0x000000000001bd99                log_sprintf
 .text          0x000000000001bea0     0x170b build/cooja/contiki-ng-cooja.a(strformat.o)
                0x000000000001c213                format_str
                0x000000000001c2f4                format_str_v
 .text          0x000000000001d5ab      0x292 build/cooja/contiki-ng-cooja.a(csma.o)
 .text          0x000000000001d83d     0x3747 build/cooja/contiki-ng-cooja.a(sicslowpan.o)
                0x000000000001e013                netstack_sniffer_add
                0x000000000001e02d                netstack_sniffer_remove
                0x0000000000020f4d                sicslowpan_init
                0x0000000000020f74                sicslowpan_get_last_rssi
 .text          0x0000000000020f84      0xbaa build/cooja/contiki-ng-cooja.a(tcp-socket.o)
                0x00000000000216bd                tcp_socket_register
                0x0000000000021785                tcp_socket_connect
                0x0000000000021842                tcp_socket_listen
                0x00000000000218cf                tcp_socket_unlisten
                0x000000000002195b                tcp_socket_send
                0x0000000000021a18                tcp_socket_send_str
                0x0000000000021a4f                tcp_socket_close
                0x0000000000021a84                tcp_socket_unregister
                0x0000000000021aed                tcp_socket_max_sendlen
                0x0000000000021b15                tcp_socket_queuelen
 .text          0x0000000000021b2e      0xc96 build/cooja/contiki-ng-cooja.a(tcpip.o)
                0x0000000000021b5e                tcpip_output
                0x0000000000021c60                tcp_connect
                0x0000000000021cc7                tcp_unlisten
                0x0000000000021d37                tcp_listen
                0x0000000000021da3                tcp_attach
                0x0000000000021dd1                udp_attach
                0x0000000000021dff                udp_new
                0x0000000000021e5a                udp_broadcast_new
                0x000000000002216d                tcpip_input
                0x0000000000022345                tcpip_ipv6_output
                0x000000000002259e                tcpip_poll_udp
                0x00000000000225cc                tcpip_poll_tcp
                0x00000000000225fa                tcpip_uipcall
 .text          0x00000000000227c4      0x416 build/cooja/contiki-ng-cooja.a(uip-ds6-nbr.o)
                0x00000000000227c4                uip_ds6_neighbors_init
                0x00000000000227ed                uip_ds6_nbr_add
                0x000000000002288b                uip_ds6_nbr_rm
                0x00000000000228e8                uip_ds6_nbr_update_ll
                0x00000000000229ed                uip_ds6_nbr_get_ipaddr
                0x0000000000022a0d                uip_ds6_nbr_get_ll
                0x0000000000022a35                uip_ds6_nbr_num
                0x0000000000022a87                uip_ds6_nbr_head
                0x0000000000022aa0                uip_ds6_nbr_next
                0x0000000000022ac8                uip_ds6_nbr_lookup
                0x0000000000022b31                uip_ds6_nbr_ll_lookup
                0x0000000000022b59                uip_ds6_nbr_ipaddr_from_lladdr
                0x0000000000022b8d                uip_ds6_nbr_lladdr_from_ipaddr
                0x0000000000022bc9                uip_ds6_link_callback
 .text          0x0000000000022bda      0x3f9 build/cooja/contiki-ng-cooja.a(uip-ds6-route.o)
                0x0000000000022c31                uip_ds6_route_init
                0x0000000000022c5a                uip_ds6_route_count_nexthop_neighbors
                0x0000000000022c69                uip_ds6_route_nexthop
                0x0000000000022c7c                uip_ds6_route_head
                0x0000000000022c8b                uip_ds6_route_next
                0x0000000000022c9e                uip_ds6_route_is_nexthop
                0x0000000000022cb1                uip_ds6_route_num_routes
                0x0000000000022cc0                uip_ds6_route_lookup
                0x0000000000022cd3                uip_ds6_route_add
                0x0000000000022cef                uip_ds6_route_rm
                0x0000000000022cfe                uip_ds6_route_rm_by_nexthop
                0x0000000000022d0d                uip_ds6_defrt_head
                0x0000000000022d26                uip_ds6_defrt_add
                0x0000000000022de6                uip_ds6_defrt_rm
                0x0000000000022e5c                uip_ds6_defrt_lookup
                0x0000000000022ed3                uip_ds6_defrt_choose
                0x0000000000022f56                uip_ds6_defrt_periodic
 .text          0x0000000000022fd3      0xebc build/cooja/contiki-ng-cooja.a(uip-ds6.o)
                0x0000000000022fd3                uip_ds6_default_prefix
                0x0000000000022fe4                uip_ds6_set_default_prefix
                0x000000000002300c                uip_ds6_init
                0x00000000000232ab                uip_ds6_periodic
                0x000000000002334d                uip_ds6_list_loop
                0x0000000000023436                uip_ds6_prefix_add
                0x0000000000023507                uip_ds6_prefix_rm
                0x0000000000023525                uip_ds6_prefix_lookup
                0x000000000002357c                uip_ds6_is_addr_onlink
                0x0000000000023610                uip_ds6_addr_add
                0x000000000002375b                uip_ds6_addr_rm
                0x0000000000023816                uip_ds6_addr_lookup
                0x000000000002386b                uip_ds6_get_link_local
                0x0000000000023910                uip_ds6_get_global
                0x00000000000239b5                uip_ds6_maddr_add
                0x0000000000023a31                uip_ds6_maddr_rm
                0x0000000000023a4f                uip_ds6_maddr_lookup
                0x0000000000023aa7                uip_ds6_aaddr_add
                0x0000000000023b23                uip_ds6_aaddr_rm
                0x0000000000023b41                uip_ds6_aaddr_lookup
                0x0000000000023b99                uip_ds6_select_src
                0x0000000000023d23                uip_ds6_set_addr_iid
                0x0000000000023d5c                uip_ds6_set_lladdr_from_iid
                0x0000000000023d93                get_match_length
                0x0000000000023e41                uip_ds6_compute_reachable_time
 .text          0x0000000000023e8f      0x1b9 build/cooja/contiki-ng-cooja.a(uip-packetqueue.o)
                0x0000000000023ece                uip_packetqueue_new
                0x0000000000023ee8                uip_packetqueue_alloc
                0x0000000000023f62                uip_packetqueue_free
                0x0000000000023fba                uip_packetqueue_buf
                0x0000000000023fe6                uip_packetqueue_buflen
                0x0000000000024015                uip_packetqueue_set_buflen
 .text          0x0000000000024048     0x3915 build/cooja/contiki-ng-cooja.a(uip6.o)
                0x0000000000024048                uip_add32
                0x0000000000024252                uip_chksum
                0x0000000000024338                uip_icmp6chksum
                0x000000000002434c                uip_tcpchksum
                0x0000000000024360                uip_udpchksum
                0x0000000000024374                uip_init
                0x0000000000024439                uip_connect
                0x00000000000245e3                uip_remove_ext_hdr
                0x00000000000246e4                uip_udp_new
                0x0000000000024850                uip_unlisten
                0x000000000002489f                uip_listen
                0x0000000000024bc1                uip_process
                0x00000000000277e3                uip_htons
                0x0000000000027806                uip_htonl
                0x000000000002784e                uip_send
 .text          0x000000000002795d      0x5b1 build/cooja/contiki-ng-cooja.a(uipbuf.o)
                0x000000000002795d                uipbuf_clear
                0x000000000002798f                uipbuf_add_ext_hdr
                0x0000000000027a27                uipbuf_set_len
                0x0000000000027a59                uipbuf_set_len_field
                0x0000000000027a8c                uipbuf_get_len_field
                0x0000000000027ab7                uipbuf_get_next_header
                0x0000000000027c29                uipbuf_get_last_header
                0x0000000000027cbc                uipbuf_search_header
                0x0000000000027d83                uipbuf_get_attr
                0x0000000000027db4                uipbuf_set_attr
                0x0000000000027df4                uipbuf_set_default_attr
                0x0000000000027e34                uipbuf_clear_attr
                0x0000000000027e5b                uipbuf_set_attr_flag
                0x0000000000027e7e                uipbuf_clr_attr_flag
                0x0000000000027ea7                uipbuf_is_attr_flag
                0x0000000000027ecc                uipbuf_init
 .text          0x0000000000027f0e      0x57d build/cooja/contiki-ng-cooja.a(uiplib.o)
                0x0000000000027f0e                uiplib_ip6addrconv
                0x00000000000280ea                uiplib_ip4addrconv
                0x00000000000281bc                uiplib_ipaddr_print
                0x0000000000028222                uiplib_ipaddr_snprint
 .text          0x000000000002848b      0x66e build/cooja/contiki-ng-cooja.a(rpl.o)
                0x000000000002848b                rpl_lollipop_greater_than
                0x00000000000284ef                rpl_get_global_address
                0x000000000002868f                rpl_link_callback
                0x00000000000286f9                rpl_has_joined
                0x000000000002872c                rpl_is_reachable
                0x00000000000287d2                rpl_reset_prefix
                0x0000000000028849                rpl_set_prefix_from_addr
                0x0000000000028964                rpl_set_prefix
                0x0000000000028ace                rpl_set_leaf_only
                0x0000000000028ae8                rpl_get_leaf_only
 .text          0x0000000000028af9      0x2e0 build/cooja/contiki-ng-cooja.a(json_util.o)
                0x0000000000028af9                findJsonField_String
                0x0000000000028c6b                findJsonField_Number
 .text          0x0000000000028dd9       0x49 build/cooja/contiki-ng-cooja.a(watchdog.o)
                0x0000000000028dd9                watchdog_init
                0x0000000000028de4                watchdog_start
                0x0000000000028def                watchdog_periodic
                0x0000000000028e0c                watchdog_stop
                0x0000000000028e17                watchdog_reboot
 .text          0x0000000000028e22       0x61 build/cooja/contiki-ng-cooja.a(int-master.o)
                0x0000000000028e22                int_master_enable
                0x0000000000028e37                int_master_read_and_disable
                0x0000000000028e57                int_master_status_set
                0x0000000000028e6e                int_master_is_enabled
 .text          0x0000000000028e83      0x125 build/cooja/contiki-ng-cooja.a(stimer.o)
                0x0000000000028e83                stimer_set
                0x0000000000028eb2                stimer_reset
                0x0000000000028eee                stimer_restart
                0x0000000000028f0d                stimer_expired
                0x0000000000028f4f                stimer_remaining
                0x0000000000028f87                stimer_elapsed
 .text          0x0000000000028fa8      0x21a build/cooja/contiki-ng-cooja.a(memb.o)
                0x0000000000028fa8                memb_init
                0x000000000002900b                memb_alloc
                0x0000000000029085                memb_free
                0x0000000000029118                memb_inmemb
                0x000000000002916f                memb_numfree
 .text          0x00000000000291c2      0x19d build/cooja/contiki-ng-cooja.a(ringbuf.o)
                0x00000000000291c2                ringbuf_init
                0x0000000000029203                ringbuf_put
                0x0000000000029292                ringbuf_get
                0x0000000000029310                ringbuf_size
                0x000000000002932c                ringbuf_elements
 .text          0x000000000002935f      0x481 build/cooja/contiki-ng-cooja.a(link-stats.o)
                0x000000000002935f                link_stats_from_lladdr
                0x0000000000029387                link_stats_get_lladdr
                0x00000000000293af                link_stats_is_fresh
                0x00000000000293f7                guess_etx_from_rssi
                0x000000000002947c                link_stats_packet_sent
                0x00000000000295e0                link_stats_input_callback
                0x0000000000029742                link_stats_reset
                0x000000000002979e                link_stats_init
 .text          0x00000000000297e0      0xcb3 build/cooja/contiki-ng-cooja.a(nbr-table.o)
                0x0000000000029c3e                nbr_table_count_entries
                0x0000000000029ce0                nbr_table_gc_get_worst
                0x0000000000029d23                nbr_table_can_accept_new
                0x0000000000029ed8                nbr_table_entry_is_allowed
                0x0000000000029f85                nbr_table_register
                0x000000000002a017                nbr_table_is_registered
                0x000000000002a06e                nbr_table_head
                0x000000000002a0dc                nbr_table_next
                0x000000000002a159                nbr_table_add_lladdr
                0x000000000002a2b9                nbr_table_get_from_lladdr
                0x000000000002a318                nbr_table_remove
                0x000000000002a372                nbr_table_lock
                0x000000000002a3a7                nbr_table_unlock
                0x000000000002a3dc                nbr_table_get_lladdr
                0x000000000002a41f                nbr_table_clear
                0x000000000002a45c                nbr_table_key_head
                0x000000000002a475                nbr_table_key_next
 .text          0x000000000002a493      0x1e0 build/cooja/contiki-ng-cooja.a(mac-sequence.o)
                0x000000000002a493                mac_sequence_is_duplicate
                0x000000000002a574                mac_sequence_register_seqno
 .text          0x000000000002a673      0x451 build/cooja/contiki-ng-cooja.a(framer-802154.o)
                0x000000000002a80e                framer_802154_setup_params
 .text          0x000000000002aac4      0xae3 build/cooja/contiki-ng-cooja.a(csma-output.o)
                0x000000000002b2a6                csma_output_packet
                0x000000000002b56f                csma_output_init
 .text          0x000000000002b5a7       0x3d build/cooja/contiki-ng-cooja.a(csma-security.o)
                0x000000000002b5a7                csma_security_create_frame
                0x000000000002b5cd                csma_security_parse_frame
 .text          0x000000000002b5e4      0x8b7 build/cooja/contiki-ng-cooja.a(uip-icmp6.o)
                0x000000000002b661                uip_icmp6_input
                0x000000000002b6bf                uip_icmp6_register_input_handler
                0x000000000002b851                uip_icmp6_error_output
                0x000000000002bbb6                uip_icmp6_send
                0x000000000002be02                uip_icmp6_echo_reply_callback_add
                0x000000000002be49                uip_icmp6_echo_reply_callback_rm
                0x000000000002be72                uip_icmp6_init
 .text          0x000000000002be9b      0x87f build/cooja/contiki-ng-cooja.a(uip-nd6.o)
                0x000000000002c700                uip_nd6_init
 .text          0x000000000002c71a      0x7e7 build/cooja/contiki-ng-cooja.a(uip-sr.o)
                0x000000000002c71a                uip_sr_num_nodes
                0x000000000002c7c5                uip_sr_get_node
                0x000000000002c82d                uip_sr_is_addr_reachable
                0x000000000002c8f5                uip_sr_expire_parent
                0x000000000002c964                uip_sr_update_node
                0x000000000002cad8                uip_sr_init
                0x000000000002cb0b                uip_sr_node_head
                0x000000000002cb24                uip_sr_node_next
                0x000000000002cb42                uip_sr_periodic
                0x000000000002cc7e                uip_sr_free_all
                0x000000000002ccfd                uip_sr_link_snprint
 .text          0x000000000002cf01      0x35a build/cooja/contiki-ng-cooja.a(rpl-dag-root.o)
                0x000000000002cf01                rpl_dag_root_print_links
                0x000000000002d076                rpl_dag_root_set_prefix
                0x000000000002d0b2                rpl_dag_root_start
                0x000000000002d21b                rpl_dag_root_is_root
 .text          0x000000000002d25b     0x1219 build/cooja/contiki-ng-cooja.a(rpl-dag.o)
                0x000000000002d25b                rpl_dag_state_to_str
                0x000000000002d2b9                rpl_dag_get_root_ipaddr
                0x000000000002d303                rpl_dag_leave
                0x000000000002d3ae                rpl_dag_poison_and_leave
                0x000000000002d3cc                rpl_dag_periodic
                0x000000000002d490                rpl_is_addr_in_our_dag
                0x000000000002d4ec                rpl_get_default_instance
                0x000000000002d513                rpl_get_any_dag
                0x000000000002d580                rpl_refresh_routes
                0x000000000002d5e2                rpl_global_repair
                0x000000000002d6a4                rpl_local_repair
                0x000000000002d706                rpl_dag_ready_to_advertise
                0x000000000002d75e                rpl_dag_update_state
                0x000000000002e021                rpl_process_dio
                0x000000000002e0c3                rpl_process_dis
                0x000000000002e117                rpl_process_dao
                0x000000000002e1c0                rpl_process_dao_ack
                0x000000000002e270                rpl_process_hbh
                0x000000000002e2cf                rpl_dag_init_root
                0x000000000002e450                rpl_dag_init
 .text          0x000000000002e474      0xdef build/cooja/contiki-ng-cooja.a(rpl-ext-header.o)
                0x000000000002e474                rpl_ext_header_srh_get_next_hop
                0x000000000002e585                rpl_ext_header_srh_update
                0x000000000002ec14                rpl_ext_header_hbh_update
                0x000000000002efb4                rpl_ext_header_update
                0x000000000002f05e                rpl_ext_header_remove
 .text          0x000000000002f263     0x16eb build/cooja/contiki-ng-cooja.a(rpl-icmp6.o)
                0x000000000002f3f7                rpl_icmp6_update_nbr_table
                0x000000000002f4ac                rpl_icmp6_dis_output
                0x000000000002fbd0                rpl_icmp6_dio_output
                0x0000000000030500                rpl_icmp6_dao_output
                0x0000000000030871                rpl_icmp6_dao_ack_output
                0x0000000000030907                rpl_icmp6_init
 .text          0x000000000003094e      0x36f build/cooja/contiki-ng-cooja.a(rpl-mrhof.o)
 .text          0x0000000000030cbd       0x8c build/cooja/contiki-ng-cooja.a(rpl-nbr-policy.o)
                0x0000000000030d05                rpl_nbr_gc_get_worst
 .text          0x0000000000030d49      0xadd build/cooja/contiki-ng-cooja.a(rpl-neighbor.o)
                0x0000000000030ddc                rpl_neighbor_snprint
                0x000000000003110a                rpl_neighbor_print_list
                0x00000000000311e1                rpl_neighbor_count
                0x00000000000312cc                rpl_neighbor_get_from_lladdr
                0x00000000000312f7                rpl_neighbor_is_acceptable_parent
                0x0000000000031343                rpl_neighbor_get_link_metric
                0x000000000003138f                rpl_neighbor_rank_via_nbr
                0x00000000000313db                rpl_neighbor_get_lladdr
                0x0000000000031406                rpl_neighbor_get_ipaddr
                0x0000000000031434                rpl_neighbor_get_link_stats
                0x0000000000031462                rpl_neighbor_is_fresh
                0x0000000000031490                rpl_neighbor_is_parent
                0x00000000000314c9                rpl_neighbor_set_preferred_parent
                0x0000000000031580                rpl_neighbor_remove_all
                0x00000000000315e6                rpl_neighbor_get_from_ipaddr
                0x000000000003171f                rpl_neighbor_select_best
                0x00000000000317ff                rpl_neighbor_init
 .text          0x0000000000031826      0xd3d build/cooja/contiki-ng-cooja.a(rpl-timers.o)
                0x0000000000031826                rpl_timers_schedule_periodic_dis
                0x00000000000319dc                rpl_timers_dio_reset
                0x0000000000031b60                rpl_timers_schedule_unicast_dio
                0x0000000000031d47                rpl_timers_schedule_dao
                0x0000000000031e4d                rpl_timers_schedule_dao_ack
                0x0000000000031f12                rpl_timers_notify_dao_ack
                0x0000000000031f87                get_probing_delay
                0x0000000000031fce                get_probing_target
                0x000000000003220c                rpl_schedule_probing
                0x0000000000032253                rpl_schedule_probing_now
                0x00000000000322e1                rpl_timers_unschedule_leaving
                0x000000000003232b                rpl_timers_schedule_leaving
                0x0000000000032389                rpl_timers_init
                0x000000000003243b                rpl_timers_stop_dag_timers
                0x00000000000324dd                rpl_timers_unschedule_state_update
                0x000000000003250a                rpl_timers_schedule_state_update
 .text          0x0000000000032563       0x34 build/cooja/contiki-ng-cooja.a(assert.o)
                0x0000000000032563                _xassert
 .text          0x0000000000032597       0x3a build/cooja/contiki-ng-cooja.a(mac.o)
                0x0000000000032597                mac_call_sent_callback
 .text          0x00000000000325d1      0xca9 build/cooja/contiki-ng-cooja.a(frame802154.o)
                0x00000000000325ff                frame802154_get_pan_id
                0x0000000000032610                frame802154_set_pan_id
                0x000000000003262c                frame802154_has_panid
                0x000000000003280b                frame802154_check_dest_panid
                0x00000000000328a9                frame802154_is_broadcast_addr
                0x0000000000032900                frame802154_extract_linkaddr
                0x0000000000032b9a                frame802154_hdrlen
                0x0000000000032c19                frame802154_create_fcf
                0x0000000000032ceb                frame802154_create
                0x0000000000032e95                frame802154_parse_fcf
                0x0000000000032f8c                frame802154_parse
 .text          0x000000000003327a        0x0 /usr/lib/gcc/x86_64-linux-gnu/11/crtendS.o
 .text          0x000000000003327a        0x0 /usr/lib/gcc/x86_64-linux-gnu/11/../../../x86_64-linux-gnu/crtn.o
 *(.gnu.warning)

.fini           0x000000000003327c        0xd
 *(SORT_NONE(.fini))
 .fini          0x000000000003327c        0x8 /usr/lib/gcc/x86_64-linux-gnu/11/../../../x86_64-linux-gnu/crti.o
                0x000000000003327c                _fini
 .fini          0x0000000000033284        0x5 /usr/lib/gcc/x86_64-linux-gnu/11/../../../x86_64-linux-gnu/crtn.o
                [!provide]                        PROVIDE (__etext = .)
                [!provide]                        PROVIDE (_etext = .)
                [!provide]                        PROVIDE (etext = .)
                0x0000000000034000                . = ALIGN (CONSTANT (MAXPAGESIZE))
                0x0000000000034000                . = SEGMENT_START ("rodata-segment", (ALIGN (CONSTANT (MAXPAGESIZE)) + (. & (CONSTANT (MAXPAGESIZE) - 0x1))))

.rodata         0x0000000000034000      0xfbd
 *(.rodata .rodata.* .gnu.linkonce.r.*)
 .rodata        0x0000000000034000      0x4e9 sensor-light_co2_temp.o
 .rodata        0x00000000000344e9        0x6 build/cooja/contiki-ng-cooja.a(leds-arch.o)
                0x00000000000344e9                leds_arch_leds
 .rodata        0x00000000000344ef        0x4 build/cooja/contiki-ng-cooja.a(pir-sensor.o)
 .rodata        0x00000000000344f3        0x3 build/cooja/contiki-ng-cooja.a(rs232.o)
 .rodata        0x00000000000344f6        0xa build/cooja/contiki-ng-cooja.a(vib-sensor.o)
 .rodata        0x0000000000034500       0x26 build/cooja/contiki-ng-cooja.a(cfs-cooja.o)
 *fill*         0x0000000000034526        0x2 
 .rodata        0x0000000000034528       0x68 build/cooja/contiki-ng-cooja.a(cooja-radio.o)
 .rodata        0x0000000000034590        0x8 build/cooja/contiki-ng-cooja.a(sensors.o)
 .rodata        0x0000000000034598       0x14 build/cooja/contiki-ng-cooja.a(buttons.o)
                0x00000000000345a4                button_hal_button_count
 .rodata        0x00000000000345ac      0x29c build/cooja/contiki-ng-cooja.a(mqtt.o)
 .rodata        0x0000000000034848       0xf4 build/cooja/contiki-ng-cooja.a(contiki-main.o)
 .rodata        0x000000000003493c        0xf build/cooja/contiki-ng-cooja.a(ctimer.o)
 .rodata        0x000000000003494b        0xc build/cooja/contiki-ng-cooja.a(etimer.o)
 *fill*         0x0000000000034957        0x1 
 .rodata        0x0000000000034958       0xc0 build/cooja/contiki-ng-cooja.a(log.o)
 .rodata        0x0000000000034a18       0x13 build/cooja/contiki-ng-cooja.a(button-hal.o)
 .rodata        0x0000000000034a2b        0xe build/cooja/contiki-ng-cooja.a(serial-line.o)
 *fill*         0x0000000000034a39        0x7 
 .rodata        0x0000000000034a40        0x8 build/cooja/contiki-ng-cooja.a(linkaddr.o)
                0x0000000000034a40                linkaddr_null
 *fill*         0x0000000000034a48        0x8 
 .rodata        0x0000000000034a50      0x280 build/cooja/contiki-ng-cooja.a(strformat.o)
 .rodata        0x0000000000034cd0        0x5 build/cooja/contiki-ng-cooja.a(csma.o)
 .rodata        0x0000000000034cd5       0x1d build/cooja/contiki-ng-cooja.a(sicslowpan.o)
                0x0000000000034cd5                unc_llconf
                0x0000000000034cd9                unc_ctxconf
                0x0000000000034cdd                unc_mxconf
                0x0000000000034ce1                llprefix
 .rodata        0x0000000000034cf2       0x13 build/cooja/contiki-ng-cooja.a(tcp-socket.o)
 .rodata        0x0000000000034d05        0xd build/cooja/contiki-ng-cooja.a(tcpip.o)
 *fill*         0x0000000000034d12        0x6 
 .rodata        0x0000000000034d18       0x4c build/cooja/contiki-ng-cooja.a(uip-ds6-route.o)
 .rodata        0x0000000000034d64       0x48 build/cooja/contiki-ng-cooja.a(uip6.o)
 .rodata        0x0000000000034dac       0x2d build/cooja/contiki-ng-cooja.a(uiplib.o)
 .rodata        0x0000000000034dd9        0x9 build/cooja/contiki-ng-cooja.a(rpl.o)
 *fill*         0x0000000000034de2        0x6 
 .rodata        0x0000000000034de8       0x27 build/cooja/contiki-ng-cooja.a(csma-output.o)
 .rodata        0x0000000000034e0f       0x44 build/cooja/contiki-ng-cooja.a(uip-sr.o)
 .rodata        0x0000000000034e53       0xd7 build/cooja/contiki-ng-cooja.a(rpl-dag.o)
 *fill*         0x0000000000034f2a        0x6 
 .rodata        0x0000000000034f30       0x58 build/cooja/contiki-ng-cooja.a(rpl-neighbor.o)
 .rodata        0x0000000000034f88        0xc build/cooja/contiki-ng-cooja.a(rpl-timers.o)
 *fill*         0x0000000000034f94        0x4 
 .rodata        0x0000000000034f98       0x25 build/cooja/contiki-ng-cooja.a(assert.o)

.rodata1
 *(.rodata1)

.eh_frame_hdr   0x0000000000034fc0     0x192c
 *(.eh_frame_hdr)
 .eh_frame_hdr  0x0000000000034fc0     0x192c sensor-light_co2_temp.o
                0x0000000000034fc0                __GNU_EH_FRAME_HDR
 *(.eh_frame_entry .eh_frame_entry.*)

.eh_frame       0x00000000000368f0     0x6518
 *(.eh_frame)
 .eh_frame      0x00000000000368f0       0x40 /usr/lib/gcc/x86_64-linux-gnu/11/../../../x86_64-linux-gnu/crti.o
 .eh_frame      0x0000000000036930       0x18 /usr/lib/gcc/x86_64-linux-gnu/11/../../../x86_64-linux-gnu/crti.o
                                         0x30 (size before relaxing)
 .eh_frame      0x0000000000036948       0x18 /usr/lib/gcc/x86_64-linux-gnu/11/../../../x86_64-linux-gnu/crti.o
                                         0x30 (size before relaxing)
 .eh_frame      0x0000000000036960      0x148 sensor-light_co2_temp.o
                                        0x160 (size before relaxing)
 .eh_frame      0x0000000000036aa8      0x198 build/cooja/mtype929578053.o
                                        0x1b0 (size before relaxing)
 .eh_frame      0x0000000000036c40       0x40 build/cooja/contiki-ng-cooja.a(simEnvChange.o)
                                         0x58 (size before relaxing)
 .eh_frame      0x0000000000036c80       0x60 build/cooja/contiki-ng-cooja.a(cooja_mt.o)
                                         0x78 (size before relaxing)
 .eh_frame      0x0000000000036ce0       0x80 build/cooja/contiki-ng-cooja.a(cooja_mtarch.o)
                                         0x98 (size before relaxing)
 .eh_frame      0x0000000000036d60       0xc0 build/cooja/contiki-ng-cooja.a(rtimer-arch.o)
                                         0xd8 (size before relaxing)
 .eh_frame      0x0000000000036e20      0x160 build/cooja/contiki-ng-cooja.a(beep.o)
                                        0x178 (size before relaxing)
 .eh_frame      0x0000000000036f80       0x80 build/cooja/contiki-ng-cooja.a(leds-arch.o)
                                         0x98 (size before relaxing)
 .eh_frame      0x0000000000037000       0x40 build/cooja/contiki-ng-cooja.a(moteid.o)
                                         0x58 (size before relaxing)
 .eh_frame      0x0000000000037040       0xa0 build/cooja/contiki-ng-cooja.a(pir-sensor.o)
                                         0xb8 (size before relaxing)
 .eh_frame      0x00000000000370e0      0x100 build/cooja/contiki-ng-cooja.a(rs232.o)
                                        0x118 (size before relaxing)
 .eh_frame      0x00000000000371e0       0xa0 build/cooja/contiki-ng-cooja.a(vib-sensor.o)
                                         0xb8 (size before relaxing)
 .eh_frame      0x0000000000037280       0xc0 build/cooja/contiki-ng-cooja.a(clock.o)
                                         0xd8 (size before relaxing)
 .eh_frame      0x0000000000037340      0x100 build/cooja/contiki-ng-cooja.a(cooja-log.o)
                                        0x118 (size before relaxing)
 .eh_frame      0x0000000000037440      0x160 build/cooja/contiki-ng-cooja.a(cfs-cooja.o)
                                        0x178 (size before relaxing)
 .eh_frame      0x00000000000375a0      0x360 build/cooja/contiki-ng-cooja.a(cooja-radio.o)
                                        0x378 (size before relaxing)
 .eh_frame      0x0000000000037900       0xa0 build/cooja/contiki-ng-cooja.a(eeprom.o)
                                         0xb8 (size before relaxing)
 .eh_frame      0x00000000000379a0       0x40 build/cooja/contiki-ng-cooja.a(random.o)
                                         0x58 (size before relaxing)
 .eh_frame      0x00000000000379e0       0xc0 build/cooja/contiki-ng-cooja.a(sensors.o)
                                         0xd8 (size before relaxing)
 .eh_frame      0x0000000000037aa0      0x120 build/cooja/contiki-ng-cooja.a(leds.o)
                                        0x138 (size before relaxing)
 .eh_frame      0x0000000000037bc0      0x220 build/cooja/contiki-ng-cooja.a(gpio-hal-arch.o)
                                        0x238 (size before relaxing)
 .eh_frame      0x0000000000037de0       0xa0 build/cooja/contiki-ng-cooja.a(buttons.o)
                                         0xb8 (size before relaxing)
 .eh_frame      0x0000000000037e80      0x4e0 build/cooja/contiki-ng-cooja.a(mqtt.o)
                                        0x4f8 (size before relaxing)
 .eh_frame      0x0000000000038360       0x20 build/cooja/contiki-ng-cooja.a(contiki-main.o)
                                         0x38 (size before relaxing)
 .eh_frame      0x0000000000038380       0x40 build/cooja/contiki-ng-cooja.a(autostart.o)
                                         0x58 (size before relaxing)
 .eh_frame      0x00000000000383c0      0x100 build/cooja/contiki-ng-cooja.a(ctimer.o)
                                        0x118 (size before relaxing)
 .eh_frame      0x00000000000384c0       0x60 build/cooja/contiki-ng-cooja.a(energest.o)
                                         0x78 (size before relaxing)
 .eh_frame      0x0000000000038520      0x1e0 build/cooja/contiki-ng-cooja.a(etimer.o)
                                        0x1f8 (size before relaxing)
 .eh_frame      0x0000000000038700      0x120 build/cooja/contiki-ng-cooja.a(log.o)
                                        0x138 (size before relaxing)
 .eh_frame      0x0000000000038820       0x20 build/cooja/contiki-ng-cooja.a(node-id.o)
                                         0x38 (size before relaxing)
 .eh_frame      0x0000000000038840      0x1c8 build/cooja/contiki-ng-cooja.a(process.o)
                                        0x1e0 (size before relaxing)
 .eh_frame      0x0000000000038a08       0x60 build/cooja/contiki-ng-cooja.a(rtimer.o)
                                         0x78 (size before relaxing)
 .eh_frame      0x0000000000038a68       0xa0 build/cooja/contiki-ng-cooja.a(timer.o)
                                         0xb8 (size before relaxing)
 .eh_frame      0x0000000000038b08      0x1a0 build/cooja/contiki-ng-cooja.a(list.o)
                                        0x1b8 (size before relaxing)
 .eh_frame      0x0000000000038ca8      0x160 build/cooja/contiki-ng-cooja.a(button-hal.o)
                                        0x178 (size before relaxing)
 .eh_frame      0x0000000000038e08       0xe0 build/cooja/contiki-ng-cooja.a(gpio-hal.o)
                                         0xf8 (size before relaxing)
 .eh_frame      0x0000000000038ee8       0x60 build/cooja/contiki-ng-cooja.a(serial-line.o)
                                         0x78 (size before relaxing)
 .eh_frame      0x0000000000038f48       0x60 build/cooja/contiki-ng-cooja.a(linkaddr.o)
                                         0x78 (size before relaxing)
 .eh_frame      0x0000000000038fa8       0x80 build/cooja/contiki-ng-cooja.a(netstack.o)
                                         0x98 (size before relaxing)
 .eh_frame      0x0000000000039028      0x288 build/cooja/contiki-ng-cooja.a(packetbuf.o)
                                        0x2a0 (size before relaxing)
 .eh_frame      0x00000000000392b0      0x1a0 build/cooja/contiki-ng-cooja.a(queuebuf.o)
                                        0x1b8 (size before relaxing)
 .eh_frame      0x0000000000039450       0x40 build/cooja/contiki-ng-cooja.a(printf.o)
                                         0x58 (size before relaxing)
 .eh_frame      0x0000000000039490       0x20 build/cooja/contiki-ng-cooja.a(putchar.o)
                                         0x38 (size before relaxing)
 .eh_frame      0x00000000000394b0       0x20 build/cooja/contiki-ng-cooja.a(puts.o)
                                         0x38 (size before relaxing)
 .eh_frame      0x00000000000394d0       0x60 build/cooja/contiki-ng-cooja.a(snprintf.o)
                                         0x78 (size before relaxing)
 .eh_frame      0x0000000000039530       0x40 build/cooja/contiki-ng-cooja.a(sprintf.o)
                                         0x58 (size before relaxing)
 .eh_frame      0x0000000000039570      0x120 build/cooja/contiki-ng-cooja.a(strformat.o)
                                        0x138 (size before relaxing)
 .eh_frame      0x0000000000039690       0xe0 build/cooja/contiki-ng-cooja.a(csma.o)
                                         0xf8 (size before relaxing)
 .eh_frame      0x0000000000039770      0x2e0 build/cooja/contiki-ng-cooja.a(sicslowpan.o)
                                        0x2f8 (size before relaxing)
 .eh_frame      0x0000000000039a50      0x248 build/cooja/contiki-ng-cooja.a(tcp-socket.o)
                                        0x260 (size before relaxing)
 .eh_frame      0x0000000000039c98      0x308 build/cooja/contiki-ng-cooja.a(tcpip.o)
                                        0x320 (size before relaxing)
 .eh_frame      0x0000000000039fa0      0x1c0 build/cooja/contiki-ng-cooja.a(uip-ds6-nbr.o)
                                        0x1d8 (size before relaxing)
 .eh_frame      0x000000000003a160      0x240 build/cooja/contiki-ng-cooja.a(uip-ds6-route.o)
                                        0x258 (size before relaxing)
 .eh_frame      0x000000000003a3a0      0x328 build/cooja/contiki-ng-cooja.a(uip-ds6.o)
                                        0x340 (size before relaxing)
 .eh_frame      0x000000000003a6c8       0xe0 build/cooja/contiki-ng-cooja.a(uip-packetqueue.o)
                                         0xf8 (size before relaxing)
 .eh_frame      0x000000000003a7a8      0x2b0 build/cooja/contiki-ng-cooja.a(uip6.o)
                                        0x2c8 (size before relaxing)
 .eh_frame      0x000000000003aa58      0x200 build/cooja/contiki-ng-cooja.a(uipbuf.o)
                                        0x218 (size before relaxing)
 .eh_frame      0x000000000003ac58       0x80 build/cooja/contiki-ng-cooja.a(uiplib.o)
                                         0x98 (size before relaxing)
 .eh_frame      0x000000000003acd8      0x1e0 build/cooja/contiki-ng-cooja.a(rpl.o)
                                        0x1f8 (size before relaxing)
 .eh_frame      0x000000000003aeb8       0x40 build/cooja/contiki-ng-cooja.a(json_util.o)
                                         0x58 (size before relaxing)
 .eh_frame      0x000000000003aef8       0xa0 build/cooja/contiki-ng-cooja.a(watchdog.o)
                                         0xb8 (size before relaxing)
 .eh_frame      0x000000000003af98       0x80 build/cooja/contiki-ng-cooja.a(int-master.o)
                                         0x98 (size before relaxing)
 .eh_frame      0x000000000003b018       0xc0 build/cooja/contiki-ng-cooja.a(stimer.o)
                                         0xd8 (size before relaxing)
 .eh_frame      0x000000000003b0d8       0xa0 build/cooja/contiki-ng-cooja.a(memb.o)
                                         0xb8 (size before relaxing)
 .eh_frame      0x000000000003b178       0xa0 build/cooja/contiki-ng-cooja.a(ringbuf.o)
                                         0xb8 (size before relaxing)
 .eh_frame      0x000000000003b218      0x120 build/cooja/contiki-ng-cooja.a(link-stats.o)
                                        0x138 (size before relaxing)
 .eh_frame      0x000000000003b338      0x3e0 build/cooja/contiki-ng-cooja.a(nbr-table.o)
                                        0x3f8 (size before relaxing)
 .eh_frame      0x000000000003b718       0x48 build/cooja/contiki-ng-cooja.a(mac-sequence.o)
                                         0x60 (size before relaxing)
 .eh_frame      0x000000000003b760       0xa8 build/cooja/contiki-ng-cooja.a(framer-802154.o)
                                         0xc0 (size before relaxing)
 .eh_frame      0x000000000003b808      0x1c8 build/cooja/contiki-ng-cooja.a(csma-output.o)
                                        0x1e0 (size before relaxing)
 .eh_frame      0x000000000003b9d0       0x40 build/cooja/contiki-ng-cooja.a(csma-security.o)
                                         0x58 (size before relaxing)
 .eh_frame      0x000000000003ba10      0x148 build/cooja/contiki-ng-cooja.a(uip-icmp6.o)
                                        0x160 (size before relaxing)
 .eh_frame      0x000000000003bb58       0x80 build/cooja/contiki-ng-cooja.a(uip-nd6.o)
                                         0x98 (size before relaxing)
 .eh_frame      0x000000000003bbd8      0x180 build/cooja/contiki-ng-cooja.a(uip-sr.o)
                                        0x198 (size before relaxing)
 .eh_frame      0x000000000003bd58       0xa0 build/cooja/contiki-ng-cooja.a(rpl-dag-root.o)
                                         0xb8 (size before relaxing)
 .eh_frame      0x000000000003bdf8      0x360 build/cooja/contiki-ng-cooja.a(rpl-dag.o)
                                        0x378 (size before relaxing)
 .eh_frame      0x000000000003c158      0x128 build/cooja/contiki-ng-cooja.a(rpl-ext-header.o)
                                        0x140 (size before relaxing)
 .eh_frame      0x000000000003c280      0x1c0 build/cooja/contiki-ng-cooja.a(rpl-icmp6.o)
                                        0x1d8 (size before relaxing)
 .eh_frame      0x000000000003c440      0x148 build/cooja/contiki-ng-cooja.a(rpl-mrhof.o)
                                        0x160 (size before relaxing)
 .eh_frame      0x000000000003c588       0x40 build/cooja/contiki-ng-cooja.a(rpl-nbr-policy.o)
                                         0x58 (size before relaxing)
 .eh_frame      0x000000000003c5c8      0x2b0 build/cooja/contiki-ng-cooja.a(rpl-neighbor.o)
                                        0x2c8 (size before relaxing)
 .eh_frame      0x000000000003c878      0x3a8 build/cooja/contiki-ng-cooja.a(rpl-timers.o)
                                        0x3c0 (size before relaxing)
 .eh_frame      0x000000000003cc20       0x20 build/cooja/contiki-ng-cooja.a(assert.o)
                                         0x38 (size before relaxing)
 .eh_frame      0x000000000003cc40       0x20 build/cooja/contiki-ng-cooja.a(mac.o)
                                         0x38 (size before relaxing)
 .eh_frame      0x000000000003cc60      0x1a4 build/cooja/contiki-ng-cooja.a(frame802154.o)
                                        0x1c0 (size before relaxing)
 .eh_frame      0x000000000003ce04        0x4 /usr/lib/gcc/x86_64-linux-gnu/11/crtendS.o
 *(.eh_frame.*)

.gcc_except_table
 *(.gcc_except_table .gcc_except_table.*)

.gnu_extab
 *(.gnu_extab*)

.exception_ranges
 *(.exception_ranges*)
                0x000000000003e6f0                . = DATA_SEGMENT_ALIGN (CONSTANT (MAXPAGESIZE), CONSTANT (COMMONPAGESIZE))

.eh_frame
 *(.eh_frame)
 *(.eh_frame.*)

.gnu_extab
 *(.gnu_extab)

.gcc_except_table
 *(.gcc_except_table .gcc_except_table.*)

.exception_ranges
 *(.exception_ranges*)

.tdata
 *(.tdata .tdata.* .gnu.linkonce.td.*)

.tbss
 *(.tbss .tbss.* .gnu.linkonce.tb.*)
 *(.tcommon)

.preinit_array
 *(.preinit_array)

.init_array     0x000000000003e6f0        0x8
 *(SORT_BY_INIT_PRIORITY(.init_array.*) SORT_BY_INIT_PRIORITY(.ctors.*))
 *(.init_array EXCLUDE_FILE(*crtend?.o *crtend.o *crtbegin?.o *crtbegin.o) .ctors)
 .init_array    0x000000000003e6f0        0x8 /usr/lib/gcc/x86_64-linux-gnu/11/crtbeginS.o

.fini_array     0x000000000003e6f8        0x8
 *(SORT_BY_INIT_PRIORITY(.fini_array.*) SORT_BY_INIT_PRIORITY(.dtors.*))
 *(.fini_array EXCLUDE_FILE(*crtend?.o *crtend.o *crtbegin?.o *crtbegin.o) .dtors)
 .fini_array    0x000000000003e6f8        0x8 /usr/lib/gcc/x86_64-linux-gnu/11/crtbeginS.o

.ctors
 *crtbegin.o(.ctors)
 *crtbegin?.o(.ctors)
 *(EXCLUDE_FILE(*crtend?.o *crtend.o) .ctors)
 *(SORT_BY_NAME(.ctors.*))
 *(.ctors)

.dtors
 *crtbegin.o(.dtors)
 *crtbegin?.o(.dtors)
 *(EXCLUDE_FILE(*crtend?.o *crtend.o) .dtors)
 *(SORT_BY_NAME(.dtors.*))
 *(.dtors)

.jcr
 *(.jcr)

.data.rel.ro    0x000000000003e700      0x350
 *(.data.rel.ro.local* .gnu.linkonce.d.rel.ro.local.*)
 .data.rel.ro.local
                0x000000000003e700       0x10 build/cooja/contiki-ng-cooja.a(beep.o)
                0x000000000003e700                beep_interface
 .data.rel.ro.local
                0x000000000003e710       0x10 build/cooja/contiki-ng-cooja.a(leds-arch.o)
                0x000000000003e710                leds_interface
 .data.rel.ro.local
                0x000000000003e720       0x10 build/cooja/contiki-ng-cooja.a(moteid.o)
                0x000000000003e720                moteid_interface
 *fill*         0x000000000003e730       0x10 
 .data.rel.ro.local
                0x000000000003e740       0x40 build/cooja/contiki-ng-cooja.a(pir-sensor.o)
                0x000000000003e740                pir_interface
                0x000000000003e760                pir_sensor
 .data.rel.ro.local
                0x000000000003e780       0x10 build/cooja/contiki-ng-cooja.a(rs232.o)
                0x000000000003e780                rs232_interface
 *fill*         0x000000000003e790       0x10 
 .data.rel.ro.local
                0x000000000003e7a0       0x40 build/cooja/contiki-ng-cooja.a(vib-sensor.o)
                0x000000000003e7a0                vib_interface
                0x000000000003e7c0                vib_sensor
 .data.rel.ro.local
                0x000000000003e7e0       0x10 build/cooja/contiki-ng-cooja.a(clock.o)
                0x000000000003e7e0                clock_interface
 .data.rel.ro.local
                0x000000000003e7f0       0x10 build/cooja/contiki-ng-cooja.a(cooja-log.o)
                0x000000000003e7f0                simlog_interface
 .data.rel.ro.local
                0x000000000003e800       0x10 build/cooja/contiki-ng-cooja.a(cfs-cooja.o)
                0x000000000003e800                cfs_interface
 *fill*         0x000000000003e810       0x10 
 .data.rel.ro.local
                0x000000000003e820       0x90 build/cooja/contiki-ng-cooja.a(cooja-radio.o)
                0x000000000003e820                radio_interface
                0x000000000003e840                cooja_radio_driver
 .data.rel.ro.local
                0x000000000003e8b0       0x10 build/cooja/contiki-ng-cooja.a(eeprom.o)
                0x000000000003e8b0                eeprom_interface
 .data.rel.ro.local
                0x000000000003e8c0       0x40 build/cooja/contiki-ng-cooja.a(buttons.o)
                0x000000000003e8c0                button_interface
                0x000000000003e8e0                button_sensor
 .data.rel.ro.local
                0x000000000003e900       0x38 build/cooja/contiki-ng-cooja.a(csma.o)
                0x000000000003e900                csma_driver
 *fill*         0x000000000003e938        0x8 
 .data.rel.ro.local
                0x000000000003e940       0x18 build/cooja/contiki-ng-cooja.a(framer-802154.o)
                0x000000000003e940                framer_802154
 *(.data.rel.ro .data.rel.ro.* .gnu.linkonce.d.rel.ro.*)
 .data.rel.ro   0x000000000003e958        0x0 /usr/lib/gcc/x86_64-linux-gnu/11/../../../x86_64-linux-gnu/crti.o
 *fill*         0x000000000003e958        0x8 
 .data.rel.ro   0x000000000003e960       0x10 sensor-light_co2_temp.o
                0x000000000003e960                autostart_processes
 *fill*         0x000000000003e970       0x10 
 .data.rel.ro   0x000000000003e980       0x20 build/cooja/contiki-ng-cooja.a(sicslowpan.o)
                0x000000000003e980                sicslowpan_driver
 .data.rel.ro   0x000000000003e9a0       0xa8 build/cooja/contiki-ng-cooja.a(rpl.o)
                0x000000000003e9a0                rpl_lite_driver
 .data.rel.ro   0x000000000003ea48        0x8 build/cooja/contiki-ng-cooja.a(rpl-dag.o)

.dynamic        0x000000000003ea50      0x1c0
 *(.dynamic)
 .dynamic       0x000000000003ea50      0x1c0 /usr/lib/gcc/x86_64-linux-gnu/11/../../../x86_64-linux-gnu/crti.o
                0x000000000003ea50                _DYNAMIC

.got            0x000000000003ec10      0x3f0
 *(.got)
 .got           0x000000000003ec10      0x3f0 /usr/lib/gcc/x86_64-linux-gnu/11/../../../x86_64-linux-gnu/crti.o
 *(.igot)
                0x000000000003ffe8                . = DATA_SEGMENT_RELRO_END (., (SIZEOF (.got.plt) >= 0x18)?0x18:0x0)

.got.plt        0x000000000003f000      0xbe8
 *(.got.plt)
 .got.plt       0x000000000003f000      0xbe8 /usr/lib/gcc/x86_64-linux-gnu/11/../../../x86_64-linux-gnu/crti.o
                0x000000000003f000                _GLOBAL_OFFSET_TABLE_
 *(.igot.plt)

.data           0x000000000003fc00      0x832
 *(.data .data.* .gnu.linkonce.d.*)
 .data          0x000000000003fc00        0x0 /usr/lib/gcc/x86_64-linux-gnu/11/../../../x86_64-linux-gnu/crti.o
 .data          0x000000000003fc00        0x0 /usr/lib/gcc/x86_64-linux-gnu/11/crtbeginS.o
 .data.rel.local
                0x000000000003fc00        0x8 /usr/lib/gcc/x86_64-linux-gnu/11/crtbeginS.o
                0x000000000003fc00                __dso_handle
 .data          0x000000000003fc08       0x38 sensor-light_co2_temp.o
 .data.rel.local
                0x000000000003fc40       0x40 sensor-light_co2_temp.o
                0x000000000003fc60                sensor_co2_light_temp
 .data          0x000000000003fc80        0x0 build/cooja/mtype929578053.o
 .data.rel      0x000000000003fc80       0xa0 build/cooja/mtype929578053.o
                0x000000000003fc80                simInterfaces
                0x000000000003fd00                sensors
 .data          0x000000000003fd20        0x0 build/cooja/contiki-ng-cooja.a(simEnvChange.o)
 .data          0x000000000003fd20        0x0 build/cooja/contiki-ng-cooja.a(cooja_mt.o)
 .data          0x000000000003fd20        0x0 build/cooja/contiki-ng-cooja.a(cooja_mtarch.o)
 .data          0x000000000003fd20        0x0 build/cooja/contiki-ng-cooja.a(rtimer-arch.o)
 .data          0x000000000003fd20        0x0 build/cooja/contiki-ng-cooja.a(beep.o)
 .data          0x000000000003fd20        0x0 build/cooja/contiki-ng-cooja.a(leds-arch.o)
 .data          0x000000000003fd20        0x0 build/cooja/contiki-ng-cooja.a(moteid.o)
 .data          0x000000000003fd20        0x0 build/cooja/contiki-ng-cooja.a(pir-sensor.o)
 .data          0x000000000003fd20        0x0 build/cooja/contiki-ng-cooja.a(rs232.o)
 .data          0x000000000003fd20        0x0 build/cooja/contiki-ng-cooja.a(vib-sensor.o)
 .data          0x000000000003fd20        0x0 build/cooja/contiki-ng-cooja.a(clock.o)
 .data          0x000000000003fd20        0x0 build/cooja/contiki-ng-cooja.a(cooja-log.o)
 .data          0x000000000003fd20        0x0 build/cooja/contiki-ng-cooja.a(cfs-cooja.o)
 .data          0x000000000003fd20       0x20 build/cooja/contiki-ng-cooja.a(cooja-radio.o)
                0x000000000003fd20                simRadioHWOn
                0x000000000003fd24                simSignalStrength
                0x000000000003fd28                simLastSignalStrength
                0x000000000003fd2c                simPower
                0x000000000003fd30                simRadioChannel
                0x000000000003fd34                simLQI
                0x000000000003fd38                simLastLQI
 .data.rel.local
                0x000000000003fd40       0x20 build/cooja/contiki-ng-cooja.a(cooja-radio.o)
                0x000000000003fd40                cooja_radio_process
 .data          0x000000000003fd60        0x0 build/cooja/contiki-ng-cooja.a(eeprom.o)
 .data          0x000000000003fd60        0x0 build/cooja/contiki-ng-cooja.a(random.o)
 .data          0x000000000003fd60        0x0 build/cooja/contiki-ng-cooja.a(sensors.o)
 .data.rel.local
                0x000000000003fd60       0x20 build/cooja/contiki-ng-cooja.a(sensors.o)
                0x000000000003fd60                sensors_process
 .data          0x000000000003fd80        0x0 build/cooja/contiki-ng-cooja.a(leds.o)
 .data          0x000000000003fd80        0x0 build/cooja/contiki-ng-cooja.a(gpio-hal-arch.o)
 .data          0x000000000003fd80        0x1 build/cooja/contiki-ng-cooja.a(buttons.o)
                0x000000000003fd80                simButtonIsActive
 *fill*         0x000000000003fd81       0x1f 
 .data.rel.local
                0x000000000003fda0       0xb0 build/cooja/contiki-ng-cooja.a(buttons.o)
                0x000000000003fe40                button_hal_buttons
 .data          0x000000000003fe50        0x0 build/cooja/contiki-ng-cooja.a(mqtt.o)
 *fill*         0x000000000003fe50       0x10 
 .data.rel.local
                0x000000000003fe60       0x40 build/cooja/contiki-ng-cooja.a(mqtt.o)
                0x000000000003fe80                mqtt_process
 .data          0x000000000003fea0        0x0 build/cooja/contiki-ng-cooja.a(contiki-main.o)
 .data          0x000000000003fea0        0x0 build/cooja/contiki-ng-cooja.a(autostart.o)
 .data          0x000000000003fea0        0x0 build/cooja/contiki-ng-cooja.a(ctimer.o)
 .data.rel.local
                0x000000000003fea0       0x40 build/cooja/contiki-ng-cooja.a(ctimer.o)
                0x000000000003fec0                ctimer_process
 .data          0x000000000003fee0        0x0 build/cooja/contiki-ng-cooja.a(energest.o)
 .data          0x000000000003fee0        0x0 build/cooja/contiki-ng-cooja.a(etimer.o)
 .data.rel.local
                0x000000000003fee0       0x20 build/cooja/contiki-ng-cooja.a(etimer.o)
                0x000000000003fee0                etimer_process
 .data          0x000000000003ff00        0x4 build/cooja/contiki-ng-cooja.a(log.o)
                0x000000000003ff00                curr_log_level_main
 *fill*         0x000000000003ff04       0x1c 
 .data.rel      0x000000000003ff20      0x138 build/cooja/contiki-ng-cooja.a(log.o)
                0x000000000003ff20                all_modules
 .data          0x0000000000040058        0x0 build/cooja/contiki-ng-cooja.a(node-id.o)
 .data          0x0000000000040058        0x0 build/cooja/contiki-ng-cooja.a(process.o)
 .data          0x0000000000040058        0x0 build/cooja/contiki-ng-cooja.a(rtimer.o)
 .data          0x0000000000040058        0x0 build/cooja/contiki-ng-cooja.a(timer.o)
 .data          0x0000000000040058        0x0 build/cooja/contiki-ng-cooja.a(list.o)
 .data          0x0000000000040058        0x0 build/cooja/contiki-ng-cooja.a(button-hal.o)
 *fill*         0x0000000000040058        0x8 
 .data.rel.local
                0x0000000000040060       0x20 build/cooja/contiki-ng-cooja.a(button-hal.o)
                0x0000000000040060                button_hal_process
 .data          0x0000000000040080        0x0 build/cooja/contiki-ng-cooja.a(gpio-hal.o)
 .data.rel.local
                0x0000000000040080        0x8 build/cooja/contiki-ng-cooja.a(gpio-hal.o)
 .data          0x0000000000040088        0x0 build/cooja/contiki-ng-cooja.a(serial-line.o)
 *fill*         0x0000000000040088       0x18 
 .data.rel.local
                0x00000000000400a0       0x20 build/cooja/contiki-ng-cooja.a(serial-line.o)
                0x00000000000400a0                serial_line_process
 .data          0x00000000000400c0        0x0 build/cooja/contiki-ng-cooja.a(linkaddr.o)
 .data          0x00000000000400c0        0x0 build/cooja/contiki-ng-cooja.a(netstack.o)
 .data.rel.local
                0x00000000000400c0        0x8 build/cooja/contiki-ng-cooja.a(netstack.o)
 .data          0x00000000000400c8        0x0 build/cooja/contiki-ng-cooja.a(packetbuf.o)
 .data.rel.local
                0x00000000000400c8        0x8 build/cooja/contiki-ng-cooja.a(packetbuf.o)
 .data          0x00000000000400d0        0x0 build/cooja/contiki-ng-cooja.a(queuebuf.o)
 .data.rel.local
                0x00000000000400d0       0x38 build/cooja/contiki-ng-cooja.a(queuebuf.o)
 .data          0x0000000000040108        0x0 build/cooja/contiki-ng-cooja.a(printf.o)
 *fill*         0x0000000000040108        0x8 
 .data.rel.local
                0x0000000000040110       0x10 build/cooja/contiki-ng-cooja.a(printf.o)
 .data          0x0000000000040120        0x0 build/cooja/contiki-ng-cooja.a(putchar.o)
 .data          0x0000000000040120        0x0 build/cooja/contiki-ng-cooja.a(puts.o)
 .data          0x0000000000040120        0x0 build/cooja/contiki-ng-cooja.a(snprintf.o)
 .data          0x0000000000040120        0x0 build/cooja/contiki-ng-cooja.a(sprintf.o)
 .data          0x0000000000040120        0x0 build/cooja/contiki-ng-cooja.a(strformat.o)
 .data          0x0000000000040120        0x0 build/cooja/contiki-ng-cooja.a(csma.o)
 .data          0x0000000000040120        0x0 build/cooja/contiki-ng-cooja.a(sicslowpan.o)
 .data          0x0000000000040120        0x0 build/cooja/contiki-ng-cooja.a(tcp-socket.o)
 .data.rel.local
                0x0000000000040120       0x40 build/cooja/contiki-ng-cooja.a(tcp-socket.o)
                0x0000000000040140                tcp_socket_process
 .data          0x0000000000040160        0x0 build/cooja/contiki-ng-cooja.a(tcpip.o)
 .data.rel.local
                0x0000000000040160       0x20 build/cooja/contiki-ng-cooja.a(tcpip.o)
                0x0000000000040160                tcpip_process
 .data          0x0000000000040180        0x0 build/cooja/contiki-ng-cooja.a(uip-ds6-nbr.o)
 .data.rel.local
                0x0000000000040180       0x20 build/cooja/contiki-ng-cooja.a(uip-ds6-nbr.o)
 .data          0x00000000000401a0        0x0 build/cooja/contiki-ng-cooja.a(uip-ds6-route.o)
 .data.rel.local
                0x00000000000401a0       0x28 build/cooja/contiki-ng-cooja.a(uip-ds6-route.o)
 .data          0x00000000000401c8        0x0 build/cooja/contiki-ng-cooja.a(uip-ds6.o)
 .data          0x00000000000401c8        0x0 build/cooja/contiki-ng-cooja.a(uip-packetqueue.o)
 *fill*         0x00000000000401c8        0x8 
 .data.rel.local
                0x00000000000401d0       0x18 build/cooja/contiki-ng-cooja.a(uip-packetqueue.o)
 .data          0x00000000000401e8        0x0 build/cooja/contiki-ng-cooja.a(uip6.o)
 .data          0x00000000000401e8        0x0 build/cooja/contiki-ng-cooja.a(uipbuf.o)
 .data          0x00000000000401e8        0x0 build/cooja/contiki-ng-cooja.a(uiplib.o)
 .data          0x00000000000401e8        0x0 build/cooja/contiki-ng-cooja.a(rpl.o)
 .data          0x00000000000401e8        0x0 build/cooja/contiki-ng-cooja.a(json_util.o)
 .data          0x00000000000401e8        0x0 build/cooja/contiki-ng-cooja.a(watchdog.o)
 .data          0x00000000000401e8        0x0 build/cooja/contiki-ng-cooja.a(int-master.o)
 .data          0x00000000000401e8        0x0 build/cooja/contiki-ng-cooja.a(stimer.o)
 .data          0x00000000000401e8        0x0 build/cooja/contiki-ng-cooja.a(memb.o)
 .data          0x00000000000401e8        0x0 build/cooja/contiki-ng-cooja.a(ringbuf.o)
 .data          0x00000000000401e8        0x0 build/cooja/contiki-ng-cooja.a(link-stats.o)
 *fill*         0x00000000000401e8        0x8 
 .data.rel.local
                0x00000000000401f0       0x20 build/cooja/contiki-ng-cooja.a(link-stats.o)
 .data          0x0000000000040210        0x0 build/cooja/contiki-ng-cooja.a(nbr-table.o)
 .data.rel.local
                0x0000000000040210       0x20 build/cooja/contiki-ng-cooja.a(nbr-table.o)
 .data          0x0000000000040230        0x0 build/cooja/contiki-ng-cooja.a(mac-sequence.o)
 .data          0x0000000000040230        0x0 build/cooja/contiki-ng-cooja.a(framer-802154.o)
 .data          0x0000000000040230        0x0 build/cooja/contiki-ng-cooja.a(csma-output.o)
 .data.rel.local
                0x0000000000040230       0x60 build/cooja/contiki-ng-cooja.a(csma-output.o)
 .data          0x0000000000040290        0x0 build/cooja/contiki-ng-cooja.a(csma-security.o)
 .data          0x0000000000040290        0x0 build/cooja/contiki-ng-cooja.a(uip-icmp6.o)
 .data.rel.local
                0x0000000000040290       0x48 build/cooja/contiki-ng-cooja.a(uip-icmp6.o)
 .data          0x00000000000402d8        0x0 build/cooja/contiki-ng-cooja.a(uip-nd6.o)
 *fill*         0x00000000000402d8        0x8 
 .data.rel.local
                0x00000000000402e0       0x18 build/cooja/contiki-ng-cooja.a(uip-nd6.o)
 .data          0x00000000000402f8        0x0 build/cooja/contiki-ng-cooja.a(uip-sr.o)
 *fill*         0x00000000000402f8        0x8 
 .data.rel.local
                0x0000000000040300       0x28 build/cooja/contiki-ng-cooja.a(uip-sr.o)
 .data          0x0000000000040328        0x0 build/cooja/contiki-ng-cooja.a(rpl-dag-root.o)
 .data          0x0000000000040328        0x0 build/cooja/contiki-ng-cooja.a(rpl-dag.o)
 .data          0x0000000000040328        0x0 build/cooja/contiki-ng-cooja.a(rpl-ext-header.o)
 .data          0x0000000000040328        0x0 build/cooja/contiki-ng-cooja.a(rpl-icmp6.o)
 *fill*         0x0000000000040328        0x8 
 .data.rel.local
                0x0000000000040330       0x78 build/cooja/contiki-ng-cooja.a(rpl-icmp6.o)
 .data          0x00000000000403a8        0x0 build/cooja/contiki-ng-cooja.a(rpl-mrhof.o)
 *fill*         0x00000000000403a8       0x18 
 .data.rel.local
                0x00000000000403c0       0x48 build/cooja/contiki-ng-cooja.a(rpl-mrhof.o)
                0x00000000000403c0                rpl_mrhof
 .data          0x0000000000040408        0x0 build/cooja/contiki-ng-cooja.a(rpl-nbr-policy.o)
 .data          0x0000000000040408        0x0 build/cooja/contiki-ng-cooja.a(rpl-neighbor.o)
 *fill*         0x0000000000040408        0x8 
 .data.rel.local
                0x0000000000040410       0x20 build/cooja/contiki-ng-cooja.a(rpl-neighbor.o)
                0x0000000000040428                rpl_neighbors
 .data          0x0000000000040430        0x0 build/cooja/contiki-ng-cooja.a(rpl-timers.o)
 .data          0x0000000000040430        0x0 build/cooja/contiki-ng-cooja.a(assert.o)
 .data          0x0000000000040430        0x0 build/cooja/contiki-ng-cooja.a(mac.o)
 .data          0x0000000000040430        0x2 build/cooja/contiki-ng-cooja.a(frame802154.o)
 .data          0x0000000000040432        0x0 /usr/lib/gcc/x86_64-linux-gnu/11/crtendS.o
 .data          0x0000000000040432        0x0 /usr/lib/gcc/x86_64-linux-gnu/11/../../../x86_64-linux-gnu/crtn.o

.tm_clone_table
                0x0000000000040438        0x0
 .tm_clone_table
                0x0000000000040438        0x0 /usr/lib/gcc/x86_64-linux-gnu/11/crtbeginS.o
 .tm_clone_table
                0x0000000000040438        0x0 /usr/lib/gcc/x86_64-linux-gnu/11/crtendS.o

.data1
 *(.data1)
                [!provide]                        PROVIDE (_edata = .)
                [!provide]                        PROVIDE (edata = .)
                0x0000000000040438                . = .
                [!provide]                        PROVIDE (__bss_start = .)

.bss            0x0000000000040440    0x182c0
 *(.dynbss)
 .dynbss        0x0000000000040440        0x0 /usr/lib/gcc/x86_64-linux-gnu/11/../../../x86_64-linux-gnu/crti.o
 *(.bss .bss.* .gnu.linkonce.b.*)
 .bss           0x0000000000040440        0x0 /usr/lib/gcc/x86_64-linux-gnu/11/../../../x86_64-linux-gnu/crti.o
 .bss           0x0000000000040440        0x1 /usr/lib/gcc/x86_64-linux-gnu/11/crtbeginS.o
 *fill*         0x0000000000040441       0x1f 
 .bss           0x0000000000040460      0xc10 sensor-light_co2_temp.o
 *fill*         0x0000000000041070       0x10 
 .bss           0x0000000000041080     0x4060 build/cooja/mtype929578053.o
                0x0000000000041080                sensors_flags
                0x0000000000041088                referenceVar
 .bss           0x00000000000450e0       0x18 build/cooja/contiki-ng-cooja.a(simEnvChange.o)
                0x00000000000450e0                simDontFallAsleep
                0x00000000000450e4                simProcessRunValue
                0x00000000000450e8                simEtimerPending
                0x00000000000450f0                simEtimerNextExpirationTime
 .bss           0x00000000000450f8        0x8 build/cooja/contiki-ng-cooja.a(cooja_mt.o)
 .bss           0x0000000000045100        0x8 build/cooja/contiki-ng-cooja.a(cooja_mtarch.o)
 .bss           0x0000000000045108       0x18 build/cooja/contiki-ng-cooja.a(rtimer-arch.o)
                0x0000000000045108                simRtimerPending
                0x0000000000045110                simRtimerNextExpirationTime
                0x0000000000045118                simRtimerCurrentTicks
 .bss           0x0000000000045120        0x1 build/cooja/contiki-ng-cooja.a(beep.o)
                0x0000000000045120                simBeeped
 .bss           0x0000000000045121        0x1 build/cooja/contiki-ng-cooja.a(leds-arch.o)
                0x0000000000045121                simLedsValue
 *fill*         0x0000000000045122        0x2 
 .bss           0x0000000000045124        0xc build/cooja/contiki-ng-cooja.a(moteid.o)
                0x0000000000045124                simMoteID
                0x0000000000045128                simMoteIDChanged
                0x000000000004512c                simRandomSeed
 .bss           0x0000000000045130        0x3 build/cooja/contiki-ng-cooja.a(pir-sensor.o)
                0x0000000000045130                simPirChanged
                0x0000000000045131                simPirIsActive
                0x0000000000045132                simPirValue
 *fill*         0x0000000000045133        0xd 
 .bss           0x0000000000045140      0x810 build/cooja/contiki-ng-cooja.a(rs232.o)
                0x0000000000045140                simSerialReceivingData
                0x0000000000045940                simSerialReceivingLength
                0x0000000000045944                simSerialReceivingFlag
 .bss           0x0000000000045950        0x3 build/cooja/contiki-ng-cooja.a(vib-sensor.o)
                0x0000000000045950                simVibChanged
                0x0000000000045951                simVibIsActive
                0x0000000000045952                simVibValue
 *fill*         0x0000000000045953        0x5 
 .bss           0x0000000000045958        0x8 build/cooja/contiki-ng-cooja.a(clock.o)
                0x0000000000045958                simCurrentTime
 .bss           0x0000000000045960     0x200d build/cooja/contiki-ng-cooja.a(cooja-log.o)
                0x0000000000045960                simLoggedData
                0x0000000000047960                simLoggedLength
                0x0000000000047964                simLoggedFlag
 *fill*         0x000000000004796d       0x13 
 .bss           0x0000000000047980      0xfc0 build/cooja/contiki-ng-cooja.a(cfs-cooja.o)
                0x0000000000047980                simCFSData
                0x0000000000048920                simCFSSize
                0x0000000000048924                simCFSChanged
                0x0000000000048928                simCFSRead
                0x000000000004892c                simCFSWritten
 .bss           0x0000000000048940      0x15c build/cooja/contiki-ng-cooja.a(cooja-radio.o)
                0x0000000000048940                simReceiving
                0x0000000000048960                simInDataBuffer
                0x00000000000489e0                simInSize
                0x00000000000489e8                simLastPacketTimestamp
                0x0000000000048a00                simOutDataBuffer
                0x0000000000048a80                simOutSize
 *fill*         0x0000000000048a9c        0x4 
 .bss           0x0000000000048aa0      0x40c build/cooja/contiki-ng-cooja.a(eeprom.o)
                0x0000000000048aa0                simEEPROMData
                0x0000000000048ea0                simEEPROMChanged
                0x0000000000048ea4                simEEPROMRead
                0x0000000000048ea8                simEEPROMWritten
 .bss           0x0000000000048eac        0x0 build/cooja/contiki-ng-cooja.a(random.o)
 .bss           0x0000000000048eac        0xc build/cooja/contiki-ng-cooja.a(sensors.o)
                0x0000000000048eac                sensors_event
 .bss           0x0000000000048eb8        0x0 build/cooja/contiki-ng-cooja.a(leds.o)
 *fill*         0x0000000000048eb8        0x8 